#
# A fatal error has been detected by the Java Runtime Environment:
#
#  EXCEPTION_ACCESS_VIOLATION (0xc0000005) at pc=0x00007ffa1d9ea5d7, pid=25284, tid=23380
#
# JRE version: OpenJDK Runtime Environment (25.0.1+8) (build 25.0.1+8-27)
# Java VM: OpenJDK 64-Bit Server VM (25.0.1+8-27, mixed mode, sharing, tiered, compressed oops, compressed class ptrs, g1 gc, windows-amd64)
# Problematic frame:
# C  [glass.dll+0x2a5d7]
#
# No core dump will be written. Minidumps are not enabled by default on client versions of Windows
#
# If you would like to submit a bug report, please visit:
#   https://bugreport.java.com/bugreport/crash.jsp
#

---------------  S U M M A R Y ------------

Command Line: --module-path=C:\javafx-sdk-25.0.1\lib --add-modules=javafx.controls,javafx.fxml -javaagent:C:\Program Files\JetBrains\IntelliJ IDEA 2025.2.4\lib\idea_rt.jar=56363 -Dfile.encoding=UTF-8 -Dsun.stdout.encoding=UTF-8 -Dsun.stderr.encoding=UTF-8 Main

Host: 11th Gen Intel(R) Core(TM) i3-1115G4 @ 3.00GHz, 4 cores, 7G,  Windows 11 , 64 bit Build 26100 (10.0.26100.6725)
Time: Wed Dec 24 13:30:20 2025 SE Asia Standard Time elapsed time: 144.188431 seconds (0d 0h 2m 24s)

---------------  T H R E A D  ---------------

Current thread (0x0000021df70e2180):  VMThread "VM Thread"          [id=23380, stack(0x00000022cde00000,0x00000022cdf00000) (1024K)]

Stack: [0x00000022cde00000,0x00000022cdf00000],  sp=0x00000022cdefeb90,  free space=1018k
Native frames: (J=compiled Java code, j=interpreted, Vv=VM code, C=native code)
C  [glass.dll+0x2a5d7]  (no source info available)
C  [ucrtbase.dll+0x4bc75]  (no source info available)
C  [ucrtbase.dll+0x4b897]  (no source info available)
C  [ucrtbase.dll+0x4b84d]  (no source info available)
C  [glass.dll+0x27b65]  (no source info available)
C  [glass.dll+0x27c81]  (no source info available)
C  [ntdll.dll+0x15f89e]  (no source info available)
C  [ntdll.dll+0xbcae]  (no source info available)
C  [ntdll.dll+0x8d4af]  (no source info available)
C  [ntdll.dll+0x8c67e]  (no source info available)
C  [KERNEL32.DLL+0x418ab]  (no source info available)
C  [ucrtbase.dll+0xa0093]  (no source info available)
V  [jvm.dll+0x79eb3a]  (no source info available)
V  [jvm.dll+0x79f001]  (no source info available)
V  [jvm.dll+0x79eb20]  (no source info available)
V  [jvm.dll+0x47a184]  (no source info available)
V  [jvm.dll+0x96f091]  (no source info available)
V  [jvm.dll+0x9703ad]  (no source info available)
V  [jvm.dll+0x970929]  (no source info available)
V  [jvm.dll+0x970bd3]  (no source info available)
V  [jvm.dll+0x906a0d]  (no source info available)
V  [jvm.dll+0x7a5135]  (no source info available)
C  [ucrtbase.dll+0x37b0]  (no source info available)
C  [KERNEL32.DLL+0x2e8d7]  (no source info available)
C  [ntdll.dll+0x8c53c]  (no source info available)


siginfo: EXCEPTION_ACCESS_VIOLATION (0xc0000005), reading address 0x0000000000000000


Registers:
RAX=0x0000000000000000, RBX=0x0000021df70ef9fa, RCX=0x0000021df70e2180, RDX=0x00000022cdefeb90
RSP=0x00000022cdefeb90, RBP=0x00002bd2239514b1, RSI=0x0000021df7a18b90, RDI=0x0000021df7a18b70
R8 =0x0000000000010002, R9 =0x00007ff9a3b570f0, R10=0x0000021de7960000, R11=0x00000022cdefea40
R12=0x0000000000000001, R13=0x00007ffa1d9e7cc8, R14=0x00000022cdefec98, R15=0x0000021df7a18b70
RIP=0x00007ffa1d9ea5d7, EFLAGS=0x0000000000010206

XMM[0]=0x0000000000000000 0x0000000000000000
XMM[1]=0x0000000000000000 0x00000022cdefd7f0
XMM[2]=0x0000000000000000 0x0000000000000000
XMM[3]=0x0000000000000000 0x0000000000000000
XMM[4]=0x0000000000000000 0x0000000000000000
XMM[5]=0x0000000000000000 0x0000000000000000
XMM[6]=0x0000000000000000 0x0000000000000000
XMM[7]=0x0000000000000000 0x0000000000000000
XMM[8]=0x0000000000000000 0x404e000000000000
XMM[9]=0x0000000000000000 0x0000000000000000
XMM[10]=0x0000000000000000 0x0000000000000000
XMM[11]=0x0000000000000000 0x0000000000000000
XMM[12]=0x0000000000000000 0x0000000000000000
XMM[13]=0x0000000000000000 0x0000000000000000
XMM[14]=0x0000000000000000 0x0000000000000000
XMM[15]=0x0000000000000000 0x0000000000000000
  MXCSR=0x00001fa0


Register to memory mapping:

RAX=0x0 is null
RBX=0x0000021df70ef9fa is a global jni handle
RCX=0x0000021df70e2180 points into unknown readable memory: 0x00007ff9a41fe360 | 60 e3 1f a4 f9 7f 00 00
RDX=0x00000022cdefeb90 points into unknown readable memory: 0x0000000000000000 | 00 00 00 00 00 00 00 00
RSP=0x00000022cdefeb90 points into unknown readable memory: 0x0000000000000000 | 00 00 00 00 00 00 00 00
RBP=0x00002bd2239514b1 is an unknown value
RSI=0x0000021df7a18b90 points into unknown readable memory: 0x00002bd2239514b1 | b1 14 95 23 d2 2b 00 00
RDI=0x0000021df7a18b70 points into unknown readable memory: 0x00002bd2239514b1 | b1 14 95 23 d2 2b 00 00
R8 =0x0000000000010002 is an unknown value
R9 =0x00007ff9a3b570f0 jvm.dll
R10=0x0000021de7960000 points into unknown readable memory: 0x0000000000000000 | 00 00 00 00 00 00 00 00
R11=0x00000022cdefea40 points into unknown readable memory: 0x0000000000000000 | 00 00 00 00 00 00 00 00
R12=0x0000000000000001 is an unknown value
R13=0x00007ffa1d9e7cc8 glass.dll
R14=0x00000022cdefec98 points into unknown readable memory: 0x00000022cdefec80 | 80 ec ef cd 22 00 00 00
R15=0x0000021df7a18b70 points into unknown readable memory: 0x00002bd2239514b1 | b1 14 95 23 d2 2b 00 00

Top of Stack: (sp=0x00000022cdefeb90)
0x00000022cdefeb90:   0000000000000000 0000021d00000000   ................
0x00000022cdefeba0:   0000021df7c9f080 0000000000000001   ................
0x00000022cdefebb0:   0000021df7a18b70 00007ffa5ecabc75   p.......u..^....
0x00000022cdefebc0:   0000021df7a18b70 0000021d00000000   p...............
0x00000022cdefebd0:   0000021df7a18b88 00002bd2239514b1   ...........#.+..
0x00000022cdefebe0:   fffffffffffffffe 00000022cdefec68   ........h..."...
0x00000022cdefebf0:   00007ffa1d9c0000 00007ffa1d9c0000   ................
0x00000022cdefec00:   00000022cdefec88 00007ffa5ecab897   ...."......^....
0x00000022cdefec10:   00000022cdefec00 00000022cdefec98   ...."......."...
0x00000022cdefec20:   00000022cdefef80 00007ffa5ed988c0   ...."......^....
0x00000022cdefec30:   0000000000000001 00007ffa5ecab84d   ........M..^....
0x00000022cdefec40:   0000000000000000 0000000000000001   ................
0x00000022cdefec50:   00007ffa3139dfc0 00000022cdefec88   ..91........"...
0x00000022cdefec60:   fffffffffffffffe 00000022cdefec50   ........P..."...
0x00000022cdefec70:   0000000000000000 00007ffa1d9e7b65   ........e{......
0x00000022cdefec80:   00007ffa1da00e90 0000000000000002   ................
0x00000022cdefec90:   00007ffa00000002 00000022cdefec80   ............"...
0x00000022cdefeca0:   0000000000000000 00007ffa5d765e37   ........7^v]....
0x00000022cdefecb0:   0000000000000000 00007ffa1d9e7c81   .........|......
0x00000022cdefecc0:   0000000000000001 000000007ffe0385   ................
0x00000022cdefecd0:   0000000000000001 00007ffa60fea6af   ...........`....
0x00000022cdefece0:   00007ffa5d760000 00000022cdefef80   ..v]........"...
0x00000022cdefecf0:   0000000000000001 0000000000000000   ................
0x00000022cdefed00:   0000000000000000 000000007ffe0384   ................
0x00000022cdefed10:   0000021df774a640 00007ffa6113f89e   @.t........a....
0x00000022cdefed20:   00007ffa1d9c0000 0000021d00000000   ................
0x00000022cdefed30:   0000000000000001 000000007ffe0385   ................
0x00000022cdefed40:   00007ffa1d9eb588 00007ffa60febcae   ...........`....
0x00000022cdefed50:   0000000000000000 0000000000000000   ................
0x00000022cdefed60:   0000000000000000 0000000000000000   ................
0x00000022cdefed70:   0000000000000000 0000000000000000   ................
0x00000022cdefed80:   0000000000000000 0000000000000000   ................

Instructions: (pc=0x00007ffa1d9ea5d7)
  0x00007ffa1d9ea4d7:   8b 4d 58 e8 cd ce ff ff 48 8b 4d 60 e8 c4 ce ff
  0x00007ffa1d9ea4e7:   ff 48 8b 95 80 00 00 00 48 8b 8d 18 01 00 00 e8
  0x00007ffa1d9ea4f7:   76 c4 ff ff 33 d2 33 c9 e8 7c e0 ff ff 90 48 89
  0x00007ffa1d9ea507:   54 24 10 55 48 83 ec 20 48 8b ea 48 b8 00 00 00
  0x00007ffa1d9ea517:   00 00 00 00 00 48 83 c4 20 5d c3 cc 40 55 48 8b
  0x00007ffa1d9ea527:   ea 48 8b 01 33 c9 81 38 05 00 00 c0 0f 94 c1 8b
  0x00007ffa1d9ea537:   c1 5d c3 cc 40 55 48 83 ec 20 48 8b ea 8a 4d 40
  0x00007ffa1d9ea547:   48 83 c4 20 5d e9 a3 d2 ff ff cc 40 55 48 83 ec
  0x00007ffa1d9ea557:   20 48 8b ea 8a 4d 20 e8 91 d2 ff ff 90 48 83 c4
  0x00007ffa1d9ea567:   20 5d c3 cc 40 55 48 83 ec 20 48 8b ea 48 83 c4
  0x00007ffa1d9ea577:   20 5d e9 02 d1 ff ff cc 40 55 48 83 ec 30 48 8b
  0x00007ffa1d9ea587:   ea 48 8b 01 8b 10 48 89 4c 24 28 89 54 24 20 4c
  0x00007ffa1d9ea597:   8d 0d 1b d4 ff ff 4c 8b 45 70 8b 55 68 48 8b 4d
  0x00007ffa1d9ea5a7:   60 e8 43 d0 ff ff 90 48 83 c4 30 5d c3 cc cc cc
  0x00007ffa1d9ea5b7:   cc cc cc cc cc cc cc cc cc 40 53 48 83 ec 20 48
  0x00007ffa1d9ea5c7:   8b 1d 6b 63 01 00 48 85 db 74 19 e8 a9 89 ff ff
=>0x00007ffa1d9ea5d7:   48 8b 08 4c 8b 81 b0 00 00 00 48 8b d3 48 8b c8
  0x00007ffa1d9ea5e7:   41 ff d0 90 48 83 c4 20 5b c3 cc cc cc cc cc cc
  0x00007ffa1d9ea5f7:   cc cc cc cc cc cc cc cc cc 40 53 48 83 ec 20 48
  0x00007ffa1d9ea607:   8b 1d 9b 64 01 00 48 85 db 74 57 b8 ff ff ff ff
  0x00007ffa1d9ea617:   f0 0f c1 43 10 83 f8 01 75 3d 48 85 db 74 38 48
  0x00007ffa1d9ea627:   8b 0b 48 85 c9 74 0d ff 15 64 0c 00 00 48 c7 03
  0x00007ffa1d9ea637:   00 00 00 00 48 8b 4b 08 48 85 c9 74 0d e8 63 cd
  0x00007ffa1d9ea647:   ff ff 48 c7 43 08 00 00 00 00 ba 18 00 00 00 48
  0x00007ffa1d9ea657:   8b cb e8 4e cd ff ff 48 c7 05 3f 64 01 00 00 00
  0x00007ffa1d9ea667:   00 00 48 83 c4 20 5b c3 cc 40 53 48 83 ec 20 48
  0x00007ffa1d9ea677:   8b 1d 0b 64 01 00 48 85 db 74 57 b8 ff ff ff ff
  0x00007ffa1d9ea687:   f0 0f c1 43 10 83 f8 01 75 3d 48 85 db 74 38 48
  0x00007ffa1d9ea697:   8b 0b 48 85 c9 74 0d ff 15 f4 0b 00 00 48 c7 03
  0x00007ffa1d9ea6a7:   00 00 00 00 48 8b 4b 08 48 85 c9 74 0d e8 f3 cc
  0x00007ffa1d9ea6b7:   ff ff 48 c7 43 08 00 00 00 00 ba 18 00 00 00 48
  0x00007ffa1d9ea6c7:   8b cb e8 de cc ff ff 48 c7 05 af 63 01 00 00 00


Stack slot to memory mapping:

stack at sp + 0 slots: 0x0 is null
stack at sp + 1 slots: 0x0000021d00000000 is an unknown value
stack at sp + 2 slots: 0x0000021df7c9f080 points into unknown readable memory: 0x0000021df7c9ecf0 | f0 ec c9 f7 1d 02 00 00
stack at sp + 3 slots: 0x0000000000000001 is an unknown value
stack at sp + 4 slots: 0x0000021df7a18b70 points into unknown readable memory: 0x00002bd2239514b1 | b1 14 95 23 d2 2b 00 00
stack at sp + 5 slots: 0x00007ffa5ecabc75 ucrtbase.dll
stack at sp + 6 slots: 0x0000021df7a18b70 points into unknown readable memory: 0x00002bd2239514b1 | b1 14 95 23 d2 2b 00 00
stack at sp + 7 slots: 0x0000021d00000000 is an unknown value

VM_Operation (0x00000022cd4ff1a0): Exit, mode: safepoint, requested by thread 0x0000021dfc67ed30


---------------  P R O C E S S  ---------------

Threads class SMR info:
_java_thread_list=0x0000021dfc78a810, length=19, elements={
0x0000021de953dd70, 0x0000021df70f3a40, 0x0000021df70f5410, 0x0000021df70fc8b0,
0x0000021df7100030, 0x0000021df7108c00, 0x0000021df7111b00, 0x0000021df7136730,
0x0000021df72521e0, 0x0000021df7ce3500, 0x0000021df7b4ac20, 0x0000021df78e7c60,
0x0000021df7a2fd00, 0x0000021df7cdaff0, 0x0000021dfc091010, 0x0000021df7dbb950,
0x0000021dfc067610, 0x0000021dfc6787a0, 0x0000021dfc67ed30
}

Java Threads: ( => current thread )
  0x0000021de953dd70 JavaThread "main"                              [_thread_blocked, id=27024, stack(0x00000022cd700000,0x00000022cd800000) (1024K)]
  0x0000021df70f3a40 JavaThread "Reference Handler"          daemon [_thread_blocked, id=7192, stack(0x00000022cdf00000,0x00000022ce000000) (1024K)]
  0x0000021df70f5410 JavaThread "Finalizer"                  daemon [_thread_blocked, id=28324, stack(0x00000022ce000000,0x00000022ce100000) (1024K)]
  0x0000021df70fc8b0 JavaThread "Attach Listener"            daemon [_thread_blocked, id=7912, stack(0x00000022ce200000,0x00000022ce300000) (1024K)]
  0x0000021df7100030 JavaThread "Service Thread"             daemon [_thread_blocked, id=21968, stack(0x00000022ce300000,0x00000022ce400000) (1024K)]
  0x0000021df7108c00 JavaThread "Monitor Deflation Thread"   daemon [_thread_blocked, id=28368, stack(0x00000022ce400000,0x00000022ce500000) (1024K)]
  0x0000021df7111b00 JavaThread "C2 CompilerThread0"         daemon [_thread_blocked, id=2496, stack(0x00000022ce500000,0x00000022ce600000) (1024K)]
  0x0000021df7136730 JavaThread "C1 CompilerThread0"         daemon [_thread_blocked, id=3392, stack(0x00000022ce600000,0x00000022ce700000) (1024K)]
  0x0000021df72521e0 JavaThread "Common-Cleaner"             daemon [_thread_blocked, id=14088, stack(0x00000022ce700000,0x00000022ce800000) (1024K)]
  0x0000021df7ce3500 JavaThread "Monitor Ctrl-Break"         daemon [_thread_in_native, id=20788, stack(0x00000022ce900000,0x00000022cea00000) (1024K)]
  0x0000021df7b4ac20 JavaThread "Notification Thread"        daemon [_thread_blocked, id=14148, stack(0x00000022cea00000,0x00000022ceb00000) (1024K)]
  0x0000021df78e7c60 JavaThread "QuantumRenderer-0"          daemon [_thread_blocked, id=20444, stack(0x00000022ceb00000,0x00000022cec00000) (1024K)]
  0x0000021df7a2fd00 JavaThread "InvokeLaterDispatcher"      daemon [_thread_blocked, id=27208, stack(0x00000022cec00000,0x00000022ced00000) (1024K)]
  0x0000021df7cdaff0 JavaThread "JavaFX Application Thread"         [_thread_in_native, id=20692, stack(0x00000022ced00000,0x00000022cee00000) (1024K)]
  0x0000021dfc091010 JavaThread "JavaFX-Launcher"                   [_thread_blocked, id=10048, stack(0x00000022cf700000,0x00000022cf800000) (1024K)]
  0x0000021df7dbb950 JavaThread "Thread-2"                   daemon [_thread_in_native, id=21676, stack(0x00000022cf600000,0x00000022cf700000) (1024K)]
  0x0000021dfc067610 JavaThread "Prism Font Disposer"        daemon [_thread_blocked, id=28008, stack(0x00000022cfb00000,0x00000022cfc00000) (1024K)]
  0x0000021dfc6787a0 JavaThread "Cleaner-0"                  daemon [_thread_blocked, id=12500, stack(0x00000022cfc00000,0x00000022cfd00000) (1024K)]
  0x0000021dfc67ed30 JavaThread "SIGINT handler"             daemon [_thread_blocked, id=17948, stack(0x00000022cd400000,0x00000022cd500000) (1024K)]
Total: 19

Other Threads:
=>0x0000021df70e2180 VMThread "VM Thread"                           [id=23380, stack(0x00000022cde00000,0x00000022cdf00000) (1024K)]
  0x0000021de9592be0 WorkerThread "GC Thread#0"                     [id=24728, stack(0x00000022cd800000,0x00000022cd900000) (1024K)]
  0x0000021dfc1506c0 WorkerThread "GC Thread#1"                     [id=15808, stack(0x00000022cf800000,0x00000022cf900000) (1024K)]
  0x0000021dfc150af0 WorkerThread "GC Thread#2"                     [id=19164, stack(0x00000022cf900000,0x00000022cfa00000) (1024K)]
  0x0000021df7d5c740 WorkerThread "GC Thread#3"                     [id=10932, stack(0x00000022cfa00000,0x00000022cfb00000) (1024K)]
  0x0000021de95aa7b0 ConcurrentGCThread "G1 Main Marker"            terminated
  0x0000021de95ae150 WorkerThread "G1 Conc#0"                       [id=23624, stack(0x00000022cda00000,0x00000022cdb00000) (1024K)]
  0x0000021de95e6c30 ConcurrentGCThread "G1 Refine#0"               terminated
  0x0000021de95e7640 ConcurrentGCThread "G1 Service"                terminated
Total: 9

Threads with active compile tasks:
Total: 0

VM state: at safepoint (shutting down)

VM Mutex/Monitor currently owned by a thread:  ([mutex/lock_event])
[0x00007ff9a43e94e8] Threads_lock - owner thread: 0x0000021df70e2180
[0x00007ff9a43e9668] Heap_lock - owner thread: 0x0000021dfc67ed30

Heap address: 0x0000000087000000, size: 1936 MB, Compressed Oops mode: 32-bit

CDS archive(s) mapped at: [0x0000000029000000-0x0000000029dd0000-0x0000000029dd0000), size 14483456, SharedBaseAddress: 0x0000000029000000, ArchiveRelocationMode: 1.
Compressed class space mapped at: 0x000000002a000000-0x000000006a000000, reserved size: 1073741824
UseCompressedClassPointers 1, UseCompactObjectHeaders 0
Narrow klass pointer bits 32, Max shift 3
Narrow klass base: 0x0000000029000000, Narrow klass shift: 0
Encoding Range: [0x0000000029000000 - 0x0000000129000000), (4294967296 bytes)
Klass Range:    [0x0000000029010000 - 0x000000006a000000), (1090453504 bytes)
Klass ID Range:  [65536 - 1090519033) (1090453497)
Protection zone: [0x0000000029000000 - 0x0000000029010000), (65536 bytes)

GC Precious Log:
 CardTable entry size: 512
 Card Set container configuration: InlinePtr #cards 5 size 8 Array Of Cards #cards 10 size 36 Howl #buckets 4 coarsen threshold 1843 Howl Bitmap #cards 512 size 80 coarsen threshold 460 Card regions per heap region 1 cards per card region 2048
 CPUs: 4 total, 4 available
 Memory: 7739M
 Large Page Support: Disabled
 NUMA Support: Disabled
 Compressed Oops: Enabled (32-bit)
 Heap Region Size: 1M
 Heap Min Capacity: 8M
 Heap Initial Capacity: 122M
 Heap Max Capacity: 1936M
 Pre-touch: Disabled
 Parallel Workers: 4
 Concurrent Workers: 1
 Concurrent Refinement Workers: 4
 Periodic GC: Disabled

Heap:
 garbage-first heap   total reserved 1982464K, committed 126976K, used 54552K [0x0000000087000000, 0x0000000100000000)
  region size 1024K, 49 young (50176K), 7 survivors (7168K)

Heap Regions: E=young(eden), S=young(survivor), O=old, HS=humongous(starts), HC=humongous(continues), CS=collection set, F=free, TAMS=top-at-mark-start, PB=parsable bottom
|   0|0x0000000087000000, 0x0000000087021410, 0x0000000087100000| 12%| O|  |TAMS 0x0000000087000000| PB 0x0000000087000000| Untracked |  0
|   1|0x0000000087100000, 0x0000000087200000, 0x0000000087200000|100%|HS|  |TAMS 0x0000000087100000| PB 0x0000000087100000| Complete |  0
|   2|0x0000000087200000, 0x0000000087300000, 0x0000000087300000|100%|HC|  |TAMS 0x0000000087200000| PB 0x0000000087200000| Complete |  0
|   3|0x0000000087300000, 0x0000000087400000, 0x0000000087400000|100%|HS|  |TAMS 0x0000000087300000| PB 0x0000000087300000| Complete |  0
|   4|0x0000000087400000, 0x0000000087500000, 0x0000000087500000|100%|HC|  |TAMS 0x0000000087400000| PB 0x0000000087400000| Complete |  0
|   5|0x0000000087500000, 0x0000000087500000, 0x0000000087600000|  0%| F|  |TAMS 0x0000000087500000| PB 0x0000000087500000| Untracked |  0
|   6|0x0000000087600000, 0x0000000087600000, 0x0000000087700000|  0%| F|  |TAMS 0x0000000087600000| PB 0x0000000087600000| Untracked |  0
|   7|0x0000000087700000, 0x0000000087700000, 0x0000000087800000|  0%| F|  |TAMS 0x0000000087700000| PB 0x0000000087700000| Untracked |  0
|   8|0x0000000087800000, 0x0000000087800000, 0x0000000087900000|  0%| F|  |TAMS 0x0000000087800000| PB 0x0000000087800000| Untracked |  0
|   9|0x0000000087900000, 0x0000000087900000, 0x0000000087a00000|  0%| F|  |TAMS 0x0000000087900000| PB 0x0000000087900000| Untracked |  0
|  10|0x0000000087a00000, 0x0000000087a00000, 0x0000000087b00000|  0%| F|  |TAMS 0x0000000087a00000| PB 0x0000000087a00000| Untracked |  0
|  11|0x0000000087b00000, 0x0000000087b00000, 0x0000000087c00000|  0%| F|  |TAMS 0x0000000087b00000| PB 0x0000000087b00000| Untracked |  0
|  12|0x0000000087c00000, 0x0000000087c00000, 0x0000000087d00000|  0%| F|  |TAMS 0x0000000087c00000| PB 0x0000000087c00000| Untracked |  0
|  13|0x0000000087d00000, 0x0000000087d00000, 0x0000000087e00000|  0%| F|  |TAMS 0x0000000087d00000| PB 0x0000000087d00000| Untracked |  0
|  14|0x0000000087e00000, 0x0000000087e00000, 0x0000000087f00000|  0%| F|  |TAMS 0x0000000087e00000| PB 0x0000000087e00000| Untracked |  0
|  15|0x0000000087f00000, 0x0000000087f00000, 0x0000000088000000|  0%| F|  |TAMS 0x0000000087f00000| PB 0x0000000087f00000| Untracked |  0
|  16|0x0000000088000000, 0x0000000088000000, 0x0000000088100000|  0%| F|  |TAMS 0x0000000088000000| PB 0x0000000088000000| Untracked |  0
|  17|0x0000000088100000, 0x0000000088100000, 0x0000000088200000|  0%| F|  |TAMS 0x0000000088100000| PB 0x0000000088100000| Untracked |  0
|  18|0x0000000088200000, 0x0000000088200000, 0x0000000088300000|  0%| F|  |TAMS 0x0000000088200000| PB 0x0000000088200000| Untracked |  0
|  19|0x0000000088300000, 0x0000000088300000, 0x0000000088400000|  0%| F|  |TAMS 0x0000000088300000| PB 0x0000000088300000| Untracked |  0
|  20|0x0000000088400000, 0x0000000088400000, 0x0000000088500000|  0%| F|  |TAMS 0x0000000088400000| PB 0x0000000088400000| Untracked |  0
|  21|0x0000000088500000, 0x0000000088500000, 0x0000000088600000|  0%| F|  |TAMS 0x0000000088500000| PB 0x0000000088500000| Untracked |  0
|  22|0x0000000088600000, 0x0000000088600000, 0x0000000088700000|  0%| F|  |TAMS 0x0000000088600000| PB 0x0000000088600000| Untracked |  0
|  23|0x0000000088700000, 0x0000000088700000, 0x0000000088800000|  0%| F|  |TAMS 0x0000000088700000| PB 0x0000000088700000| Untracked |  0
|  24|0x0000000088800000, 0x0000000088800000, 0x0000000088900000|  0%| F|  |TAMS 0x0000000088800000| PB 0x0000000088800000| Untracked |  0
|  25|0x0000000088900000, 0x0000000088900000, 0x0000000088a00000|  0%| F|  |TAMS 0x0000000088900000| PB 0x0000000088900000| Untracked |  0
|  26|0x0000000088a00000, 0x0000000088a00000, 0x0000000088b00000|  0%| F|  |TAMS 0x0000000088a00000| PB 0x0000000088a00000| Untracked |  0
|  27|0x0000000088b00000, 0x0000000088b00000, 0x0000000088c00000|  0%| F|  |TAMS 0x0000000088b00000| PB 0x0000000088b00000| Untracked |  0
|  28|0x0000000088c00000, 0x0000000088c00000, 0x0000000088d00000|  0%| F|  |TAMS 0x0000000088c00000| PB 0x0000000088c00000| Untracked |  0
|  29|0x0000000088d00000, 0x0000000088d00000, 0x0000000088e00000|  0%| F|  |TAMS 0x0000000088d00000| PB 0x0000000088d00000| Untracked |  0
|  30|0x0000000088e00000, 0x0000000088e00000, 0x0000000088f00000|  0%| F|  |TAMS 0x0000000088e00000| PB 0x0000000088e00000| Untracked |  0
|  31|0x0000000088f00000, 0x0000000088f00000, 0x0000000089000000|  0%| F|  |TAMS 0x0000000088f00000| PB 0x0000000088f00000| Untracked |  0
|  32|0x0000000089000000, 0x0000000089000000, 0x0000000089100000|  0%| F|  |TAMS 0x0000000089000000| PB 0x0000000089000000| Untracked |  0
|  33|0x0000000089100000, 0x0000000089100000, 0x0000000089200000|  0%| F|  |TAMS 0x0000000089100000| PB 0x0000000089100000| Untracked |  0
|  34|0x0000000089200000, 0x0000000089200000, 0x0000000089300000|  0%| F|  |TAMS 0x0000000089200000| PB 0x0000000089200000| Untracked |  0
|  35|0x0000000089300000, 0x0000000089300000, 0x0000000089400000|  0%| F|  |TAMS 0x0000000089300000| PB 0x0000000089300000| Untracked |  0
|  36|0x0000000089400000, 0x0000000089400000, 0x0000000089500000|  0%| F|  |TAMS 0x0000000089400000| PB 0x0000000089400000| Untracked |  0
|  37|0x0000000089500000, 0x0000000089500000, 0x0000000089600000|  0%| F|  |TAMS 0x0000000089500000| PB 0x0000000089500000| Untracked |  0
|  38|0x0000000089600000, 0x0000000089600000, 0x0000000089700000|  0%| F|  |TAMS 0x0000000089600000| PB 0x0000000089600000| Untracked |  0
|  39|0x0000000089700000, 0x0000000089700000, 0x0000000089800000|  0%| F|  |TAMS 0x0000000089700000| PB 0x0000000089700000| Untracked |  0
|  40|0x0000000089800000, 0x0000000089800000, 0x0000000089900000|  0%| F|  |TAMS 0x0000000089800000| PB 0x0000000089800000| Untracked |  0
|  41|0x0000000089900000, 0x0000000089900000, 0x0000000089a00000|  0%| F|  |TAMS 0x0000000089900000| PB 0x0000000089900000| Untracked |  0
|  42|0x0000000089a00000, 0x0000000089a00000, 0x0000000089b00000|  0%| F|  |TAMS 0x0000000089a00000| PB 0x0000000089a00000| Untracked |  0
|  43|0x0000000089b00000, 0x0000000089b00000, 0x0000000089c00000|  0%| F|  |TAMS 0x0000000089b00000| PB 0x0000000089b00000| Untracked |  0
|  44|0x0000000089c00000, 0x0000000089c00000, 0x0000000089d00000|  0%| F|  |TAMS 0x0000000089c00000| PB 0x0000000089c00000| Untracked |  0
|  45|0x0000000089d00000, 0x0000000089d00000, 0x0000000089e00000|  0%| F|  |TAMS 0x0000000089d00000| PB 0x0000000089d00000| Untracked |  0
|  46|0x0000000089e00000, 0x0000000089e00000, 0x0000000089f00000|  0%| F|  |TAMS 0x0000000089e00000| PB 0x0000000089e00000| Untracked |  0
|  47|0x0000000089f00000, 0x0000000089f00000, 0x000000008a000000|  0%| F|  |TAMS 0x0000000089f00000| PB 0x0000000089f00000| Untracked |  0
|  48|0x000000008a000000, 0x000000008a000000, 0x000000008a100000|  0%| F|  |TAMS 0x000000008a000000| PB 0x000000008a000000| Untracked |  0
|  49|0x000000008a100000, 0x000000008a100000, 0x000000008a200000|  0%| F|  |TAMS 0x000000008a100000| PB 0x000000008a100000| Untracked |  0
|  50|0x000000008a200000, 0x000000008a200000, 0x000000008a300000|  0%| F|  |TAMS 0x000000008a200000| PB 0x000000008a200000| Untracked |  0
|  51|0x000000008a300000, 0x000000008a300000, 0x000000008a400000|  0%| F|  |TAMS 0x000000008a300000| PB 0x000000008a300000| Untracked |  0
|  52|0x000000008a400000, 0x000000008a400000, 0x000000008a500000|  0%| F|  |TAMS 0x000000008a400000| PB 0x000000008a400000| Untracked |  0
|  53|0x000000008a500000, 0x000000008a500000, 0x000000008a600000|  0%| F|  |TAMS 0x000000008a500000| PB 0x000000008a500000| Untracked |  0
|  54|0x000000008a600000, 0x000000008a600000, 0x000000008a700000|  0%| F|  |TAMS 0x000000008a600000| PB 0x000000008a600000| Untracked |  0
|  55|0x000000008a700000, 0x000000008a700000, 0x000000008a800000|  0%| F|  |TAMS 0x000000008a700000| PB 0x000000008a700000| Untracked |  0
|  56|0x000000008a800000, 0x000000008a800000, 0x000000008a900000|  0%| F|  |TAMS 0x000000008a800000| PB 0x000000008a800000| Untracked |  0
|  57|0x000000008a900000, 0x000000008a900000, 0x000000008aa00000|  0%| F|  |TAMS 0x000000008a900000| PB 0x000000008a900000| Untracked |  0
|  58|0x000000008aa00000, 0x000000008aa00000, 0x000000008ab00000|  0%| F|  |TAMS 0x000000008aa00000| PB 0x000000008aa00000| Untracked |  0
|  59|0x000000008ab00000, 0x000000008ab00000, 0x000000008ac00000|  0%| F|  |TAMS 0x000000008ab00000| PB 0x000000008ab00000| Untracked |  0
|  60|0x000000008ac00000, 0x000000008ad00000, 0x000000008ad00000|100%| S|CS|TAMS 0x000000008ac00000| PB 0x000000008ac00000| Complete |  0
|  61|0x000000008ad00000, 0x000000008ae00000, 0x000000008ae00000|100%| S|CS|TAMS 0x000000008ad00000| PB 0x000000008ad00000| Complete |  0
|  62|0x000000008ae00000, 0x000000008af00000, 0x000000008af00000|100%| S|CS|TAMS 0x000000008ae00000| PB 0x000000008ae00000| Complete |  0
|  63|0x000000008af00000, 0x000000008b000000, 0x000000008b000000|100%| S|CS|TAMS 0x000000008af00000| PB 0x000000008af00000| Complete |  0
|  64|0x000000008b000000, 0x000000008b100000, 0x000000008b100000|100%| S|CS|TAMS 0x000000008b000000| PB 0x000000008b000000| Complete |  0
|  65|0x000000008b100000, 0x000000008b200000, 0x000000008b200000|100%| S|CS|TAMS 0x000000008b100000| PB 0x000000008b100000| Complete |  1
|  66|0x000000008b200000, 0x000000008b300000, 0x000000008b300000|100%| S|CS|TAMS 0x000000008b200000| PB 0x000000008b200000| Complete |  0
|  67|0x000000008b300000, 0x000000008b300000, 0x000000008b400000|  0%| F|  |TAMS 0x000000008b300000| PB 0x000000008b300000| Untracked |  0
|  68|0x000000008b400000, 0x000000008b400000, 0x000000008b500000|  0%| F|  |TAMS 0x000000008b400000| PB 0x000000008b400000| Untracked |  0
|  69|0x000000008b500000, 0x000000008b500000, 0x000000008b600000|  0%| F|  |TAMS 0x000000008b500000| PB 0x000000008b500000| Untracked |  0
|  70|0x000000008b600000, 0x000000008b600000, 0x000000008b700000|  0%| F|  |TAMS 0x000000008b600000| PB 0x000000008b600000| Untracked |  0
|  71|0x000000008b700000, 0x000000008b700000, 0x000000008b800000|  0%| F|  |TAMS 0x000000008b700000| PB 0x000000008b700000| Untracked |  0
|  72|0x000000008b800000, 0x000000008b800000, 0x000000008b900000|  0%| F|  |TAMS 0x000000008b800000| PB 0x000000008b800000| Untracked |  0
|  73|0x000000008b900000, 0x000000008b900000, 0x000000008ba00000|  0%| F|  |TAMS 0x000000008b900000| PB 0x000000008b900000| Untracked |  0
|  74|0x000000008ba00000, 0x000000008ba00000, 0x000000008bb00000|  0%| F|  |TAMS 0x000000008ba00000| PB 0x000000008ba00000| Untracked |  0
|  75|0x000000008bb00000, 0x000000008bb00000, 0x000000008bc00000|  0%| F|  |TAMS 0x000000008bb00000| PB 0x000000008bb00000| Untracked |  0
|  76|0x000000008bc00000, 0x000000008bc00000, 0x000000008bd00000|  0%| F|  |TAMS 0x000000008bc00000| PB 0x000000008bc00000| Untracked |  0
|  77|0x000000008bd00000, 0x000000008bd00000, 0x000000008be00000|  0%| F|  |TAMS 0x000000008bd00000| PB 0x000000008bd00000| Untracked |  0
|  78|0x000000008be00000, 0x000000008be00000, 0x000000008bf00000|  0%| F|  |TAMS 0x000000008be00000| PB 0x000000008be00000| Untracked |  0
|  79|0x000000008bf00000, 0x000000008bf00000, 0x000000008c000000|  0%| F|  |TAMS 0x000000008bf00000| PB 0x000000008bf00000| Untracked |  0
|  80|0x000000008c000000, 0x000000008c0d7138, 0x000000008c100000| 84%| E|  |TAMS 0x000000008c000000| PB 0x000000008c000000| Complete |  0
|  81|0x000000008c100000, 0x000000008c200000, 0x000000008c200000|100%| E|CS|TAMS 0x000000008c100000| PB 0x000000008c100000| Complete |  0
|  82|0x000000008c200000, 0x000000008c300000, 0x000000008c300000|100%| E|CS|TAMS 0x000000008c200000| PB 0x000000008c200000| Complete |  0
|  83|0x000000008c300000, 0x000000008c400000, 0x000000008c400000|100%| E|CS|TAMS 0x000000008c300000| PB 0x000000008c300000| Complete |  0
|  84|0x000000008c400000, 0x000000008c500000, 0x000000008c500000|100%| E|CS|TAMS 0x000000008c400000| PB 0x000000008c400000| Complete |  0
|  85|0x000000008c500000, 0x000000008c600000, 0x000000008c600000|100%| E|CS|TAMS 0x000000008c500000| PB 0x000000008c500000| Complete |  0
|  86|0x000000008c600000, 0x000000008c700000, 0x000000008c700000|100%| E|CS|TAMS 0x000000008c600000| PB 0x000000008c600000| Complete |  0
|  87|0x000000008c700000, 0x000000008c800000, 0x000000008c800000|100%| E|CS|TAMS 0x000000008c700000| PB 0x000000008c700000| Complete |  0
|  88|0x000000008c800000, 0x000000008c900000, 0x000000008c900000|100%| E|CS|TAMS 0x000000008c800000| PB 0x000000008c800000| Complete |  0
|  89|0x000000008c900000, 0x000000008ca00000, 0x000000008ca00000|100%| E|CS|TAMS 0x000000008c900000| PB 0x000000008c900000| Complete |  0
|  90|0x000000008ca00000, 0x000000008cb00000, 0x000000008cb00000|100%| E|CS|TAMS 0x000000008ca00000| PB 0x000000008ca00000| Complete |  0
|  91|0x000000008cb00000, 0x000000008cc00000, 0x000000008cc00000|100%| E|CS|TAMS 0x000000008cb00000| PB 0x000000008cb00000| Complete |  0
|  92|0x000000008cc00000, 0x000000008cd00000, 0x000000008cd00000|100%| E|CS|TAMS 0x000000008cc00000| PB 0x000000008cc00000| Complete |  0
|  93|0x000000008cd00000, 0x000000008ce00000, 0x000000008ce00000|100%| E|CS|TAMS 0x000000008cd00000| PB 0x000000008cd00000| Complete |  0
|  94|0x000000008ce00000, 0x000000008cf00000, 0x000000008cf00000|100%| E|CS|TAMS 0x000000008ce00000| PB 0x000000008ce00000| Complete |  0
|  95|0x000000008cf00000, 0x000000008d000000, 0x000000008d000000|100%| E|CS|TAMS 0x000000008cf00000| PB 0x000000008cf00000| Complete |  0
|  96|0x000000008d000000, 0x000000008d100000, 0x000000008d100000|100%| E|CS|TAMS 0x000000008d000000| PB 0x000000008d000000| Complete |  0
|  97|0x000000008d100000, 0x000000008d200000, 0x000000008d200000|100%| E|CS|TAMS 0x000000008d100000| PB 0x000000008d100000| Complete |  0
|  98|0x000000008d200000, 0x000000008d300000, 0x000000008d300000|100%| E|CS|TAMS 0x000000008d200000| PB 0x000000008d200000| Complete |  0
|  99|0x000000008d300000, 0x000000008d400000, 0x000000008d400000|100%| E|CS|TAMS 0x000000008d300000| PB 0x000000008d300000| Complete |  0
| 100|0x000000008d400000, 0x000000008d500000, 0x000000008d500000|100%| E|CS|TAMS 0x000000008d400000| PB 0x000000008d400000| Complete |  0
| 101|0x000000008d500000, 0x000000008d600000, 0x000000008d600000|100%| E|CS|TAMS 0x000000008d500000| PB 0x000000008d500000| Complete |  0
| 102|0x000000008d600000, 0x000000008d700000, 0x000000008d700000|100%| E|CS|TAMS 0x000000008d600000| PB 0x000000008d600000| Complete |  0
| 103|0x000000008d700000, 0x000000008d800000, 0x000000008d800000|100%| E|CS|TAMS 0x000000008d700000| PB 0x000000008d700000| Complete |  0
| 104|0x000000008d800000, 0x000000008d900000, 0x000000008d900000|100%| E|CS|TAMS 0x000000008d800000| PB 0x000000008d800000| Complete |  0
| 105|0x000000008d900000, 0x000000008da00000, 0x000000008da00000|100%| E|CS|TAMS 0x000000008d900000| PB 0x000000008d900000| Complete |  0
| 106|0x000000008da00000, 0x000000008db00000, 0x000000008db00000|100%| E|CS|TAMS 0x000000008da00000| PB 0x000000008da00000| Complete |  0
| 107|0x000000008db00000, 0x000000008dc00000, 0x000000008dc00000|100%| E|CS|TAMS 0x000000008db00000| PB 0x000000008db00000| Complete |  0
| 108|0x000000008dc00000, 0x000000008dd00000, 0x000000008dd00000|100%| E|CS|TAMS 0x000000008dc00000| PB 0x000000008dc00000| Complete |  0
| 109|0x000000008dd00000, 0x000000008de00000, 0x000000008de00000|100%| E|CS|TAMS 0x000000008dd00000| PB 0x000000008dd00000| Complete |  0
| 110|0x000000008de00000, 0x000000008df00000, 0x000000008df00000|100%| E|CS|TAMS 0x000000008de00000| PB 0x000000008de00000| Complete |  0
| 111|0x000000008df00000, 0x000000008e000000, 0x000000008e000000|100%| E|CS|TAMS 0x000000008df00000| PB 0x000000008df00000| Complete |  0
| 112|0x000000008e000000, 0x000000008e100000, 0x000000008e100000|100%| E|CS|TAMS 0x000000008e000000| PB 0x000000008e000000| Complete |  0
| 113|0x000000008e100000, 0x000000008e200000, 0x000000008e200000|100%| E|CS|TAMS 0x000000008e100000| PB 0x000000008e100000| Complete |  0
| 114|0x000000008e200000, 0x000000008e300000, 0x000000008e300000|100%| E|CS|TAMS 0x000000008e200000| PB 0x000000008e200000| Complete |  0
| 115|0x000000008e300000, 0x000000008e400000, 0x000000008e400000|100%| E|CS|TAMS 0x000000008e300000| PB 0x000000008e300000| Complete |  0
| 116|0x000000008e400000, 0x000000008e500000, 0x000000008e500000|100%| E|CS|TAMS 0x000000008e400000| PB 0x000000008e400000| Complete |  0
| 117|0x000000008e500000, 0x000000008e600000, 0x000000008e600000|100%| E|CS|TAMS 0x000000008e500000| PB 0x000000008e500000| Complete |  0
| 118|0x000000008e600000, 0x000000008e700000, 0x000000008e700000|100%| E|CS|TAMS 0x000000008e600000| PB 0x000000008e600000| Complete |  0
| 119|0x000000008e700000, 0x000000008e800000, 0x000000008e800000|100%| E|CS|TAMS 0x000000008e700000| PB 0x000000008e700000| Complete |  0
| 120|0x000000008e800000, 0x000000008e900000, 0x000000008e900000|100%| E|CS|TAMS 0x000000008e800000| PB 0x000000008e800000| Complete |  0
| 121|0x000000008e900000, 0x000000008ea00000, 0x000000008ea00000|100%| E|CS|TAMS 0x000000008e900000| PB 0x000000008e900000| Complete |  0
|1934|0x00000000ffe00000, 0x00000000fff00000, 0x00000000fff00000|100%| O|  |TAMS 0x00000000ffe00000| PB 0x00000000ffe00000| Untracked |  0
|1935|0x00000000fff00000, 0x00000000fff24ea8, 0x0000000100000000| 14%| O|  |TAMS 0x00000000fff00000| PB 0x00000000fff00000| Untracked |  0

Card table byte_map: [0x0000021df2920000,0x0000021df2cf0000] _byte_map_base: 0x0000021df24e8000

Marking Bits: (CMBitMap*) 0x0000021de9593370
 Bits: [0x0000021df2cf0000, 0x0000021df4b30000)

Polling page: 0x0000021de7d20000

Metaspace:
Metaspace        used 18917K, committed 19264K, reserved 1114112K
 class space     used 2588K, committed 2752K, reserved 1048576K

Usage:
  Non-class:     15.95 MB used.
      Class:      2.53 MB used.
       Both:     18.47 MB used.

Virtual space:
  Non-class space:       64.00 MB reserved,      16.12 MB ( 25%) committed,  1 nodes.
      Class space:        1.00 GB reserved,       2.69 MB ( <1%) committed,  1 nodes.
             Both:        1.06 GB reserved,      18.81 MB (  2%) committed. 

Chunk freelists:
   Non-Class:  15.86 MB
       Class:  13.31 MB
        Both:  29.17 MB

MaxMetaspaceSize: unlimited
CompressedClassSpaceSize: 1.00 GB
Initial GC threshold: 21.00 MB
Current GC threshold: 21.00 MB
CDS: on
 - commit_granule_bytes: 65536.
 - commit_granule_words: 8192.
 - virtual_space_node_default_size: 8388608.
 - enlarge_chunks_in_place: 1.
UseCompressedClassPointers 1, UseCompactObjectHeaders 0
Narrow klass pointer bits 32, Max shift 3
Narrow klass base: 0x0000000029000000, Narrow klass shift: 0
Encoding Range: [0x0000000029000000 - 0x0000000129000000), (4294967296 bytes)
Klass Range:    [0x0000000029010000 - 0x000000006a000000), (1090453504 bytes)
Klass ID Range:  [65536 - 1090519033) (1090453497)
Protection zone: [0x0000000029000000 - 0x0000000029010000), (65536 bytes)


Internal statistics:

num_allocs_failed_limit: 0.
num_arena_births: 194.
num_arena_deaths: 0.
num_vsnodes_births: 2.
num_vsnodes_deaths: 0.
num_space_committed: 301.
num_space_uncommitted: 0.
num_chunks_returned_to_freelist: 0.
num_chunks_taken_from_freelist: 811.
num_chunk_merges: 0.
num_chunk_splits: 589.
num_chunks_enlarged: 494.
num_inconsistent_stats: 0.

CodeHeap 'non-profiled nmethods': size=120064Kb used=1744Kb max_used=1744Kb free=118319Kb
 bounds [0x0000021d87ac0000, 0x0000021d87d30000, 0x0000021d8f000000]
CodeHeap 'profiled nmethods': size=120000Kb used=8872Kb max_used=8872Kb free=111127Kb
 bounds [0x0000021d80000000, 0x0000021d808b0000, 0x0000021d87530000]
CodeHeap 'non-nmethods': size=5696Kb used=1961Kb max_used=2096Kb free=3734Kb
 bounds [0x0000021d87530000, 0x0000021d877a0000, 0x0000021d87ac0000]
CodeCache: size=245760Kb, used=12577Kb, max_used=12712Kb, free=233180Kb
 total_blobs=5835, nmethods=4965, adapters=771, full_count=0
Compilation: enabled, stopped_count=0, restarted_count=0

Compilation events (20 events):
Event: 30.080 Thread 0x0000021df7136730 nmethod 5002 0x0000021d808a8e08 code [0x0000021d808a8f20, 0x0000021d808a95e8]
Event: 30.080 Thread 0x0000021df7136730 5003       3       com.sun.javafx.geom.transform.AffineBase::rotate90 (87 bytes)
Event: 30.080 Thread 0x0000021df7136730 nmethod 5003 0x0000021d808a9608 code [0x0000021d808a9720, 0x0000021d808a9990]
Event: 30.239 Thread 0x0000021df7111b00 nmethod 4986 0x0000021d87c69d88 code [0x0000021d87c69ea0, 0x0000021d87c72a50]
Event: 30.239 Thread 0x0000021df7111b00 4992       4       com.sun.javafx.event.CompositeEventDispatcher::dispatchCapturingEvent (35 bytes)
Event: 30.240 Thread 0x0000021df7111b00 nmethod 4992 0x0000021d87c72b08 code [0x0000021d87c72c00, 0x0000021d87c72d28]
Event: 30.240 Thread 0x0000021df7111b00 4989       4       java.util.AbstractList$Itr::<init> (36 bytes)
Event: 30.241 Thread 0x0000021df7111b00 nmethod 4989 0x0000021d87c72e08 code [0x0000021d87c72f00, 0x0000021d87c730a0]
Event: 30.381 Thread 0x0000021df7136730 5004       3       javafx.scene.Node::requestCssStateTransition (40 bytes)
Event: 30.382 Thread 0x0000021df7136730 nmethod 5004 0x0000021d808a9a08 code [0x0000021d808a9b00, 0x0000021d808aa190]
Event: 31.501 Thread 0x0000021df7136730 5005       1       javafx.util.Pair::getKey (5 bytes)
Event: 31.501 Thread 0x0000021df7136730 nmethod 5005 0x0000021d87c73108 code [0x0000021d87c73200, 0x0000021d87c732c8]
Event: 31.501 Thread 0x0000021df7136730 5006       1       javafx.util.Pair::getValue (5 bytes)
Event: 31.501 Thread 0x0000021df7136730 nmethod 5006 0x0000021d87c73408 code [0x0000021d87c73500, 0x0000021d87c735c8]
Event: 31.743 Thread 0x0000021df7111b00 5007       4       com.sun.javafx.geom.transform.Identity::inverseTransform (20 bytes)
Event: 31.744 Thread 0x0000021df7111b00 nmethod 5007 0x0000021d87c73708 code [0x0000021d87c73800, 0x0000021d87c738d0]
Event: 85.458 Thread 0x0000021df7111b00 5008       4       com.sun.javafx.tk.quantum.QuantumToolkit::postPulse (133 bytes)
Event: 85.461 Thread 0x0000021df7111b00 nmethod 5008 0x0000021d87c73a08 code [0x0000021d87c73b00, 0x0000021d87c73d10]
Event: 86.531 Thread 0x0000021df7111b00 5009       4       com.sun.javafx.tk.quantum.QuantumToolkit$$Lambda/0x000000002a060648::run (8 bytes)
Event: 86.533 Thread 0x0000021df7111b00 nmethod 5009 0x0000021d87c73d88 code [0x0000021d87c73e80, 0x0000021d87c740d0]

GC Heap Usage History (4 events):
Event: 0.597 {heap Before GC invocations=0 (full 0):
 garbage-first heap   total reserved 1982464K, committed 126976K, used 28819K [0x0000000087000000, 0x0000000100000000)
  region size 1024K, 28 young (28672K), 0 survivors (0K)
}
Event: 0.599 {heap After GC invocations=1 (full 0):
 garbage-first heap   total reserved 1982464K, committed 126976K, used 3801K [0x0000000087000000, 0x0000000100000000)
  region size 1024K, 3 young (3072K), 3 survivors (3072K)
}
Event: 1.426 {heap Before GC invocations=1 (full 0):
 garbage-first heap   total reserved 1982464K, committed 126976K, used 56025K [0x0000000087000000, 0x0000000100000000)
  region size 1024K, 55 young (56320K), 3 survivors (3072K)
}
Event: 1.434 {heap After GC invocations=2 (full 0):
 garbage-first heap   total reserved 1982464K, committed 126976K, used 8472K [0x0000000087000000, 0x0000000100000000)
  region size 1024K, 7 young (7168K), 7 survivors (7168K)
}

Metaspace Usage History (4 events):
Event: 0.597 {metaspace Before GC invocations=0 (full 0):
 Metaspace       used 5916K, committed 6144K, reserved 1114112K
  class space    used 559K, committed 640K, reserved 1048576K
}
Event: 0.599 {metaspace After GC invocations=1 (full 0):
 Metaspace       used 5916K, committed 6144K, reserved 1114112K
  class space    used 559K, committed 640K, reserved 1048576K
}
Event: 1.426 {metaspace Before GC invocations=1 (full 0):
 Metaspace       used 13719K, committed 13888K, reserved 1114112K
  class space    used 1821K, committed 1920K, reserved 1048576K
}
Event: 1.434 {metaspace After GC invocations=2 (full 0):
 Metaspace       used 13719K, committed 13888K, reserved 1114112K
  class space    used 1821K, committed 1920K, reserved 1048576K
}

Dll operation events (20 events):
Event: 0.330 Loaded shared library C:\javafx-sdk-25.0.1\bin\api-ms-win-crt-locale-l1-1-0.dll
Event: 0.331 Loaded shared library C:\javafx-sdk-25.0.1\bin\api-ms-win-crt-math-l1-1-0.dll
Event: 0.332 Loaded shared library C:\javafx-sdk-25.0.1\bin\api-ms-win-crt-multibyte-l1-1-0.dll
Event: 0.333 Loaded shared library C:\javafx-sdk-25.0.1\bin\api-ms-win-crt-private-l1-1-0.dll
Event: 0.334 Loaded shared library C:\javafx-sdk-25.0.1\bin\api-ms-win-crt-process-l1-1-0.dll
Event: 0.335 Loaded shared library C:\javafx-sdk-25.0.1\bin\api-ms-win-crt-runtime-l1-1-0.dll
Event: 0.336 Loaded shared library C:\javafx-sdk-25.0.1\bin\api-ms-win-crt-stdio-l1-1-0.dll
Event: 0.337 Loaded shared library C:\javafx-sdk-25.0.1\bin\api-ms-win-crt-string-l1-1-0.dll
Event: 0.338 Loaded shared library C:\javafx-sdk-25.0.1\bin\api-ms-win-crt-time-l1-1-0.dll
Event: 0.339 Loaded shared library C:\javafx-sdk-25.0.1\bin\api-ms-win-crt-utility-l1-1-0.dll
Event: 0.341 Loaded shared library C:\javafx-sdk-25.0.1\bin\ucrtbase.dll
Event: 0.342 Loaded shared library C:\javafx-sdk-25.0.1\bin\vcruntime140.dll
Event: 0.343 Loaded shared library C:\javafx-sdk-25.0.1\bin\vcruntime140_1.dll
Event: 0.344 Loaded shared library C:\javafx-sdk-25.0.1\bin\msvcp140.dll
Event: 0.345 Loaded shared library C:\javafx-sdk-25.0.1\bin\msvcp140_1.dll
Event: 0.346 Loaded shared library C:\javafx-sdk-25.0.1\bin\msvcp140_2.dll
Event: 0.372 Loaded shared library C:\javafx-sdk-25.0.1\bin\prism_d3d.dll
Event: 0.403 Loaded shared library C:\javafx-sdk-25.0.1\bin\glass.dll
Event: 0.589 Loaded shared library C:\Users\duytr\.jdks\openjdk-25.0.1\bin\jimage.dll
Event: 0.843 Loaded shared library C:\javafx-sdk-25.0.1\bin\javafx_font.dll

Deoptimization events (20 events):
Event: 26.496 Thread 0x0000021df7cdaff0 DEOPT PACKING pc=0x0000021d87c0684c sp=0x00000022cedfe940
Event: 26.496 Thread 0x0000021df7cdaff0 DEOPT UNPACKING pc=0x0000021d8765c882 sp=0x00000022cedfe8b8 mode 2
Event: 26.496 Thread 0x0000021df7cdaff0 Uncommon trap: trap_request=0xffffffde fr.pc=0x0000021d87c0684c relative=0x000000000000052c
Event: 26.496 Thread 0x0000021df7cdaff0 Uncommon trap: reason=class_check action=maybe_recompile pc=0x0000021d87c0684c method=javafx.scene.Node.updateLocalToParentTransform()V @ 11 c2
Event: 26.496 Thread 0x0000021df7cdaff0 DEOPT PACKING pc=0x0000021d87c0684c sp=0x00000022cedfe940
Event: 26.496 Thread 0x0000021df7cdaff0 DEOPT UNPACKING pc=0x0000021d8765c882 sp=0x00000022cedfe8b8 mode 2
Event: 27.071 Thread 0x0000021df78e7c60 Uncommon trap: trap_request=0xffffff45 fr.pc=0x0000021d87c0b1ec relative=0x00000000000036ec
Event: 27.071 Thread 0x0000021df78e7c60 Uncommon trap: reason=unstable_if action=reinterpret pc=0x0000021d87c0b1ec method=com.sun.marlin.Renderer._endRendering(IILcom/sun/marlin/MarlinAlphaConsumer;)V @ 2105 c2
Event: 27.071 Thread 0x0000021df78e7c60 DEOPT PACKING pc=0x0000021d87c0b1ec sp=0x00000022cebfd6f0
Event: 27.071 Thread 0x0000021df78e7c60 DEOPT UNPACKING pc=0x0000021d8765c882 sp=0x00000022cebfd588 mode 2
Event: 28.574 Thread 0x0000021df78e7c60 DEOPT PACKING pc=0x0000021d808747b4 sp=0x00000022cebfd1e0
Event: 28.574 Thread 0x0000021df78e7c60 DEOPT UNPACKING pc=0x0000021d875812a2 sp=0x00000022cebfca88 mode 0
Event: 28.786 Thread 0x0000021df78e7c60 DEOPT PACKING pc=0x0000021d808747b4 sp=0x00000022cebfd1e0
Event: 28.786 Thread 0x0000021df78e7c60 DEOPT UNPACKING pc=0x0000021d875812a2 sp=0x00000022cebfca88 mode 0
Event: 28.895 Thread 0x0000021df78e7c60 DEOPT PACKING pc=0x0000021d808747b4 sp=0x00000022cebfd860
Event: 28.895 Thread 0x0000021df78e7c60 DEOPT UNPACKING pc=0x0000021d875812a2 sp=0x00000022cebfd108 mode 0
Event: 29.791 Thread 0x0000021df78e7c60 DEOPT PACKING pc=0x0000021d808747b4 sp=0x00000022cebfd860
Event: 29.791 Thread 0x0000021df78e7c60 DEOPT UNPACKING pc=0x0000021d875812a2 sp=0x00000022cebfd108 mode 0
Event: 30.072 Thread 0x0000021df7cdaff0 DEOPT PACKING pc=0x0000021d8077f740 sp=0x00000022cedfa310
Event: 30.072 Thread 0x0000021df7cdaff0 DEOPT UNPACKING pc=0x0000021d875812a2 sp=0x00000022cedf98e8 mode 0

Classes loaded (20 events):
Event: 8.592 Loading class java/util/stream/IntPipeline done
Event: 8.592 Loading class java/util/stream/IntPipeline$Head done
Event: 8.592 Loading class java/util/stream/IntPipeline$1
Event: 8.592 Loading class java/util/stream/IntPipeline$1 done
Event: 8.592 Loading class java/util/stream/IntPipeline$1$1
Event: 8.592 Loading class java/util/stream/Sink$ChainedInt
Event: 8.592 Loading class java/util/stream/Sink$OfInt
Event: 8.592 Loading class java/util/stream/Sink$OfInt done
Event: 8.592 Loading class java/util/stream/Sink$ChainedInt done
Event: 8.592 Loading class java/util/stream/IntPipeline$1$1 done
Event: 8.642 Loading class java/lang/invoke/TypeConvertingMethodAdapter$1
Event: 8.642 Loading class java/lang/invoke/TypeConvertingMethodAdapter$1 done
Event: 8.642 Loading class java/lang/invoke/TypeConvertingMethodAdapter$BoxHolder
Event: 8.642 Loading class java/lang/invoke/TypeConvertingMethodAdapter$BoxHolder done
Event: 8.791 Loading class java/lang/FdLibm$Acos
Event: 8.792 Loading class java/lang/FdLibm$Acos done
Event: 9.889 Loading class java/util/TreeSet
Event: 9.889 Loading class java/util/TreeSet done
Event: 143.847 Loading class jdk/internal/misc/Signal$1
Event: 143.847 Loading class jdk/internal/misc/Signal$1 done

Classes unloaded (0 events):
No events

Classes redefined (0 events):
No events

Internal exceptions (20 events):
Event: 8.586 Thread 0x0000021df7cdaff0 Exception <a 'java/io/FileNotFoundException'{0x000000008e2e4870}> (0x000000008e2e4870) 
thrown [s\open\src\hotspot\share\prims\jni.cpp, line 516]
Event: 8.586 Thread 0x0000021df7cdaff0 Exception <a 'java/io/FileNotFoundException'{0x000000008e2e5640}> (0x000000008e2e5640) 
thrown [s\open\src\hotspot\share\prims\jni.cpp, line 516]
Event: 8.586 Thread 0x0000021df7cdaff0 Exception <a 'java/io/FileNotFoundException'{0x000000008e2e64f8}> (0x000000008e2e64f8) 
thrown [s\open\src\hotspot\share\prims\jni.cpp, line 516]
Event: 8.643 Thread 0x0000021df7cdaff0 Exception <a 'java/lang/NoSuchMethodError'{0x000000008dad4670}: 'void java.lang.invoke.DirectMethodHandle$Holder.invokeSpecial(java.lang.Object, java.lang.Object, int)'> (0x000000008dad4670) 
thrown [s\open\src\hotspot\share\interpreter\linkResolver.cpp, line 804]
Event: 9.867 Thread 0x0000021df7cdaff0 Exception <a 'java/io/FileNotFoundException'{0x000000008cd7bd88}> (0x000000008cd7bd88) 
thrown [s\open\src\hotspot\share\prims\jni.cpp, line 516]
Event: 9.867 Thread 0x0000021df7cdaff0 Exception <a 'java/io/FileNotFoundException'{0x000000008cd7c8a8}> (0x000000008cd7c8a8) 
thrown [s\open\src\hotspot\share\prims\jni.cpp, line 516]
Event: 9.867 Thread 0x0000021df7cdaff0 Exception <a 'java/io/FileNotFoundException'{0x000000008cd7d4b0}> (0x000000008cd7d4b0) 
thrown [s\open\src\hotspot\share\prims\jni.cpp, line 516]
Event: 13.523 Thread 0x0000021df7cdaff0 Exception <a 'java/io/FileNotFoundException'{0x000000008c9670f0}> (0x000000008c9670f0) 
thrown [s\open\src\hotspot\share\prims\jni.cpp, line 516]
Event: 13.523 Thread 0x0000021df7cdaff0 Exception <a 'java/io/FileNotFoundException'{0x000000008c967c10}> (0x000000008c967c10) 
thrown [s\open\src\hotspot\share\prims\jni.cpp, line 516]
Event: 13.523 Thread 0x0000021df7cdaff0 Exception <a 'java/io/FileNotFoundException'{0x000000008c968818}> (0x000000008c968818) 
thrown [s\open\src\hotspot\share\prims\jni.cpp, line 516]
Event: 15.862 Thread 0x0000021df7cdaff0 Exception <a 'java/io/FileNotFoundException'{0x000000008c8f0058}> (0x000000008c8f0058) 
thrown [s\open\src\hotspot\share\prims\jni.cpp, line 516]
Event: 15.862 Thread 0x0000021df7cdaff0 Exception <a 'java/io/FileNotFoundException'{0x000000008c8f0b78}> (0x000000008c8f0b78) 
thrown [s\open\src\hotspot\share\prims\jni.cpp, line 516]
Event: 15.862 Thread 0x0000021df7cdaff0 Exception <a 'java/io/FileNotFoundException'{0x000000008c8f1780}> (0x000000008c8f1780) 
thrown [s\open\src\hotspot\share\prims\jni.cpp, line 516]
Event: 18.507 Thread 0x0000021df7cdaff0 Exception <a 'java/lang/NoSuchMethodError'{0x000000008c687558}: 'java.lang.Object java.lang.invoke.DirectMethodHandle$Holder.newInvokeSpecial(java.lang.Object, java.lang.Object, int, int, int, int, int, java.lang.Object)'> (0x000000008c687558) 
thrown [s\open\src\hotspot\share\interpreter\linkResolver.cpp, line 804]
Event: 20.420 Thread 0x0000021df7cdaff0 Exception <a 'java/io/FileNotFoundException'{0x000000008c6e9be8}> (0x000000008c6e9be8) 
thrown [s\open\src\hotspot\share\prims\jni.cpp, line 516]
Event: 20.420 Thread 0x0000021df7cdaff0 Exception <a 'java/io/FileNotFoundException'{0x000000008c6ea708}> (0x000000008c6ea708) 
thrown [s\open\src\hotspot\share\prims\jni.cpp, line 516]
Event: 20.420 Thread 0x0000021df7cdaff0 Exception <a 'java/io/FileNotFoundException'{0x000000008c6eb310}> (0x000000008c6eb310) 
thrown [s\open\src\hotspot\share\prims\jni.cpp, line 516]
Event: 28.867 Thread 0x0000021df7cdaff0 Exception <a 'java/io/FileNotFoundException'{0x000000008c397d78}> (0x000000008c397d78) 
thrown [s\open\src\hotspot\share\prims\jni.cpp, line 516]
Event: 28.867 Thread 0x0000021df7cdaff0 Exception <a 'java/io/FileNotFoundException'{0x000000008c398898}> (0x000000008c398898) 
thrown [s\open\src\hotspot\share\prims\jni.cpp, line 516]
Event: 28.867 Thread 0x0000021df7cdaff0 Exception <a 'java/io/FileNotFoundException'{0x000000008c3994a0}> (0x000000008c3994a0) 
thrown [s\open\src\hotspot\share\prims\jni.cpp, line 516]

VM Operations (20 events):
Event: 0.850 Executing non-safepoint VM operation: HandshakeAllThreads (Deoptimize) done
Event: 1.062 Executing non-safepoint VM operation: HandshakeAllThreads (Deoptimize)
Event: 1.062 Executing non-safepoint VM operation: HandshakeAllThreads (Deoptimize) done
Event: 1.081 Executing non-safepoint VM operation: HandshakeAllThreads (Deoptimize)
Event: 1.081 Executing non-safepoint VM operation: HandshakeAllThreads (Deoptimize) done
Event: 1.270 Executing non-safepoint VM operation: HandshakeAllThreads (Deoptimize)
Event: 1.270 Executing non-safepoint VM operation: HandshakeAllThreads (Deoptimize) done
Event: 1.426 Executing safepoint VM operation: G1CollectForAllocation (G1 Evacuation Pause)
Event: 1.434 Executing safepoint VM operation: G1CollectForAllocation (G1 Evacuation Pause) done
Event: 1.439 Executing non-safepoint VM operation: HandshakeAllThreads (Deoptimize)
Event: 1.439 Executing non-safepoint VM operation: HandshakeAllThreads (Deoptimize) done
Event: 8.632 Executing non-safepoint VM operation: HandshakeAllThreads (Deoptimize)
Event: 8.632 Executing non-safepoint VM operation: HandshakeAllThreads (Deoptimize) done
Event: 8.710 Executing non-safepoint VM operation: HandshakeAllThreads (Deoptimize)
Event: 8.710 Executing non-safepoint VM operation: HandshakeAllThreads (Deoptimize) done
Event: 60.203 Executing non-safepoint VM operation: HandshakeAllThreads (HandshakeForDeflation)
Event: 60.203 Executing non-safepoint VM operation: HandshakeAllThreads (HandshakeForDeflation) done
Event: 60.203 Executing non-safepoint VM operation: RendezvousGCThreads
Event: 60.203 Executing non-safepoint VM operation: RendezvousGCThreads done
Event: 143.850 Executing safepoint VM operation: Exit

Memory protections (0 events):
No events

Nmethod flushes (0 events):
No events

Events (20 events):
Event: 9.164 Thread 0x0000021dfc76e160 Thread exited: 0x0000021dfc76e160
Event: 9.648 Thread 0x0000021df7136730 Thread added: 0x0000021dfc76f990
Event: 9.861 Thread 0x0000021dfc76f990 Thread exited: 0x0000021dfc76f990
Event: 9.869 Thread 0x0000021df7136730 Thread added: 0x0000021dfc76e160
Event: 10.205 Thread 0x0000021dfc76e160 Thread exited: 0x0000021dfc76e160
Event: 10.762 Thread 0x0000021df7136730 Thread added: 0x0000021dfc76d140
Event: 11.018 Thread 0x0000021dfc76d140 Thread exited: 0x0000021dfc76d140
Event: 13.041 Thread 0x0000021df7111b00 Thread added: 0x0000021dfc76d140
Event: 13.250 Thread 0x0000021dfc76d140 Thread exited: 0x0000021dfc76d140
Event: 20.441 Thread 0x0000021df7136730 Thread added: 0x0000021dfc773a10
Event: 20.773 Thread 0x0000021dfc773a10 Thread exited: 0x0000021dfc773a10
Event: 143.847 Thread 0x0000021df70fa860 Thread added: 0x0000021dfc67ed30
Event: 143.848 Thread 0x0000021dfc67ed30 Thread added: 0x0000021dfc67d5c0
Event: 143.848 Thread 0x0000021dfc67ed30 Thread added: 0x0000021dfc67fcd0
Event: 143.848 Thread 0x0000021dfc67fcd0 Thread exited: 0x0000021dfc67fcd0
Event: 143.849 Thread 0x0000021dfc67d5c0 Thread added: 0x0000021df7b41900
Event: 143.850 Thread 0x0000021df7b41900 Thread exited: 0x0000021df7b41900
Event: 143.850 Thread 0x0000021dfc67d5c0 Thread exited: 0x0000021dfc67d5c0
Event: 143.850 Thread 0x0000021dfc67ed30 Before exit entered
Event: 143.850 Thread 0x0000021df70fa860 Thread exited: 0x0000021df70fa860


Dynamic libraries:
0x00007ff782cc0000 - 0x00007ff782cce000 	C:\Users\duytr\.jdks\openjdk-25.0.1\bin\java.exe
0x00007ffa60fe0000 - 0x00007ffa61248000 	C:\WINDOWS\SYSTEM32\ntdll.dll
0x00007ffa60b20000 - 0x00007ffa60be9000 	C:\WINDOWS\System32\KERNEL32.DLL
0x00007ffa5e460000 - 0x00007ffa5e852000 	C:\WINDOWS\System32\KERNELBASE.dll
0x00007ffa5ec60000 - 0x00007ffa5edab000 	C:\WINDOWS\System32\ucrtbase.dll
0x00007ffa54980000 - 0x00007ffa5499e000 	C:\Users\duytr\.jdks\openjdk-25.0.1\bin\VCRUNTIME140.dll
0x00007ffa426c0000 - 0x00007ffa426d7000 	C:\Users\duytr\.jdks\openjdk-25.0.1\bin\jli.dll
0x00007ffa5fe20000 - 0x00007ffa5ffe5000 	C:\WINDOWS\System32\USER32.dll
0x00007ffa474a0000 - 0x00007ffa47733000 	C:\WINDOWS\WinSxS\amd64_microsoft.windows.common-controls_6595b64144ccf1df_6.0.26100.6899_none_3e0efeeae32e88c1\COMCTL32.dll
0x00007ffa5ef90000 - 0x00007ffa5f039000 	C:\WINDOWS\System32\msvcrt.dll
0x00007ffa5ea60000 - 0x00007ffa5ea87000 	C:\WINDOWS\System32\win32u.dll
0x00007ffa60a80000 - 0x00007ffa60aab000 	C:\WINDOWS\System32\GDI32.dll
0x00007ffa5ea90000 - 0x00007ffa5ebbd000 	C:\WINDOWS\System32\gdi32full.dll
0x00007ffa5e9b0000 - 0x00007ffa5ea53000 	C:\WINDOWS\System32\msvcp_win.dll
0x00007ffa5f9c0000 - 0x00007ffa5f9ef000 	C:\WINDOWS\System32\IMM32.DLL
0x00007ffa5b230000 - 0x00007ffa5b23c000 	C:\Users\duytr\.jdks\openjdk-25.0.1\bin\vcruntime140_1.dll
0x00007ffa2d430000 - 0x00007ffa2d4bd000 	C:\Users\duytr\.jdks\openjdk-25.0.1\bin\msvcp140.dll
0x00007ff9a3670000 - 0x00007ff9a44cf000 	C:\Users\duytr\.jdks\openjdk-25.0.1\bin\server\jvm.dll
0x00007ffa60bf0000 - 0x00007ffa60ca4000 	C:\WINDOWS\System32\ADVAPI32.dll
0x00007ffa5edb0000 - 0x00007ffa5ee56000 	C:\WINDOWS\System32\sechost.dll
0x00007ffa5ee70000 - 0x00007ffa5ef88000 	C:\WINDOWS\System32\RPCRT4.dll
0x00007ffa60580000 - 0x00007ffa605f4000 	C:\WINDOWS\System32\WS2_32.dll
0x00007ffa5dfd0000 - 0x00007ffa5e02e000 	C:\WINDOWS\SYSTEM32\POWRPROF.dll
0x00007ffa47c20000 - 0x00007ffa47c55000 	C:\WINDOWS\SYSTEM32\WINMM.dll
0x00007ffa4ac00000 - 0x00007ffa4ac0b000 	C:\WINDOWS\SYSTEM32\VERSION.dll
0x00007ffa5dfb0000 - 0x00007ffa5dfc4000 	C:\WINDOWS\SYSTEM32\UMPDC.dll
0x00007ffa5cf40000 - 0x00007ffa5cf5b000 	C:\WINDOWS\SYSTEM32\kernel.appcore.dll
0x00007ffa5b1b0000 - 0x00007ffa5b1ba000 	C:\Users\duytr\.jdks\openjdk-25.0.1\bin\jimage.dll
0x00007ffa58da0000 - 0x00007ffa58fe2000 	C:\WINDOWS\SYSTEM32\DBGHELP.DLL
0x00007ffa5faa0000 - 0x00007ffa5fe1b000 	C:\WINDOWS\System32\combase.dll
0x00007ffa607d0000 - 0x00007ffa608a7000 	C:\WINDOWS\System32\OLEAUT32.dll
0x00007ffa327c0000 - 0x00007ffa327fc000 	C:\WINDOWS\SYSTEM32\dbgcore.DLL
0x00007ffa5ebc0000 - 0x00007ffa5ec58000 	C:\WINDOWS\System32\bcryptPrimitives.dll
0x00007ffa55240000 - 0x00007ffa55250000 	C:\Users\duytr\.jdks\openjdk-25.0.1\bin\instrument.dll
0x00007ffa42350000 - 0x00007ffa4236f000 	C:\Users\duytr\.jdks\openjdk-25.0.1\bin\java.dll
0x00007ffa60630000 - 0x00007ffa607c8000 	C:\WINDOWS\System32\ole32.dll
0x00007ffa5f270000 - 0x00007ffa5f9bd000 	C:\WINDOWS\System32\SHELL32.dll
0x00007ffa5e2f0000 - 0x00007ffa5e45b000 	C:\WINDOWS\System32\wintypes.dll
0x00007ffa5bde0000 - 0x00007ffa5c63d000 	C:\WINDOWS\SYSTEM32\windows.storage.dll
0x00007ffa5fff0000 - 0x00007ffa600e2000 	C:\WINDOWS\System32\SHCORE.dll
0x00007ffa60ab0000 - 0x00007ffa60b12000 	C:\WINDOWS\System32\shlwapi.dll
0x00007ffa5e090000 - 0x00007ffa5e0b9000 	C:\WINDOWS\SYSTEM32\profapi.dll
0x00007ffa42080000 - 0x00007ffa42092000 	C:\Users\duytr\.jdks\openjdk-25.0.1\bin\net.dll
0x00007ffa5d4b0000 - 0x00007ffa5d51b000 	C:\WINDOWS\system32\mswsock.dll
0x00007ffa3f530000 - 0x00007ffa3f546000 	C:\Users\duytr\.jdks\openjdk-25.0.1\bin\nio.dll
0x00007ffa38b40000 - 0x00007ffa38b57000 	C:\Users\duytr\.jdks\openjdk-25.0.1\bin\zip.dll
0x00007ffa456e0000 - 0x00007ffa456e9000 	C:\Users\duytr\.jdks\openjdk-25.0.1\bin\extnet.dll
0x0000021df7dd0000 - 0x0000021df7dd4000 	C:\javafx-sdk-25.0.1\bin\api-ms-win-core-console-l1-1-0.dll
0x0000021df7de0000 - 0x0000021df7de4000 	C:\javafx-sdk-25.0.1\bin\api-ms-win-core-console-l1-2-0.dll
0x0000021df7df0000 - 0x0000021df7df4000 	C:\javafx-sdk-25.0.1\bin\api-ms-win-core-datetime-l1-1-0.dll
0x0000021df7e00000 - 0x0000021df7e04000 	C:\javafx-sdk-25.0.1\bin\api-ms-win-core-debug-l1-1-0.dll
0x0000021df7e10000 - 0x0000021df7e14000 	C:\javafx-sdk-25.0.1\bin\api-ms-win-core-errorhandling-l1-1-0.dll
0x0000021df7e20000 - 0x0000021df7e25000 	C:\javafx-sdk-25.0.1\bin\api-ms-win-core-file-l1-1-0.dll
0x0000021df7e30000 - 0x0000021df7e34000 	C:\javafx-sdk-25.0.1\bin\api-ms-win-core-file-l1-2-0.dll
0x0000021df7e40000 - 0x0000021df7e44000 	C:\javafx-sdk-25.0.1\bin\api-ms-win-core-file-l2-1-0.dll
0x0000021df7e50000 - 0x0000021df7e54000 	C:\javafx-sdk-25.0.1\bin\api-ms-win-core-handle-l1-1-0.dll
0x0000021df7e60000 - 0x0000021df7e64000 	C:\javafx-sdk-25.0.1\bin\api-ms-win-core-heap-l1-1-0.dll
0x0000021df7e70000 - 0x0000021df7e74000 	C:\javafx-sdk-25.0.1\bin\api-ms-win-core-interlocked-l1-1-0.dll
0x0000021df7e80000 - 0x0000021df7e84000 	C:\javafx-sdk-25.0.1\bin\api-ms-win-core-libraryloader-l1-1-0.dll
0x0000021df7e90000 - 0x0000021df7e94000 	C:\javafx-sdk-25.0.1\bin\api-ms-win-core-localization-l1-2-0.dll
0x0000021df7ea0000 - 0x0000021df7ea4000 	C:\javafx-sdk-25.0.1\bin\api-ms-win-core-memory-l1-1-0.dll
0x0000021df7eb0000 - 0x0000021df7eb4000 	C:\javafx-sdk-25.0.1\bin\api-ms-win-core-namedpipe-l1-1-0.dll
0x0000021df7ec0000 - 0x0000021df7ec4000 	C:\javafx-sdk-25.0.1\bin\api-ms-win-core-processenvironment-l1-1-0.dll
0x0000021df7ed0000 - 0x0000021df7ed4000 	C:\javafx-sdk-25.0.1\bin\api-ms-win-core-processthreads-l1-1-0.dll
0x0000021df7ee0000 - 0x0000021df7ee4000 	C:\javafx-sdk-25.0.1\bin\api-ms-win-core-processthreads-l1-1-1.dll
0x0000021df7ef0000 - 0x0000021df7ef4000 	C:\javafx-sdk-25.0.1\bin\api-ms-win-core-profile-l1-1-0.dll
0x0000021df7f00000 - 0x0000021df7f04000 	C:\javafx-sdk-25.0.1\bin\api-ms-win-core-rtlsupport-l1-1-0.dll
0x0000021df7f10000 - 0x0000021df7f14000 	C:\javafx-sdk-25.0.1\bin\api-ms-win-core-string-l1-1-0.dll
0x0000021df7f20000 - 0x0000021df7f24000 	C:\javafx-sdk-25.0.1\bin\api-ms-win-core-synch-l1-1-0.dll
0x0000021df7f30000 - 0x0000021df7f34000 	C:\javafx-sdk-25.0.1\bin\api-ms-win-core-synch-l1-2-0.dll
0x0000021df7f40000 - 0x0000021df7f44000 	C:\javafx-sdk-25.0.1\bin\api-ms-win-core-sysinfo-l1-1-0.dll
0x0000021df7f50000 - 0x0000021df7f54000 	C:\javafx-sdk-25.0.1\bin\api-ms-win-core-timezone-l1-1-0.dll
0x0000021df7f60000 - 0x0000021df7f64000 	C:\javafx-sdk-25.0.1\bin\api-ms-win-core-util-l1-1-0.dll
0x0000021df7f70000 - 0x0000021df7f74000 	C:\javafx-sdk-25.0.1\bin\api-ms-win-crt-conio-l1-1-0.dll
0x0000021df7f80000 - 0x0000021df7f85000 	C:\javafx-sdk-25.0.1\bin\api-ms-win-crt-convert-l1-1-0.dll
0x0000021df7f90000 - 0x0000021df7f94000 	C:\javafx-sdk-25.0.1\bin\api-ms-win-crt-environment-l1-1-0.dll
0x0000021df7fa0000 - 0x0000021df7fa4000 	C:\javafx-sdk-25.0.1\bin\api-ms-win-crt-filesystem-l1-1-0.dll
0x0000021df7fb0000 - 0x0000021df7fb4000 	C:\javafx-sdk-25.0.1\bin\api-ms-win-crt-heap-l1-1-0.dll
0x0000021df7fc0000 - 0x0000021df7fc4000 	C:\javafx-sdk-25.0.1\bin\api-ms-win-crt-locale-l1-1-0.dll
0x0000021df7fd0000 - 0x0000021df7fd6000 	C:\javafx-sdk-25.0.1\bin\api-ms-win-crt-math-l1-1-0.dll
0x0000021df7fe0000 - 0x0000021df7fe6000 	C:\javafx-sdk-25.0.1\bin\api-ms-win-crt-multibyte-l1-1-0.dll
0x0000021dfcfd0000 - 0x0000021dfcfe1000 	C:\javafx-sdk-25.0.1\bin\api-ms-win-crt-private-l1-1-0.dll
0x0000021df7ff0000 - 0x0000021df7ff4000 	C:\javafx-sdk-25.0.1\bin\api-ms-win-crt-process-l1-1-0.dll
0x0000021dfcff0000 - 0x0000021dfcff5000 	C:\javafx-sdk-25.0.1\bin\api-ms-win-crt-runtime-l1-1-0.dll
0x0000021dfd000000 - 0x0000021dfd005000 	C:\javafx-sdk-25.0.1\bin\api-ms-win-crt-stdio-l1-1-0.dll
0x0000021dfd010000 - 0x0000021dfd015000 	C:\javafx-sdk-25.0.1\bin\api-ms-win-crt-string-l1-1-0.dll
0x0000021dfd020000 - 0x0000021dfd024000 	C:\javafx-sdk-25.0.1\bin\api-ms-win-crt-time-l1-1-0.dll
0x0000021dfd030000 - 0x0000021dfd034000 	C:\javafx-sdk-25.0.1\bin\api-ms-win-crt-utility-l1-1-0.dll
0x00007ffa1d7b0000 - 0x00007ffa1d8c1000 	C:\javafx-sdk-25.0.1\bin\ucrtbase.dll
0x00007ffa354c0000 - 0x00007ffa354de000 	C:\javafx-sdk-25.0.1\bin\vcruntime140.dll
0x00007ffa44040000 - 0x00007ffa4404c000 	C:\javafx-sdk-25.0.1\bin\vcruntime140_1.dll
0x00007ffa1da10000 - 0x00007ffa1da9d000 	C:\javafx-sdk-25.0.1\bin\msvcp140.dll
0x00007ffa42730000 - 0x00007ffa42739000 	C:\javafx-sdk-25.0.1\bin\msvcp140_1.dll
0x00007ffa1dc70000 - 0x00007ffa1dcb1000 	C:\javafx-sdk-25.0.1\bin\msvcp140_2.dll
0x00007ffa29cd0000 - 0x00007ffa29d00000 	C:\javafx-sdk-25.0.1\bin\prism_d3d.dll
0x00007ff9fd490000 - 0x00007ff9fd640000 	C:\WINDOWS\system32\d3d9.dll
0x00007ffa5b740000 - 0x00007ffa5b76d000 	C:\WINDOWS\SYSTEM32\dwmapi.dll
0x00007ffa5b6f0000 - 0x00007ffa5b734000 	C:\WINDOWS\SYSTEM32\dxcore.dll
0x00007ffa5b5d0000 - 0x00007ffa5b67a000 	C:\WINDOWS\system32\uxtheme.dll
0x00007ff9dd3f0000 - 0x00007ff9dd59c000 	C:\WINDOWS\System32\DriverStore\FileRepository\iigd_dch.inf_amd64_86def921271c86b5\igdumdim64.dll
0x00007ff9d9790000 - 0x00007ff9dd3ec000 	C:\WINDOWS\System32\DriverStore\FileRepository\iigd_dch.inf_amd64_86def921271c86b5\igd9dxva64.dll
0x00007ffa600f0000 - 0x00007ffa60578000 	C:\WINDOWS\System32\SETUPAPI.dll
0x00007ffa5dcf0000 - 0x00007ffa5dd47000 	C:\WINDOWS\SYSTEM32\cfgmgr32.dll
0x00007ffa52bc0000 - 0x00007ffa52fb0000 	C:\WINDOWS\System32\DriverStore\FileRepository\iigd_dch.inf_amd64_86def921271c86b5\igdgmm64.dll
0x00007ffa55110000 - 0x00007ffa55173000 	C:\WINDOWS\SYSTEM32\directxdatabasehelper.dll
0x00007ffa1d9c0000 - 0x00007ffa1da09000 	C:\javafx-sdk-25.0.1\bin\glass.dll
0x00007ffa60d60000 - 0x00007ffa60e53000 	C:\WINDOWS\System32\COMDLG32.dll
0x00007ffa60ee0000 - 0x00007ffa60f91000 	C:\WINDOWS\System32\clbcatq.dll
0x00007ffa3e2d0000 - 0x00007ffa3e420000 	C:\Windows\System32\Windows.UI.dll
0x00007ffa312f0000 - 0x00007ffa313ab000 	C:\Windows\System32\Windows.Networking.Connectivity.dll
0x00007ffa4bb80000 - 0x00007ffa4bdc5000 	C:\Windows\System32\twinapi.appcore.dll
0x00007ffa608b0000 - 0x00007ffa60a0b000 	C:\WINDOWS\System32\MSCTF.dll
0x00007ffa248b0000 - 0x00007ffa248d7000 	C:\WINDOWS\System32\DriverStore\FileRepository\iigd_dch.inf_amd64_86def921271c86b5\igdinfo64.dll
0x00007ffa5d760000 - 0x00007ffa5d77b000 	C:\WINDOWS\SYSTEM32\CRYPTSP.dll
0x00007ffa5cea0000 - 0x00007ffa5cedb000 	C:\WINDOWS\system32\rsaenh.dll
0x00007ffa5d780000 - 0x00007ffa5d78c000 	C:\WINDOWS\SYSTEM32\CRYPTBASE.dll
0x00007ffa5e060000 - 0x00007ffa5e086000 	C:\WINDOWS\SYSTEM32\bcrypt.dll
0x00007ffa4e570000 - 0x00007ffa52bb4000 	C:\WINDOWS\System32\DriverStore\FileRepository\iigd_dch.inf_amd64_86def921271c86b5\igc64.dll
0x00007ffa2ae00000 - 0x00007ffa2af4e000 	C:\Windows\System32\Windows.UI.Immersive.dll
0x00007ffa4a600000 - 0x00007ffa4a619000 	C:\WINDOWS\System32\npmproxy.dll
0x00007ffa4c790000 - 0x00007ffa4c81e000 	C:\WINDOWS\SYSTEM32\wlanapi.dll
0x00007ffa4cd30000 - 0x00007ffa4cd52000 	C:\WINDOWS\SYSTEM32\MobileNetworking.dll
0x00007ffa5ca10000 - 0x00007ffa5ca44000 	C:\Windows\System32\IPHLPAPI.DLL
0x00007ffa60a10000 - 0x00007ffa60a1a000 	C:\WINDOWS\System32\NSI.dll
0x00007ffa40560000 - 0x00007ffa40573000 	C:\Windows\System32\dusmapi.dll
0x00007ffa22f00000 - 0x00007ffa22f15000 	C:\javafx-sdk-25.0.1\bin\javafx_font.dll
0x00007ffa59aa0000 - 0x00007ffa59d07000 	C:\WINDOWS\SYSTEM32\dwrite.dll
0x00007ffa593d0000 - 0x00007ffa59600000 	C:\WINDOWS\SYSTEM32\WindowsCodecs.dll

JVMTI agents:
C:\Program Files\JetBrains\IntelliJ IDEA 2025.2.4\lib\idea_rt.jar path:C:\Users\duytr\.jdks\openjdk-25.0.1\bin\instrument.dll, loaded, initialized, instrumentlib options:56363

dbghelp: loaded successfully - version: 4.0.5 - missing functions: none
symbol engine: initialized successfully - sym options: 0x614 - pdb path: .;C:\Users\duytr\.jdks\openjdk-25.0.1\bin;C:\WINDOWS\SYSTEM32;C:\WINDOWS\WinSxS\amd64_microsoft.windows.common-controls_6595b64144ccf1df_6.0.26100.6899_none_3e0efeeae32e88c1;C:\Users\duytr\.jdks\openjdk-25.0.1\bin\server;C:\javafx-sdk-25.0.1\bin;C:\WINDOWS\System32\DriverStore\FileRepository\iigd_dch.inf_amd64_86def921271c86b5;C:\Program Files\Common Files\Microsoft Shared\Ink

VM Arguments:
jvm_args: --module-path=C:\javafx-sdk-25.0.1\lib --add-modules=javafx.controls,javafx.fxml -javaagent:C:\Program Files\JetBrains\IntelliJ IDEA 2025.2.4\lib\idea_rt.jar=56363 -Dfile.encoding=UTF-8 -Dsun.stdout.encoding=UTF-8 -Dsun.stderr.encoding=UTF-8 
java_command: Main
java_class_path (initial): C:\Users\duytr\IdeaProjects\untitled1\out\production\untitled1;C:\javafx-sdk-25.0.1\lib\javafx-swt.jar;C:\javafx-sdk-25.0.1\lib\javafx.web.jar;C:\javafx-sdk-25.0.1\lib\javafx.base.jar;C:\javafx-sdk-25.0.1\lib\javafx.fxml.jar;C:\javafx-sdk-25.0.1\lib\javafx.media.jar;C:\javafx-sdk-25.0.1\lib\javafx.swing.jar;C:\javafx-sdk-25.0.1\lib\jdk.jsobject.jar;C:\javafx-sdk-25.0.1\lib\javafx.controls.jar;C:\javafx-sdk-25.0.1\lib\javafx.graphics.jar;C:\javafx-sdk-25.0.1\lib\jfx.incubator.input.jar;C:\javafx-sdk-25.0.1\lib\jfx.incubator.richtext.jar
Launcher Type: SUN_STANDARD

[Global flags]
     intx CICompilerCount                          = 3                                         {product} {ergonomic}
     uint ConcGCThreads                            = 1                                         {product} {ergonomic}
     uint G1ConcRefinementThreads                  = 4                                         {product} {ergonomic}
   size_t G1HeapRegionSize                         = 1048576                                   {product} {ergonomic}
   size_t InitialHeapSize                          = 127926272                                 {product} {ergonomic}
   size_t MarkStackSize                            = 4194304                                   {product} {ergonomic}
   size_t MarkStackSizeMax                         = 536870912                                 {product} {ergonomic}
   size_t MaxHeapSize                              = 2030043136                                {product} {ergonomic}
   size_t MaxNewSize                               = 1217396736                                {product} {ergonomic}
   size_t MinHeapDeltaBytes                        = 1048576                                   {product} {ergonomic}
   size_t MinHeapSize                              = 8388608                                   {product} {ergonomic}
    uintx NonNMethodCodeHeapSize                   = 5832704                                {pd product} {ergonomic}
    uintx NonProfiledCodeHeapSize                  = 122945536                              {pd product} {ergonomic}
    uintx ProfiledCodeHeapSize                     = 122880000                              {pd product} {ergonomic}
    uintx ReservedCodeCacheSize                    = 251658240                              {pd product} {ergonomic}
     bool SegmentedCodeCache                       = true                                      {product} {ergonomic}
   size_t SoftMaxHeapSize                          = 2030043136                             {manageable} {ergonomic}
     bool UseCompressedOops                        = true                           {product lp64_product} {ergonomic}
     bool UseG1GC                                  = true                                      {product} {ergonomic}
     bool UseLargePagesIndividualAllocation        = false                                  {pd product} {ergonomic}

Logging:
Log output configuration:
 #0: stdout all=off uptime,level,tags foldmultilines=false
 #1: stderr all=off uptime,level,tags foldmultilines=false

Release file:
IMPLEMENTOR="Oracle Corporation" 
JAVA_RUNTIME_VERSION="25.0.1+8-27" 
JAVA_VERSION="25.0.1" 
JAVA_VERSION_DATE="2025-10-21" 
LIBC="default" 
MODULES="java.base java.compiler java.datatransfer java.xml java.prefs java.desktop java.instrument java.logging java.management java.security.sasl java.naming java.rmi java.management.rmi java.net.http java.scripting java.security.jgss java.transaction.xa java.sql java.sql.rowset java.xml.crypto java.se java.smartcardio jdk.accessibility jdk.internal.jvmstat jdk.attach jdk.charsets jdk.internal.opt jdk.zipfs jdk.compiler jdk.crypto.cryptoki jdk.crypto.ec jdk.crypto.mscapi jdk.dynalink jdk.internal.ed jdk.editpad jdk.internal.vm.ci jdk.graal.compiler jdk.graal.compiler.management jdk.hotspot.agent jdk.httpserver jdk.incubator.vector jdk.internal.le jdk.internal.md jdk.jartool jdk.javadoc jdk.jcmd jdk.management jdk.management.agent jdk.jconsole jdk.jdeps jdk.jdwp.agent jdk.jdi jdk.jfr jdk.jlink jdk.jpackage jdk.jshell jdk.jsobject jdk.jstatd jdk.localedata jdk.management.jfr jdk.naming.dns jdk.naming.rmi jdk.net jdk.nio.mapmode jdk.sctp jdk.security.auth jdk.security.jgss jdk.unsupported jdk.unsupported.desktop jdk.xml.dom" 
OS_ARCH="x86_64" 
OS_NAME="Windows" 
SOURCE=".:git:78770bfaefd2" 

Environment Variables:
PATH=C:\Program Files (x86)\Common Files\Oracle\Java\java8path;C:\Program Files (x86)\Common Files\Oracle\Java\javapath;C:\WINDOWS\system32;C:\WINDOWS;C:\WINDOWS\System32\Wbem;C:\WINDOWS\System32\WindowsPowerShell\v1.0\;C:\WINDOWS\System32\OpenSSH\;C:\Users\duytr\AppData\Local\Programs\Python\Launcher\;C:\Users\duytr\AppData\Local\Microsoft\WindowsApps;C:\Users\duytr\AppData\Local\Programs\Microsoft VS Code\bin;
USERNAME=Thanh Nguyen
OS=Windows_NT
PROCESSOR_IDENTIFIER=Intel64 Family 6 Model 140 Stepping 1, GenuineIntel
TMP=C:\Users\duytr\AppData\Local\Temp
TEMP=C:\Users\duytr\AppData\Local\Temp




Compilation memory statistics disabled.

Periodic native trim disabled

---------------  S Y S T E M  ---------------

OS:
 Windows 11 , 64 bit Build 26100 (10.0.26100.6725)
OS uptime: 5 days 20:40 hours

CPU: total 4 (initial active 4) (2 cores per cpu, 2 threads per core) family 6 model 140 stepping 1 microcode 0xa4, cx8, cmov, fxsr, ht, mmx, 3dnowpref, sse, sse2, sse3, ssse3, sse4.1, sse4.2, popcnt, lzcnt, tsc, tscinvbit, avx, avx2, aes, erms, clmul, bmi1, bmi2, adx, avx512f, avx512dq, avx512cd, avx512bw, avx512vl, sha, fma, vzeroupper, avx512_vpopcntdq, avx512_vpclmulqdq, avx512_vaes, avx512_vnni, clflush, clflushopt, clwb, avx512_vbmi2, avx512_vbmi, rdtscp, rdpid, fsrm, gfni, avx512_bitalg, f16c, pku, cet_ibt, cet_ss, avx512_ifma
Processor Information for the first 4 processors :
  Max Mhz: 2995, Current Mhz: 2995, Mhz Limit: 2995

Memory: 4k page, system-wide physical 7739M (1248M free)
TotalPageFile size 19505M (AvailPageFile size 3268M)
current process WorkingSet (physical memory assigned to process): 231M, peak: 261M
current process commit charge ("private bytes"): 307M, peak: 352M

vm_info: OpenJDK 64-Bit Server VM (25.0.1+8-27) for windows-amd64 JRE (25.0.1+8-27), built on 2025-09-25T16:41:16Z with unknown MS VC++:1943

END.
