#
# A fatal error has been detected by the Java Runtime Environment:
#
#  EXCEPTION_ACCESS_VIOLATION (0xc0000005) at pc=0x00007ffa1da3a5d7, pid=17648, tid=6288
#
# JRE version: OpenJDK Runtime Environment (25.0.1+8) (build 25.0.1+8-27)
# Java VM: OpenJDK 64-Bit Server VM (25.0.1+8-27, mixed mode, sharing, tiered, compressed oops, compressed class ptrs, g1 gc, windows-amd64)
# Problematic frame:
# C  [glass.dll+0x2a5d7]
#
# No core dump will be written. Minidumps are not enabled by default on client versions of Windows
#
# If you would like to submit a bug report, please visit:
#   https://bugreport.java.com/bugreport/crash.jsp
#

---------------  S U M M A R Y ------------

Command Line: --module-path=C:\javafx-sdk-25.0.1\lib --add-modules=javafx.controls,javafx.fxml -javaagent:C:\Program Files\JetBrains\IntelliJ IDEA 2025.2.4\lib\idea_rt.jar=62085 -Dfile.encoding=UTF-8 -Dsun.stdout.encoding=UTF-8 -Dsun.stderr.encoding=UTF-8 Main

Host: 11th Gen Intel(R) Core(TM) i3-1115G4 @ 3.00GHz, 4 cores, 7G,  Windows 11 , 64 bit Build 26100 (10.0.26100.6725)
Time: Wed Dec 24 20:27:09 2025 SE Asia Standard Time elapsed time: 320.375267 seconds (0d 0h 5m 20s)

---------------  T H R E A D  ---------------

Current thread (0x0000019dc19b6820):  VMThread "VM Thread"          [id=6288, stack(0x0000003f35f00000,0x0000003f36000000) (1024K)]

Stack: [0x0000003f35f00000,0x0000003f36000000],  sp=0x0000003f35fff170,  free space=1020k
Native frames: (J=compiled Java code, j=interpreted, Vv=VM code, C=native code)
C  [glass.dll+0x2a5d7]  (no source info available)
C  [ucrtbase.dll+0x4bc75]  (no source info available)
C  [ucrtbase.dll+0x4b897]  (no source info available)
C  [ucrtbase.dll+0x4b84d]  (no source info available)
C  [glass.dll+0x27b65]  (no source info available)
C  [glass.dll+0x27c81]  (no source info available)
C  [ntdll.dll+0x15f89e]  (no source info available)
C  [ntdll.dll+0xbcae]  (no source info available)
C  [ntdll.dll+0x8d4af]  (no source info available)
C  [ntdll.dll+0x8c67e]  (no source info available)
C  [KERNEL32.DLL+0x418ab]  (no source info available)
C  [ucrtbase.dll+0xa0093]  (no source info available)
V  [jvm.dll+0x79eb3a]  (no source info available)
V  [jvm.dll+0x79f001]  (no source info available)
V  [jvm.dll+0x79eb20]  (no source info available)
V  [jvm.dll+0x47a184]  (no source info available)
V  [jvm.dll+0x96f091]  (no source info available)
V  [jvm.dll+0x9703ad]  (no source info available)
V  [jvm.dll+0x970929]  (no source info available)
V  [jvm.dll+0x970bd3]  (no source info available)
V  [jvm.dll+0x906a0d]  (no source info available)
V  [jvm.dll+0x7a5135]  (no source info available)
C  [ucrtbase.dll+0x37b0]  (no source info available)
C  [KERNEL32.DLL+0x2e8d7]  (no source info available)
C  [ntdll.dll+0x8c53c]  (no source info available)


siginfo: EXCEPTION_ACCESS_VIOLATION (0xc0000005), reading address 0x0000000000000000


Registers:
RAX=0x0000000000000000, RBX=0x0000019dc19ca102, RCX=0x0000019dc19b6820, RDX=0x0000003f35fff170
RSP=0x0000003f35fff170, RBP=0x00008e4b5d16e4be, RSI=0x0000019dc6d4b0d0, RDI=0x0000019dc6d4b0b0
R8 =0x0000000000010002, R9 =0x00007ff9a3b570f0, R10=0x0000019da31b0000, R11=0x0000003f35fff020
R12=0x0000000000000001, R13=0x00007ffa1da37cc8, R14=0x0000003f35fff278, R15=0x0000019dc6d4b0b0
RIP=0x00007ffa1da3a5d7, EFLAGS=0x0000000000010202

XMM[0]=0x0000000000000000 0x0000000000000000
XMM[1]=0x0000000000000000 0x0000000000000000
XMM[2]=0x0000000000000000 0x0000000000000000
XMM[3]=0x0000000000000000 0x0000000000000000
XMM[4]=0x0000000000000000 0x0000000000000000
XMM[5]=0x0000000000000000 0x0000000000000000
XMM[6]=0x0000000000000000 0x0000000000000000
XMM[7]=0x0000000000000000 0x0000000000000000
XMM[8]=0x0000000000000000 0x404e000000000000
XMM[9]=0x0000000000000000 0x0000000000000000
XMM[10]=0x0000000000000000 0x0000000000000000
XMM[11]=0x0000000000000000 0x0000000000000000
XMM[12]=0x0000000000000000 0x0000000000000000
XMM[13]=0x0000000000000000 0x0000000000000000
XMM[14]=0x0000000000000000 0x0000000000000000
XMM[15]=0x0000000000000000 0x0000000000000000
  MXCSR=0x00001fa0


Register to memory mapping:

RAX=0x0 is null
RBX=0x0000019dc19ca102 is a global jni handle
RCX=0x0000019dc19b6820 points into unknown readable memory: 0x00007ff9a41fe360 | 60 e3 1f a4 f9 7f 00 00
RDX=0x0000003f35fff170 points into unknown readable memory: 0x0000000000000000 | 00 00 00 00 00 00 00 00
RSP=0x0000003f35fff170 points into unknown readable memory: 0x0000000000000000 | 00 00 00 00 00 00 00 00
RBP=0x00008e4b5d16e4be is an unknown value
RSI=0x0000019dc6d4b0d0 points into unknown readable memory: 0x00008e4b5d16e4be | be e4 16 5d 4b 8e 00 00
RDI=0x0000019dc6d4b0b0 points into unknown readable memory: 0x00008e4b5d16e4be | be e4 16 5d 4b 8e 00 00
R8 =0x0000000000010002 is an unknown value
R9 =0x00007ff9a3b570f0 jvm.dll
R10=0x0000019da31b0000 points into unknown readable memory: 0x0000000000000000 | 00 00 00 00 00 00 00 00
R11=0x0000003f35fff020 points into unknown readable memory: 0x0000000000000000 | 00 00 00 00 00 00 00 00
R12=0x0000000000000001 is an unknown value
R13=0x00007ffa1da37cc8 glass.dll
R14=0x0000003f35fff278 points into unknown readable memory: 0x0000003f35fff260 | 60 f2 ff 35 3f 00 00 00
R15=0x0000019dc6d4b0b0 points into unknown readable memory: 0x00008e4b5d16e4be | be e4 16 5d 4b 8e 00 00

Top of Stack: (sp=0x0000003f35fff170)
0x0000003f35fff170:   0000000000000000 0000019d00000000   ................
0x0000003f35fff180:   0000019dc671e760 0000000000000001   `.q.............
0x0000003f35fff190:   0000019dc6d4b0b0 00007ffa5ecabc75   ........u..^....
0x0000003f35fff1a0:   0000019dc6d4b0b0 0000019d00000000   ................
0x0000003f35fff1b0:   0000019dc6d4b0c8 00008e4b5d16e4be   ...........]K...
0x0000003f35fff1c0:   fffffffffffffffe 0000003f35fff248   ........H..5?...
0x0000003f35fff1d0:   00007ffa1da10000 00007ffa1da10000   ................
0x0000003f35fff1e0:   0000003f35fff268 00007ffa5ecab897   h..5?......^....
0x0000003f35fff1f0:   0000003f35fff200 0000003f35fff278   ...5?...x..5?...
0x0000003f35fff200:   0000003f35fff560 00007ffa5ed988c0   `..5?......^....
0x0000003f35fff210:   0000000000000001 00007ffa5ecab84d   ........M..^....
0x0000003f35fff220:   0000000000000000 0000000000000001   ................
0x0000003f35fff230:   00007ffa3139dfc0 0000003f35fff268   ..91....h..5?...
0x0000003f35fff240:   fffffffffffffffe 0000003f35fff230   ........0..5?...
0x0000003f35fff250:   0000000000000000 00007ffa1da37b65   ........e{......
0x0000003f35fff260:   00007ffa1da50e90 0000000000000002   ................
0x0000003f35fff270:   00007ffa00000002 0000003f35fff260   ........`..5?...
0x0000003f35fff280:   0000000000000000 00007ffa5d765e37   ........7^v]....
0x0000003f35fff290:   0000000000000000 00007ffa1da37c81   .........|......
0x0000003f35fff2a0:   0000000000000001 000000007ffe0385   ................
0x0000003f35fff2b0:   0000000000000001 00007ffa60fea6af   ...........`....
0x0000003f35fff2c0:   00007ffa5d760000 0000003f35fff560   ..v]....`..5?...
0x0000003f35fff2d0:   0000000000000001 0000000000000000   ................
0x0000003f35fff2e0:   0000000000000000 000000007ffe0384   ................
0x0000003f35fff2f0:   0000019dc6009970 00007ffa6113f89e   p..........a....
0x0000003f35fff300:   00007ffa1da10000 0000019d00000000   ................
0x0000003f35fff310:   0000000000000001 000000007ffe0385   ................
0x0000003f35fff320:   00007ffa1da3b588 00007ffa60febcae   ...........`....
0x0000003f35fff330:   0000000000000000 0000000000000000   ................
0x0000003f35fff340:   0000000000000000 0000000000000000   ................
0x0000003f35fff350:   0000000000000000 0000000000000000   ................
0x0000003f35fff360:   0000000000000000 0000000000000000   ................

Instructions: (pc=0x00007ffa1da3a5d7)
  0x00007ffa1da3a4d7:   8b 4d 58 e8 cd ce ff ff 48 8b 4d 60 e8 c4 ce ff
  0x00007ffa1da3a4e7:   ff 48 8b 95 80 00 00 00 48 8b 8d 18 01 00 00 e8
  0x00007ffa1da3a4f7:   76 c4 ff ff 33 d2 33 c9 e8 7c e0 ff ff 90 48 89
  0x00007ffa1da3a507:   54 24 10 55 48 83 ec 20 48 8b ea 48 b8 00 00 00
  0x00007ffa1da3a517:   00 00 00 00 00 48 83 c4 20 5d c3 cc 40 55 48 8b
  0x00007ffa1da3a527:   ea 48 8b 01 33 c9 81 38 05 00 00 c0 0f 94 c1 8b
  0x00007ffa1da3a537:   c1 5d c3 cc 40 55 48 83 ec 20 48 8b ea 8a 4d 40
  0x00007ffa1da3a547:   48 83 c4 20 5d e9 a3 d2 ff ff cc 40 55 48 83 ec
  0x00007ffa1da3a557:   20 48 8b ea 8a 4d 20 e8 91 d2 ff ff 90 48 83 c4
  0x00007ffa1da3a567:   20 5d c3 cc 40 55 48 83 ec 20 48 8b ea 48 83 c4
  0x00007ffa1da3a577:   20 5d e9 02 d1 ff ff cc 40 55 48 83 ec 30 48 8b
  0x00007ffa1da3a587:   ea 48 8b 01 8b 10 48 89 4c 24 28 89 54 24 20 4c
  0x00007ffa1da3a597:   8d 0d 1b d4 ff ff 4c 8b 45 70 8b 55 68 48 8b 4d
  0x00007ffa1da3a5a7:   60 e8 43 d0 ff ff 90 48 83 c4 30 5d c3 cc cc cc
  0x00007ffa1da3a5b7:   cc cc cc cc cc cc cc cc cc 40 53 48 83 ec 20 48
  0x00007ffa1da3a5c7:   8b 1d 6b 63 01 00 48 85 db 74 19 e8 a9 89 ff ff
=>0x00007ffa1da3a5d7:   48 8b 08 4c 8b 81 b0 00 00 00 48 8b d3 48 8b c8
  0x00007ffa1da3a5e7:   41 ff d0 90 48 83 c4 20 5b c3 cc cc cc cc cc cc
  0x00007ffa1da3a5f7:   cc cc cc cc cc cc cc cc cc 40 53 48 83 ec 20 48
  0x00007ffa1da3a607:   8b 1d 9b 64 01 00 48 85 db 74 57 b8 ff ff ff ff
  0x00007ffa1da3a617:   f0 0f c1 43 10 83 f8 01 75 3d 48 85 db 74 38 48
  0x00007ffa1da3a627:   8b 0b 48 85 c9 74 0d ff 15 64 0c 00 00 48 c7 03
  0x00007ffa1da3a637:   00 00 00 00 48 8b 4b 08 48 85 c9 74 0d e8 63 cd
  0x00007ffa1da3a647:   ff ff 48 c7 43 08 00 00 00 00 ba 18 00 00 00 48
  0x00007ffa1da3a657:   8b cb e8 4e cd ff ff 48 c7 05 3f 64 01 00 00 00
  0x00007ffa1da3a667:   00 00 48 83 c4 20 5b c3 cc 40 53 48 83 ec 20 48
  0x00007ffa1da3a677:   8b 1d 0b 64 01 00 48 85 db 74 57 b8 ff ff ff ff
  0x00007ffa1da3a687:   f0 0f c1 43 10 83 f8 01 75 3d 48 85 db 74 38 48
  0x00007ffa1da3a697:   8b 0b 48 85 c9 74 0d ff 15 f4 0b 00 00 48 c7 03
  0x00007ffa1da3a6a7:   00 00 00 00 48 8b 4b 08 48 85 c9 74 0d e8 f3 cc
  0x00007ffa1da3a6b7:   ff ff 48 c7 43 08 00 00 00 00 ba 18 00 00 00 48
  0x00007ffa1da3a6c7:   8b cb e8 de cc ff ff 48 c7 05 af 63 01 00 00 00


Stack slot to memory mapping:

stack at sp + 0 slots: 0x0 is null
stack at sp + 1 slots: 0x0000019d00000000 is an unknown value
stack at sp + 2 slots: 0x0000019dc671e760 points into unknown readable memory: 0x0000019dc671e730 | 30 e7 71 c6 9d 01 00 00
stack at sp + 3 slots: 0x0000000000000001 is an unknown value
stack at sp + 4 slots: 0x0000019dc6d4b0b0 points into unknown readable memory: 0x00008e4b5d16e4be | be e4 16 5d 4b 8e 00 00
stack at sp + 5 slots: 0x00007ffa5ecabc75 ucrtbase.dll
stack at sp + 6 slots: 0x0000019dc6d4b0b0 points into unknown readable memory: 0x00008e4b5d16e4be | be e4 16 5d 4b 8e 00 00
stack at sp + 7 slots: 0x0000019d00000000 is an unknown value

VM_Operation (0x0000003f357ff2e0): Exit, mode: safepoint, requested by thread 0x0000019dc65fea10


---------------  P R O C E S S  ---------------

Threads class SMR info:
_java_thread_list=0x0000019dc73e2410, length=20, elements={
0x0000019da55ebe30, 0x0000019dc19d1890, 0x0000019dc19d3860, 0x0000019dc19d7a20,
0x0000019dc19e1b70, 0x0000019dc19d9370, 0x0000019dc19e50d0, 0x0000019dc19ed410,
0x0000019dc19dc250, 0x0000019dc19daae0, 0x0000019dc19de960, 0x0000019dc1cac050,
0x0000019dc1caa110, 0x0000019dc1cab880, 0x0000019dc6601120, 0x0000019dc19dd1f0,
0x0000019dc6ce10a0, 0x0000019dc6ce5ec0, 0x0000019dc73a3f60, 0x0000019dc65fea10
}

Java Threads: ( => current thread )
  0x0000019da55ebe30 JavaThread "main"                              [_thread_blocked, id=16312, stack(0x0000003f35800000,0x0000003f35900000) (1024K)]
  0x0000019dc19d1890 JavaThread "Reference Handler"          daemon [_thread_blocked, id=19824, stack(0x0000003f36000000,0x0000003f36100000) (1024K)]
  0x0000019dc19d3860 JavaThread "Finalizer"                  daemon [_thread_blocked, id=23056, stack(0x0000003f36100000,0x0000003f36200000) (1024K)]
  0x0000019dc19d7a20 JavaThread "Attach Listener"            daemon [_thread_blocked, id=14992, stack(0x0000003f36300000,0x0000003f36400000) (1024K)]
  0x0000019dc19e1b70 JavaThread "Service Thread"             daemon [_thread_blocked, id=10272, stack(0x0000003f36400000,0x0000003f36500000) (1024K)]
  0x0000019dc19d9370 JavaThread "Monitor Deflation Thread"   daemon [_thread_blocked, id=10404, stack(0x0000003f36500000,0x0000003f36600000) (1024K)]
  0x0000019dc19e50d0 JavaThread "C2 CompilerThread0"         daemon [_thread_blocked, id=24380, stack(0x0000003f36600000,0x0000003f36700000) (1024K)]
  0x0000019dc19ed410 JavaThread "C1 CompilerThread0"         daemon [_thread_blocked, id=26028, stack(0x0000003f36700000,0x0000003f36800000) (1024K)]
  0x0000019dc19dc250 JavaThread "Common-Cleaner"             daemon [_thread_blocked, id=14368, stack(0x0000003f36800000,0x0000003f36900000) (1024K)]
  0x0000019dc19daae0 JavaThread "Monitor Ctrl-Break"         daemon [_thread_in_native, id=18132, stack(0x0000003f36a00000,0x0000003f36b00000) (1024K)]
  0x0000019dc19de960 JavaThread "Notification Thread"        daemon [_thread_blocked, id=21232, stack(0x0000003f36b00000,0x0000003f36c00000) (1024K)]
  0x0000019dc1cac050 JavaThread "QuantumRenderer-0"          daemon [_thread_blocked, id=6624, stack(0x0000003f36c00000,0x0000003f36d00000) (1024K)]
  0x0000019dc1caa110 JavaThread "InvokeLaterDispatcher"      daemon [_thread_blocked, id=15516, stack(0x0000003f36d00000,0x0000003f36e00000) (1024K)]
  0x0000019dc1cab880 JavaThread "JavaFX Application Thread"         [_thread_in_native, id=2044, stack(0x0000003f36e00000,0x0000003f36f00000) (1024K)]
  0x0000019dc6601120 JavaThread "JavaFX-Launcher"                   [_thread_blocked, id=12828, stack(0x0000003f37700000,0x0000003f37800000) (1024K)]
  0x0000019dc19dd1f0 JavaThread "Thread-2"                   daemon [_thread_in_native, id=8932, stack(0x0000003f36900000,0x0000003f36a00000) (1024K)]
  0x0000019dc6ce10a0 JavaThread "Timer-0"                    daemon [_thread_blocked, id=25788, stack(0x0000003f37800000,0x0000003f37900000) (1024K)]
  0x0000019dc6ce5ec0 JavaThread "Prism Font Disposer"        daemon [_thread_blocked, id=13852, stack(0x0000003f37d00000,0x0000003f37e00000) (1024K)]
  0x0000019dc73a3f60 JavaThread "Cleaner-0"                  daemon [_thread_blocked, id=23744, stack(0x0000003f37c00000,0x0000003f37d00000) (1024K)]
  0x0000019dc65fea10 JavaThread "SIGINT handler"             daemon [_thread_blocked, id=24432, stack(0x0000003f35700000,0x0000003f35800000) (1024K)]
Total: 20

Other Threads:
=>0x0000019dc19b6820 VMThread "VM Thread"                           [id=6288, stack(0x0000003f35f00000,0x0000003f36000000) (1024K)]
  0x0000019da5641490 WorkerThread "GC Thread#0"                     [id=13044, stack(0x0000003f35900000,0x0000003f35a00000) (1024K)]
  0x0000019dc68ee120 WorkerThread "GC Thread#1"                     [id=26740, stack(0x0000003f37900000,0x0000003f37a00000) (1024K)]
  0x0000019dc68ee550 WorkerThread "GC Thread#2"                     [id=26588, stack(0x0000003f37a00000,0x0000003f37b00000) (1024K)]
  0x0000019dc68ee980 WorkerThread "GC Thread#3"                     [id=9908, stack(0x0000003f37b00000,0x0000003f37c00000) (1024K)]
  0x0000019da5659eb0 ConcurrentGCThread "G1 Main Marker"            terminated
  0x0000019da565d100 WorkerThread "G1 Conc#0"                       [id=27112, stack(0x0000003f35b00000,0x0000003f35c00000) (1024K)]
  0x0000019da56964a0 ConcurrentGCThread "G1 Refine#0"               terminated
  0x0000019da5698ec0 ConcurrentGCThread "G1 Service"                terminated
Total: 9

Threads with active compile tasks:
Total: 0

VM state: at safepoint (shutting down)

VM Mutex/Monitor currently owned by a thread:  ([mutex/lock_event])
[0x00007ff9a43e94e8] Threads_lock - owner thread: 0x0000019dc19b6820
[0x00007ff9a43e9668] Heap_lock - owner thread: 0x0000019dc65fea10

Heap address: 0x0000000087000000, size: 1936 MB, Compressed Oops mode: 32-bit

CDS archive(s) mapped at: [0x000000002c000000-0x000000002cdd0000-0x000000002cdd0000), size 14483456, SharedBaseAddress: 0x000000002c000000, ArchiveRelocationMode: 1.
Compressed class space mapped at: 0x000000002d000000-0x000000006d000000, reserved size: 1073741824
UseCompressedClassPointers 1, UseCompactObjectHeaders 0
Narrow klass pointer bits 32, Max shift 3
Narrow klass base: 0x000000002c000000, Narrow klass shift: 0
Encoding Range: [0x000000002c000000 - 0x000000012c000000), (4294967296 bytes)
Klass Range:    [0x000000002c010000 - 0x000000006d000000), (1090453504 bytes)
Klass ID Range:  [65536 - 1090519033) (1090453497)
Protection zone: [0x000000002c000000 - 0x000000002c010000), (65536 bytes)

GC Precious Log:
 CardTable entry size: 512
 Card Set container configuration: InlinePtr #cards 5 size 8 Array Of Cards #cards 10 size 36 Howl #buckets 4 coarsen threshold 1843 Howl Bitmap #cards 512 size 80 coarsen threshold 460 Card regions per heap region 1 cards per card region 2048
 CPUs: 4 total, 4 available
 Memory: 7739M
 Large Page Support: Disabled
 NUMA Support: Disabled
 Compressed Oops: Enabled (32-bit)
 Heap Region Size: 1M
 Heap Min Capacity: 8M
 Heap Initial Capacity: 122M
 Heap Max Capacity: 1936M
 Pre-touch: Disabled
 Parallel Workers: 4
 Concurrent Workers: 1
 Concurrent Refinement Workers: 4
 Periodic GC: Disabled

Heap:
 garbage-first heap   total reserved 1982464K, committed 126976K, used 60815K [0x0000000087000000, 0x0000000100000000)
  region size 1024K, 55 young (56320K), 7 survivors (7168K)

Heap Regions: E=young(eden), S=young(survivor), O=old, HS=humongous(starts), HC=humongous(continues), CS=collection set, F=free, TAMS=top-at-mark-start, PB=parsable bottom
|   0|0x0000000087000000, 0x000000008703f140, 0x0000000087100000| 24%| O|  |TAMS 0x0000000087000000| PB 0x0000000087000000| Untracked |  0
|   1|0x0000000087100000, 0x0000000087200000, 0x0000000087200000|100%|HS|  |TAMS 0x0000000087100000| PB 0x0000000087100000| Complete |  0
|   2|0x0000000087200000, 0x0000000087300000, 0x0000000087300000|100%|HC|  |TAMS 0x0000000087200000| PB 0x0000000087200000| Complete |  0
|   3|0x0000000087300000, 0x0000000087400000, 0x0000000087400000|100%|HS|  |TAMS 0x0000000087300000| PB 0x0000000087300000| Complete |  0
|   4|0x0000000087400000, 0x0000000087500000, 0x0000000087500000|100%|HC|  |TAMS 0x0000000087400000| PB 0x0000000087400000| Complete |  0
|   5|0x0000000087500000, 0x0000000087500000, 0x0000000087600000|  0%| F|  |TAMS 0x0000000087500000| PB 0x0000000087500000| Untracked |  0
|   6|0x0000000087600000, 0x0000000087600000, 0x0000000087700000|  0%| F|  |TAMS 0x0000000087600000| PB 0x0000000087600000| Untracked |  0
|   7|0x0000000087700000, 0x0000000087700000, 0x0000000087800000|  0%| F|  |TAMS 0x0000000087700000| PB 0x0000000087700000| Untracked |  0
|   8|0x0000000087800000, 0x0000000087800000, 0x0000000087900000|  0%| F|  |TAMS 0x0000000087800000| PB 0x0000000087800000| Untracked |  0
|   9|0x0000000087900000, 0x0000000087900000, 0x0000000087a00000|  0%| F|  |TAMS 0x0000000087900000| PB 0x0000000087900000| Untracked |  0
|  10|0x0000000087a00000, 0x0000000087a00000, 0x0000000087b00000|  0%| F|  |TAMS 0x0000000087a00000| PB 0x0000000087a00000| Untracked |  0
|  11|0x0000000087b00000, 0x0000000087b00000, 0x0000000087c00000|  0%| F|  |TAMS 0x0000000087b00000| PB 0x0000000087b00000| Untracked |  0
|  12|0x0000000087c00000, 0x0000000087c00000, 0x0000000087d00000|  0%| F|  |TAMS 0x0000000087c00000| PB 0x0000000087c00000| Untracked |  0
|  13|0x0000000087d00000, 0x0000000087d00000, 0x0000000087e00000|  0%| F|  |TAMS 0x0000000087d00000| PB 0x0000000087d00000| Untracked |  0
|  14|0x0000000087e00000, 0x0000000087e00000, 0x0000000087f00000|  0%| F|  |TAMS 0x0000000087e00000| PB 0x0000000087e00000| Untracked |  0
|  15|0x0000000087f00000, 0x0000000087f00000, 0x0000000088000000|  0%| F|  |TAMS 0x0000000087f00000| PB 0x0000000087f00000| Untracked |  0
|  16|0x0000000088000000, 0x0000000088000000, 0x0000000088100000|  0%| F|  |TAMS 0x0000000088000000| PB 0x0000000088000000| Untracked |  0
|  17|0x0000000088100000, 0x0000000088100000, 0x0000000088200000|  0%| F|  |TAMS 0x0000000088100000| PB 0x0000000088100000| Untracked |  0
|  18|0x0000000088200000, 0x0000000088200000, 0x0000000088300000|  0%| F|  |TAMS 0x0000000088200000| PB 0x0000000088200000| Untracked |  0
|  19|0x0000000088300000, 0x0000000088300000, 0x0000000088400000|  0%| F|  |TAMS 0x0000000088300000| PB 0x0000000088300000| Untracked |  0
|  20|0x0000000088400000, 0x0000000088400000, 0x0000000088500000|  0%| F|  |TAMS 0x0000000088400000| PB 0x0000000088400000| Untracked |  0
|  21|0x0000000088500000, 0x0000000088500000, 0x0000000088600000|  0%| F|  |TAMS 0x0000000088500000| PB 0x0000000088500000| Untracked |  0
|  22|0x0000000088600000, 0x0000000088600000, 0x0000000088700000|  0%| F|  |TAMS 0x0000000088600000| PB 0x0000000088600000| Untracked |  0
|  23|0x0000000088700000, 0x0000000088700000, 0x0000000088800000|  0%| F|  |TAMS 0x0000000088700000| PB 0x0000000088700000| Untracked |  0
|  24|0x0000000088800000, 0x0000000088800000, 0x0000000088900000|  0%| F|  |TAMS 0x0000000088800000| PB 0x0000000088800000| Untracked |  0
|  25|0x0000000088900000, 0x0000000088900000, 0x0000000088a00000|  0%| F|  |TAMS 0x0000000088900000| PB 0x0000000088900000| Untracked |  0
|  26|0x0000000088a00000, 0x0000000088a00000, 0x0000000088b00000|  0%| F|  |TAMS 0x0000000088a00000| PB 0x0000000088a00000| Untracked |  0
|  27|0x0000000088b00000, 0x0000000088b00000, 0x0000000088c00000|  0%| F|  |TAMS 0x0000000088b00000| PB 0x0000000088b00000| Untracked |  0
|  28|0x0000000088c00000, 0x0000000088c00000, 0x0000000088d00000|  0%| F|  |TAMS 0x0000000088c00000| PB 0x0000000088c00000| Untracked |  0
|  29|0x0000000088d00000, 0x0000000088d00000, 0x0000000088e00000|  0%| F|  |TAMS 0x0000000088d00000| PB 0x0000000088d00000| Untracked |  0
|  30|0x0000000088e00000, 0x0000000088e00000, 0x0000000088f00000|  0%| F|  |TAMS 0x0000000088e00000| PB 0x0000000088e00000| Untracked |  0
|  31|0x0000000088f00000, 0x0000000088f00000, 0x0000000089000000|  0%| F|  |TAMS 0x0000000088f00000| PB 0x0000000088f00000| Untracked |  0
|  32|0x0000000089000000, 0x0000000089000000, 0x0000000089100000|  0%| F|  |TAMS 0x0000000089000000| PB 0x0000000089000000| Untracked |  0
|  33|0x0000000089100000, 0x0000000089100000, 0x0000000089200000|  0%| F|  |TAMS 0x0000000089100000| PB 0x0000000089100000| Untracked |  0
|  34|0x0000000089200000, 0x0000000089200000, 0x0000000089300000|  0%| F|  |TAMS 0x0000000089200000| PB 0x0000000089200000| Untracked |  0
|  35|0x0000000089300000, 0x0000000089300000, 0x0000000089400000|  0%| F|  |TAMS 0x0000000089300000| PB 0x0000000089300000| Untracked |  0
|  36|0x0000000089400000, 0x0000000089400000, 0x0000000089500000|  0%| F|  |TAMS 0x0000000089400000| PB 0x0000000089400000| Untracked |  0
|  37|0x0000000089500000, 0x0000000089500000, 0x0000000089600000|  0%| F|  |TAMS 0x0000000089500000| PB 0x0000000089500000| Untracked |  0
|  38|0x0000000089600000, 0x0000000089600000, 0x0000000089700000|  0%| F|  |TAMS 0x0000000089600000| PB 0x0000000089600000| Untracked |  0
|  39|0x0000000089700000, 0x0000000089700000, 0x0000000089800000|  0%| F|  |TAMS 0x0000000089700000| PB 0x0000000089700000| Untracked |  0
|  40|0x0000000089800000, 0x0000000089800000, 0x0000000089900000|  0%| F|  |TAMS 0x0000000089800000| PB 0x0000000089800000| Untracked |  0
|  41|0x0000000089900000, 0x0000000089900000, 0x0000000089a00000|  0%| F|  |TAMS 0x0000000089900000| PB 0x0000000089900000| Untracked |  0
|  42|0x0000000089a00000, 0x0000000089a00000, 0x0000000089b00000|  0%| F|  |TAMS 0x0000000089a00000| PB 0x0000000089a00000| Untracked |  0
|  43|0x0000000089b00000, 0x0000000089b00000, 0x0000000089c00000|  0%| F|  |TAMS 0x0000000089b00000| PB 0x0000000089b00000| Untracked |  0
|  44|0x0000000089c00000, 0x0000000089c00000, 0x0000000089d00000|  0%| F|  |TAMS 0x0000000089c00000| PB 0x0000000089c00000| Untracked |  0
|  45|0x0000000089d00000, 0x0000000089d00000, 0x0000000089e00000|  0%| F|  |TAMS 0x0000000089d00000| PB 0x0000000089d00000| Untracked |  0
|  46|0x0000000089e00000, 0x0000000089e00000, 0x0000000089f00000|  0%| F|  |TAMS 0x0000000089e00000| PB 0x0000000089e00000| Untracked |  0
|  47|0x0000000089f00000, 0x0000000089f00000, 0x000000008a000000|  0%| F|  |TAMS 0x0000000089f00000| PB 0x0000000089f00000| Untracked |  0
|  48|0x000000008a000000, 0x000000008a000000, 0x000000008a100000|  0%| F|  |TAMS 0x000000008a000000| PB 0x000000008a000000| Untracked |  0
|  49|0x000000008a100000, 0x000000008a100000, 0x000000008a200000|  0%| F|  |TAMS 0x000000008a100000| PB 0x000000008a100000| Untracked |  0
|  50|0x000000008a200000, 0x000000008a200000, 0x000000008a300000|  0%| F|  |TAMS 0x000000008a200000| PB 0x000000008a200000| Untracked |  0
|  51|0x000000008a300000, 0x000000008a300000, 0x000000008a400000|  0%| F|  |TAMS 0x000000008a300000| PB 0x000000008a300000| Untracked |  0
|  52|0x000000008a400000, 0x000000008a400000, 0x000000008a500000|  0%| F|  |TAMS 0x000000008a400000| PB 0x000000008a400000| Untracked |  0
|  53|0x000000008a500000, 0x000000008a500000, 0x000000008a600000|  0%| F|  |TAMS 0x000000008a500000| PB 0x000000008a500000| Untracked |  0
|  54|0x000000008a600000, 0x000000008a600000, 0x000000008a700000|  0%| F|  |TAMS 0x000000008a600000| PB 0x000000008a600000| Untracked |  0
|  55|0x000000008a700000, 0x000000008a700000, 0x000000008a800000|  0%| F|  |TAMS 0x000000008a700000| PB 0x000000008a700000| Untracked |  0
|  56|0x000000008a800000, 0x000000008a800000, 0x000000008a900000|  0%| F|  |TAMS 0x000000008a800000| PB 0x000000008a800000| Untracked |  0
|  57|0x000000008a900000, 0x000000008a900000, 0x000000008aa00000|  0%| F|  |TAMS 0x000000008a900000| PB 0x000000008a900000| Untracked |  0
|  58|0x000000008aa00000, 0x000000008aa00000, 0x000000008ab00000|  0%| F|  |TAMS 0x000000008aa00000| PB 0x000000008aa00000| Untracked |  0
|  59|0x000000008ab00000, 0x000000008ab00000, 0x000000008ac00000|  0%| F|  |TAMS 0x000000008ab00000| PB 0x000000008ab00000| Untracked |  0
|  60|0x000000008ac00000, 0x000000008ad00000, 0x000000008ad00000|100%| S|CS|TAMS 0x000000008ac00000| PB 0x000000008ac00000| Complete |  0
|  61|0x000000008ad00000, 0x000000008ae00000, 0x000000008ae00000|100%| S|CS|TAMS 0x000000008ad00000| PB 0x000000008ad00000| Complete |  0
|  62|0x000000008ae00000, 0x000000008af00000, 0x000000008af00000|100%| S|CS|TAMS 0x000000008ae00000| PB 0x000000008ae00000| Complete |  0
|  63|0x000000008af00000, 0x000000008b000000, 0x000000008b000000|100%| S|CS|TAMS 0x000000008af00000| PB 0x000000008af00000| Complete |  0
|  64|0x000000008b000000, 0x000000008b100000, 0x000000008b100000|100%| S|CS|TAMS 0x000000008b000000| PB 0x000000008b000000| Complete |  0
|  65|0x000000008b100000, 0x000000008b200000, 0x000000008b200000|100%| S|CS|TAMS 0x000000008b100000| PB 0x000000008b100000| Complete |  1
|  66|0x000000008b200000, 0x000000008b300000, 0x000000008b300000|100%| S|CS|TAMS 0x000000008b200000| PB 0x000000008b200000| Complete |  0
|  67|0x000000008b300000, 0x000000008b300000, 0x000000008b400000|  0%| F|  |TAMS 0x000000008b300000| PB 0x000000008b300000| Untracked |  0
|  68|0x000000008b400000, 0x000000008b400000, 0x000000008b500000|  0%| F|  |TAMS 0x000000008b400000| PB 0x000000008b400000| Untracked |  0
|  69|0x000000008b500000, 0x000000008b500000, 0x000000008b600000|  0%| F|  |TAMS 0x000000008b500000| PB 0x000000008b500000| Untracked |  0
|  70|0x000000008b600000, 0x000000008b600000, 0x000000008b700000|  0%| F|  |TAMS 0x000000008b600000| PB 0x000000008b600000| Untracked |  0
|  71|0x000000008b700000, 0x000000008b700000, 0x000000008b800000|  0%| F|  |TAMS 0x000000008b700000| PB 0x000000008b700000| Untracked |  0
|  72|0x000000008b800000, 0x000000008b800000, 0x000000008b900000|  0%| F|  |TAMS 0x000000008b800000| PB 0x000000008b800000| Untracked |  0
|  73|0x000000008b900000, 0x000000008b900000, 0x000000008ba00000|  0%| F|  |TAMS 0x000000008b900000| PB 0x000000008b900000| Untracked |  0
|  74|0x000000008ba00000, 0x000000008baa14d8, 0x000000008bb00000| 63%| E|  |TAMS 0x000000008ba00000| PB 0x000000008ba00000| Complete |  0
|  75|0x000000008bb00000, 0x000000008bc00000, 0x000000008bc00000|100%| E|CS|TAMS 0x000000008bb00000| PB 0x000000008bb00000| Complete |  0
|  76|0x000000008bc00000, 0x000000008bd00000, 0x000000008bd00000|100%| E|CS|TAMS 0x000000008bc00000| PB 0x000000008bc00000| Complete |  0
|  77|0x000000008bd00000, 0x000000008be00000, 0x000000008be00000|100%| E|CS|TAMS 0x000000008bd00000| PB 0x000000008bd00000| Complete |  0
|  78|0x000000008be00000, 0x000000008bf00000, 0x000000008bf00000|100%| E|CS|TAMS 0x000000008be00000| PB 0x000000008be00000| Complete |  0
|  79|0x000000008bf00000, 0x000000008c000000, 0x000000008c000000|100%| E|CS|TAMS 0x000000008bf00000| PB 0x000000008bf00000| Complete |  0
|  80|0x000000008c000000, 0x000000008c100000, 0x000000008c100000|100%| E|CS|TAMS 0x000000008c000000| PB 0x000000008c000000| Complete |  0
|  81|0x000000008c100000, 0x000000008c200000, 0x000000008c200000|100%| E|CS|TAMS 0x000000008c100000| PB 0x000000008c100000| Complete |  0
|  82|0x000000008c200000, 0x000000008c300000, 0x000000008c300000|100%| E|CS|TAMS 0x000000008c200000| PB 0x000000008c200000| Complete |  0
|  83|0x000000008c300000, 0x000000008c400000, 0x000000008c400000|100%| E|CS|TAMS 0x000000008c300000| PB 0x000000008c300000| Complete |  0
|  84|0x000000008c400000, 0x000000008c500000, 0x000000008c500000|100%| E|CS|TAMS 0x000000008c400000| PB 0x000000008c400000| Complete |  0
|  85|0x000000008c500000, 0x000000008c600000, 0x000000008c600000|100%| E|CS|TAMS 0x000000008c500000| PB 0x000000008c500000| Complete |  0
|  86|0x000000008c600000, 0x000000008c700000, 0x000000008c700000|100%| E|CS|TAMS 0x000000008c600000| PB 0x000000008c600000| Complete |  0
|  87|0x000000008c700000, 0x000000008c800000, 0x000000008c800000|100%| E|CS|TAMS 0x000000008c700000| PB 0x000000008c700000| Complete |  0
|  88|0x000000008c800000, 0x000000008c900000, 0x000000008c900000|100%| E|CS|TAMS 0x000000008c800000| PB 0x000000008c800000| Complete |  0
|  89|0x000000008c900000, 0x000000008ca00000, 0x000000008ca00000|100%| E|CS|TAMS 0x000000008c900000| PB 0x000000008c900000| Complete |  0
|  90|0x000000008ca00000, 0x000000008cb00000, 0x000000008cb00000|100%| E|CS|TAMS 0x000000008ca00000| PB 0x000000008ca00000| Complete |  0
|  91|0x000000008cb00000, 0x000000008cc00000, 0x000000008cc00000|100%| E|CS|TAMS 0x000000008cb00000| PB 0x000000008cb00000| Complete |  0
|  92|0x000000008cc00000, 0x000000008cd00000, 0x000000008cd00000|100%| E|CS|TAMS 0x000000008cc00000| PB 0x000000008cc00000| Complete |  0
|  93|0x000000008cd00000, 0x000000008ce00000, 0x000000008ce00000|100%| E|CS|TAMS 0x000000008cd00000| PB 0x000000008cd00000| Complete |  0
|  94|0x000000008ce00000, 0x000000008cf00000, 0x000000008cf00000|100%| E|CS|TAMS 0x000000008ce00000| PB 0x000000008ce00000| Complete |  0
|  95|0x000000008cf00000, 0x000000008d000000, 0x000000008d000000|100%| E|CS|TAMS 0x000000008cf00000| PB 0x000000008cf00000| Complete |  0
|  96|0x000000008d000000, 0x000000008d100000, 0x000000008d100000|100%| E|CS|TAMS 0x000000008d000000| PB 0x000000008d000000| Complete |  0
|  97|0x000000008d100000, 0x000000008d200000, 0x000000008d200000|100%| E|CS|TAMS 0x000000008d100000| PB 0x000000008d100000| Complete |  0
|  98|0x000000008d200000, 0x000000008d300000, 0x000000008d300000|100%| E|CS|TAMS 0x000000008d200000| PB 0x000000008d200000| Complete |  0
|  99|0x000000008d300000, 0x000000008d400000, 0x000000008d400000|100%| E|CS|TAMS 0x000000008d300000| PB 0x000000008d300000| Complete |  0
| 100|0x000000008d400000, 0x000000008d500000, 0x000000008d500000|100%| E|CS|TAMS 0x000000008d400000| PB 0x000000008d400000| Complete |  0
| 101|0x000000008d500000, 0x000000008d600000, 0x000000008d600000|100%| E|CS|TAMS 0x000000008d500000| PB 0x000000008d500000| Complete |  0
| 102|0x000000008d600000, 0x000000008d700000, 0x000000008d700000|100%| E|CS|TAMS 0x000000008d600000| PB 0x000000008d600000| Complete |  0
| 103|0x000000008d700000, 0x000000008d800000, 0x000000008d800000|100%| E|CS|TAMS 0x000000008d700000| PB 0x000000008d700000| Complete |  0
| 104|0x000000008d800000, 0x000000008d900000, 0x000000008d900000|100%| E|CS|TAMS 0x000000008d800000| PB 0x000000008d800000| Complete |  0
| 105|0x000000008d900000, 0x000000008da00000, 0x000000008da00000|100%| E|CS|TAMS 0x000000008d900000| PB 0x000000008d900000| Complete |  0
| 106|0x000000008da00000, 0x000000008db00000, 0x000000008db00000|100%| E|CS|TAMS 0x000000008da00000| PB 0x000000008da00000| Complete |  0
| 107|0x000000008db00000, 0x000000008dc00000, 0x000000008dc00000|100%| E|CS|TAMS 0x000000008db00000| PB 0x000000008db00000| Complete |  0
| 108|0x000000008dc00000, 0x000000008dd00000, 0x000000008dd00000|100%| E|CS|TAMS 0x000000008dc00000| PB 0x000000008dc00000| Complete |  0
| 109|0x000000008dd00000, 0x000000008de00000, 0x000000008de00000|100%| E|CS|TAMS 0x000000008dd00000| PB 0x000000008dd00000| Complete |  0
| 110|0x000000008de00000, 0x000000008df00000, 0x000000008df00000|100%| E|CS|TAMS 0x000000008de00000| PB 0x000000008de00000| Complete |  0
| 111|0x000000008df00000, 0x000000008e000000, 0x000000008e000000|100%| E|CS|TAMS 0x000000008df00000| PB 0x000000008df00000| Complete |  0
| 112|0x000000008e000000, 0x000000008e100000, 0x000000008e100000|100%| E|CS|TAMS 0x000000008e000000| PB 0x000000008e000000| Complete |  0
| 113|0x000000008e100000, 0x000000008e200000, 0x000000008e200000|100%| E|CS|TAMS 0x000000008e100000| PB 0x000000008e100000| Complete |  0
| 114|0x000000008e200000, 0x000000008e300000, 0x000000008e300000|100%| E|CS|TAMS 0x000000008e200000| PB 0x000000008e200000| Complete |  0
| 115|0x000000008e300000, 0x000000008e400000, 0x000000008e400000|100%| E|CS|TAMS 0x000000008e300000| PB 0x000000008e300000| Complete |  0
| 116|0x000000008e400000, 0x000000008e500000, 0x000000008e500000|100%| E|CS|TAMS 0x000000008e400000| PB 0x000000008e400000| Complete |  0
| 117|0x000000008e500000, 0x000000008e600000, 0x000000008e600000|100%| E|CS|TAMS 0x000000008e500000| PB 0x000000008e500000| Complete |  0
| 118|0x000000008e600000, 0x000000008e700000, 0x000000008e700000|100%| E|CS|TAMS 0x000000008e600000| PB 0x000000008e600000| Complete |  0
| 119|0x000000008e700000, 0x000000008e800000, 0x000000008e800000|100%| E|CS|TAMS 0x000000008e700000| PB 0x000000008e700000| Complete |  0
| 120|0x000000008e800000, 0x000000008e900000, 0x000000008e900000|100%| E|CS|TAMS 0x000000008e800000| PB 0x000000008e800000| Complete |  0
| 121|0x000000008e900000, 0x000000008ea00000, 0x000000008ea00000|100%| E|CS|TAMS 0x000000008e900000| PB 0x000000008e900000| Complete |  0
|1934|0x00000000ffe00000, 0x00000000fff00000, 0x00000000fff00000|100%| O|  |TAMS 0x00000000ffe00000| PB 0x00000000ffe00000| Untracked |  0
|1935|0x00000000fff00000, 0x00000000fff24ea8, 0x0000000100000000| 14%| O|  |TAMS 0x00000000fff00000| PB 0x00000000fff00000| Untracked |  0

Card table byte_map: [0x0000019dbd240000,0x0000019dbd610000] _byte_map_base: 0x0000019dbce08000

Marking Bits: (CMBitMap*) 0x0000019da5641c20
 Bits: [0x0000019dbd610000, 0x0000019dbf450000)

Polling page: 0x0000019da4c10000

Metaspace:
Metaspace        used 19411K, committed 19712K, reserved 1114112K
 class space     used 2645K, committed 2752K, reserved 1048576K

Usage:
  Non-class:     16.37 MB used.
      Class:      2.58 MB used.
       Both:     18.96 MB used.

Virtual space:
  Non-class space:       64.00 MB reserved,      16.56 MB ( 26%) committed,  1 nodes.
      Class space:        1.00 GB reserved,       2.69 MB ( <1%) committed,  1 nodes.
             Both:        1.06 GB reserved,      19.25 MB (  2%) committed. 

Chunk freelists:
   Non-Class:  14.55 MB
       Class:  13.26 MB
        Both:  27.81 MB

MaxMetaspaceSize: unlimited
CompressedClassSpaceSize: 1.00 GB
Initial GC threshold: 21.00 MB
Current GC threshold: 21.00 MB
CDS: on
 - commit_granule_bytes: 65536.
 - commit_granule_words: 8192.
 - virtual_space_node_default_size: 8388608.
 - enlarge_chunks_in_place: 1.
UseCompressedClassPointers 1, UseCompactObjectHeaders 0
Narrow klass pointer bits 32, Max shift 3
Narrow klass base: 0x000000002c000000, Narrow klass shift: 0
Encoding Range: [0x000000002c000000 - 0x000000012c000000), (4294967296 bytes)
Klass Range:    [0x000000002c010000 - 0x000000006d000000), (1090453504 bytes)
Klass ID Range:  [65536 - 1090519033) (1090453497)
Protection zone: [0x000000002c000000 - 0x000000002c010000), (65536 bytes)


Internal statistics:

num_allocs_failed_limit: 0.
num_arena_births: 212.
num_arena_deaths: 0.
num_vsnodes_births: 2.
num_vsnodes_deaths: 0.
num_space_committed: 308.
num_space_uncommitted: 0.
num_chunks_returned_to_freelist: 0.
num_chunks_taken_from_freelist: 853.
num_chunk_merges: 0.
num_chunk_splits: 608.
num_chunks_enlarged: 511.
num_inconsistent_stats: 0.

CodeHeap 'non-profiled nmethods': size=120064Kb used=1874Kb max_used=1874Kb free=118189Kb
 bounds [0x0000019db5930000, 0x0000019db5ba0000, 0x0000019dbce70000]
CodeHeap 'profiled nmethods': size=120000Kb used=9251Kb max_used=9251Kb free=110748Kb
 bounds [0x0000019dade70000, 0x0000019dae780000, 0x0000019db53a0000]
CodeHeap 'non-nmethods': size=5696Kb used=2001Kb max_used=2138Kb free=3694Kb
 bounds [0x0000019db53a0000, 0x0000019db5610000, 0x0000019db5930000]
CodeCache: size=245760Kb, used=13126Kb, max_used=13263Kb, free=232631Kb
 total_blobs=6144, nmethods=5242, adapters=802, full_count=0
Compilation: enabled, stopped_count=0, restarted_count=0

Compilation events (20 events):
Event: 31.317 Thread 0x0000019dc19e50d0 nmethod 5297 0x0000019db5b01c88 code [0x0000019db5b01d80, 0x0000019db5b01f60]
Event: 31.317 Thread 0x0000019dc19e50d0 5306       4       java.lang.String::checkBoundsOffCount (10 bytes)
Event: 31.318 Thread 0x0000019dc19e50d0 nmethod 5306 0x0000019db5b01f88 code [0x0000019db5b02080, 0x0000019db5b02140]
Event: 31.318 Thread 0x0000019dc19ed410 nmethod 5305 0x0000019dae777088 code [0x0000019dae7771a0, 0x0000019dae778130]
Event: 31.318 Thread 0x0000019dc19ed410 5309       3       javafx.scene.layout.HBox::getHgrow (10 bytes)
Event: 31.318 Thread 0x0000019dc19e50d0 5299       4       javafx.scene.paint.Color::to32BitInteger (45 bytes)
Event: 31.318 Thread 0x0000019dc19e50d0 nmethod 5299 0x0000019db5b02288 code [0x0000019db5b02380, 0x0000019db5b023f8]
Event: 31.318 Thread 0x0000019dc19ed410 nmethod 5309 0x0000019dae778188 code [0x0000019dae778280, 0x0000019dae778cb8]
Event: 31.318 Thread 0x0000019dc19ed410 5310       1       com.sun.glass.ui.Screen::getHeight (5 bytes)
Event: 31.318 Thread 0x0000019dc19ed410 nmethod 5310 0x0000019db5b02588 code [0x0000019db5b02680, 0x0000019db5b02748]
Event: 31.318 Thread 0x0000019dc19ed410 5311       1       com.sun.glass.ui.Screen::getWidth (5 bytes)
Event: 31.318 Thread 0x0000019dc19ed410 nmethod 5311 0x0000019db5b02888 code [0x0000019db5b02980, 0x0000019db5b02a48]
Event: 31.818 Thread 0x0000019dc19e50d0 5312       4       com.sun.javafx.logging.PlatformLogger::getSystemLoggerLevel (88 bytes)
Event: 31.818 Thread 0x0000019dc19e50d0 nmethod 5312 0x0000019db5b02b88 code [0x0000019db5b02c80, 0x0000019db5b02d50]
Event: 31.889 Thread 0x0000019dc19e50d0 5313       4       com.sun.javafx.geom.PickRay::setDirection (12 bytes)
Event: 31.890 Thread 0x0000019dc19e50d0 nmethod 5313 0x0000019db5b02e88 code [0x0000019db5b02f80, 0x0000019db5b03030]
Event: 85.386 Thread 0x0000019dc19e50d0 5314       4       com.sun.javafx.tk.quantum.QuantumToolkit::postPulse (133 bytes)
Event: 85.397 Thread 0x0000019dc19e50d0 nmethod 5314 0x0000019db5b03188 code [0x0000019db5b03280, 0x0000019db5b04648]
Event: 86.832 Thread 0x0000019dc19e50d0 5315       4       com.sun.javafx.tk.quantum.QuantumToolkit$$Lambda/0x000000002d060648::run (8 bytes)
Event: 86.833 Thread 0x0000019dc19e50d0 nmethod 5315 0x0000019db5b04688 code [0x0000019db5b04780, 0x0000019db5b04848]

GC Heap Usage History (4 events):
Event: 0.890 {heap Before GC invocations=0 (full 0):
 garbage-first heap   total reserved 1982464K, committed 126976K, used 28819K [0x0000000087000000, 0x0000000100000000)
  region size 1024K, 28 young (28672K), 0 survivors (0K)
}
Event: 0.893 {heap After GC invocations=1 (full 0):
 garbage-first heap   total reserved 1982464K, committed 126976K, used 4093K [0x0000000087000000, 0x0000000100000000)
  region size 1024K, 3 young (3072K), 3 survivors (3072K)
}
Event: 1.965 {heap Before GC invocations=1 (full 0):
 garbage-first heap   total reserved 1982464K, committed 126976K, used 57341K [0x0000000087000000, 0x0000000100000000)
  region size 1024K, 55 young (56320K), 3 survivors (3072K)
}
Event: 1.975 {heap After GC invocations=2 (full 0):
 garbage-first heap   total reserved 1982464K, committed 126976K, used 8591K [0x0000000087000000, 0x0000000100000000)
  region size 1024K, 7 young (7168K), 7 survivors (7168K)
}

Metaspace Usage History (4 events):
Event: 0.890 {metaspace Before GC invocations=0 (full 0):
 Metaspace       used 5915K, committed 6080K, reserved 1114112K
  class space    used 546K, committed 640K, reserved 1048576K
}
Event: 0.893 {metaspace After GC invocations=1 (full 0):
 Metaspace       used 5915K, committed 6080K, reserved 1114112K
  class space    used 546K, committed 640K, reserved 1048576K
}
Event: 1.965 {metaspace Before GC invocations=1 (full 0):
 Metaspace       used 13563K, committed 13696K, reserved 1114112K
  class space    used 1814K, committed 1856K, reserved 1048576K
}
Event: 1.975 {metaspace After GC invocations=2 (full 0):
 Metaspace       used 13563K, committed 13696K, reserved 1114112K
  class space    used 1814K, committed 1856K, reserved 1048576K
}

Dll operation events (20 events):
Event: 0.485 Loaded shared library C:\javafx-sdk-25.0.1\bin\api-ms-win-crt-locale-l1-1-0.dll
Event: 0.487 Loaded shared library C:\javafx-sdk-25.0.1\bin\api-ms-win-crt-math-l1-1-0.dll
Event: 0.489 Loaded shared library C:\javafx-sdk-25.0.1\bin\api-ms-win-crt-multibyte-l1-1-0.dll
Event: 0.490 Loaded shared library C:\javafx-sdk-25.0.1\bin\api-ms-win-crt-private-l1-1-0.dll
Event: 0.492 Loaded shared library C:\javafx-sdk-25.0.1\bin\api-ms-win-crt-process-l1-1-0.dll
Event: 0.494 Loaded shared library C:\javafx-sdk-25.0.1\bin\api-ms-win-crt-runtime-l1-1-0.dll
Event: 0.495 Loaded shared library C:\javafx-sdk-25.0.1\bin\api-ms-win-crt-stdio-l1-1-0.dll
Event: 0.496 Loaded shared library C:\javafx-sdk-25.0.1\bin\api-ms-win-crt-string-l1-1-0.dll
Event: 0.498 Loaded shared library C:\javafx-sdk-25.0.1\bin\api-ms-win-crt-time-l1-1-0.dll
Event: 0.500 Loaded shared library C:\javafx-sdk-25.0.1\bin\api-ms-win-crt-utility-l1-1-0.dll
Event: 0.504 Loaded shared library C:\javafx-sdk-25.0.1\bin\ucrtbase.dll
Event: 0.507 Loaded shared library C:\javafx-sdk-25.0.1\bin\vcruntime140.dll
Event: 0.509 Loaded shared library C:\javafx-sdk-25.0.1\bin\vcruntime140_1.dll
Event: 0.511 Loaded shared library C:\javafx-sdk-25.0.1\bin\msvcp140.dll
Event: 0.514 Loaded shared library C:\javafx-sdk-25.0.1\bin\msvcp140_1.dll
Event: 0.517 Loaded shared library C:\javafx-sdk-25.0.1\bin\msvcp140_2.dll
Event: 0.567 Loaded shared library C:\javafx-sdk-25.0.1\bin\prism_d3d.dll
Event: 0.622 Loaded shared library C:\javafx-sdk-25.0.1\bin\glass.dll
Event: 0.848 Loaded shared library C:\Users\duytr\.jdks\openjdk-25.0.1\bin\jimage.dll
Event: 1.186 Loaded shared library C:\javafx-sdk-25.0.1\bin\javafx_font.dll

Deoptimization events (20 events):
Event: 27.708 Thread 0x0000019dc1cab880 DEOPT PACKING pc=0x0000019db5ae7be0 sp=0x0000003f36efb1a0
Event: 27.708 Thread 0x0000019dc1cab880 DEOPT UNPACKING pc=0x0000019db54cf482 sp=0x0000003f36efb170 mode 2
Event: 27.708 Thread 0x0000019dc1cab880 Uncommon trap: trap_request=0xffffffd6 fr.pc=0x0000019db5ae7be0 relative=0x0000000000000660
Event: 27.708 Thread 0x0000019dc1cab880 Uncommon trap: reason=array_check action=maybe_recompile pc=0x0000019db5ae7be0 method=com.sun.javafx.event.EventDispatchChainImpl.prepend(Ljavafx/event/EventDispatcher;)Ljavafx/event/EventDispatchChain; @ 33 c2
Event: 27.708 Thread 0x0000019dc1cab880 DEOPT PACKING pc=0x0000019db5ae7be0 sp=0x0000003f36efb130
Event: 27.708 Thread 0x0000019dc1cab880 DEOPT UNPACKING pc=0x0000019db54cf482 sp=0x0000003f36efb100 mode 2
Event: 27.708 Thread 0x0000019dc1cab880 Uncommon trap: trap_request=0xffffffd6 fr.pc=0x0000019db5ae7be0 relative=0x0000000000000660
Event: 27.708 Thread 0x0000019dc1cab880 Uncommon trap: reason=array_check action=maybe_recompile pc=0x0000019db5ae7be0 method=com.sun.javafx.event.EventDispatchChainImpl.prepend(Ljavafx/event/EventDispatcher;)Ljavafx/event/EventDispatchChain; @ 33 c2
Event: 27.708 Thread 0x0000019dc1cab880 DEOPT PACKING pc=0x0000019db5ae7be0 sp=0x0000003f36efb130
Event: 27.708 Thread 0x0000019dc1cab880 DEOPT UNPACKING pc=0x0000019db54cf482 sp=0x0000003f36efb100 mode 2
Event: 29.428 Thread 0x0000019dc1cac050 Uncommon trap: trap_request=0xffffff45 fr.pc=0x0000019db5a8ab18 relative=0x0000000000002218
Event: 29.428 Thread 0x0000019dc1cac050 Uncommon trap: reason=unstable_if action=reinterpret pc=0x0000019db5a8ab18 method=com.sun.marlin.Renderer._endRendering(IILcom/sun/marlin/MarlinAlphaConsumer;)V @ 2105 c2
Event: 29.428 Thread 0x0000019dc1cac050 DEOPT PACKING pc=0x0000019db5a8ab18 sp=0x0000003f36cfd140
Event: 29.428 Thread 0x0000019dc1cac050 DEOPT UNPACKING pc=0x0000019db54cf482 sp=0x0000003f36cfcfa8 mode 2
Event: 29.592 Thread 0x0000019dc1cac050 DEOPT PACKING pc=0x0000019dae752eb4 sp=0x0000003f36cfc780
Event: 29.592 Thread 0x0000019dc1cac050 DEOPT UNPACKING pc=0x0000019db53f12a2 sp=0x0000003f36cfc028 mode 0
Event: 29.596 Thread 0x0000019dc1cac050 DEOPT PACKING pc=0x0000019dae752eb4 sp=0x0000003f36cfcc00
Event: 29.596 Thread 0x0000019dc1cac050 DEOPT UNPACKING pc=0x0000019db53f12a2 sp=0x0000003f36cfc4a8 mode 0
Event: 31.204 Thread 0x0000019dc1cac050 DEOPT PACKING pc=0x0000019dae753088 sp=0x0000003f36cfd300
Event: 31.204 Thread 0x0000019dc1cac050 DEOPT UNPACKING pc=0x0000019db53f12a2 sp=0x0000003f36cfcba8 mode 0

Classes loaded (20 events):
Event: 8.760 Loading class java/util/TreeSet
Event: 8.760 Loading class java/util/TreeSet done
Event: 8.764 Loading class java/text/BreakIterator
Event: 8.764 Loading class java/text/BreakIterator done
Event: 8.764 Loading class sun/util/locale/provider/BreakIteratorProviderImpl$GraphemeBreakIterator
Event: 8.764 Loading class sun/util/locale/provider/BreakIteratorProviderImpl$GraphemeBreakIterator done
Event: 8.764 Loading class java/text/StringCharacterIterator
Event: 8.765 Loading class java/text/StringCharacterIterator done
Event: 8.765 Loading class sun/util/locale/provider/BreakIteratorProviderImpl$CharacterIteratorCharSequence
Event: 8.765 Loading class sun/util/locale/provider/BreakIteratorProviderImpl$CharacterIteratorCharSequence done
Event: 8.765 Loading class java/text/BreakIterator$BreakIteratorCache
Event: 8.765 Loading class java/text/BreakIterator$BreakIteratorCache done
Event: 8.765 Loading class jdk/internal/util/regex/Grapheme
Event: 8.766 Loading class jdk/internal/util/regex/Grapheme done
Event: 8.766 Loading class jdk/internal/util/regex/IndicConjunctBreak
Event: 8.766 Loading class jdk/internal/util/regex/IndicConjunctBreak done
Event: 8.809 Loading class java/lang/FdLibm$Acos
Event: 8.809 Loading class java/lang/FdLibm$Acos done
Event: 320.020 Loading class jdk/internal/misc/Signal$1
Event: 320.021 Loading class jdk/internal/misc/Signal$1 done

Classes unloaded (0 events):
No events

Classes redefined (0 events):
No events

Internal exceptions (20 events):
Event: 8.511 Thread 0x0000019dc1cab880 Exception <a 'java/io/FileNotFoundException'{0x000000008e025ea8}> (0x000000008e025ea8) 
thrown [s\open\src\hotspot\share\prims\jni.cpp, line 516]
Event: 8.512 Thread 0x0000019dc1cab880 Exception <a 'java/io/FileNotFoundException'{0x000000008e026d60}> (0x000000008e026d60) 
thrown [s\open\src\hotspot\share\prims\jni.cpp, line 516]
Event: 8.524 Thread 0x0000019dc1cab880 Exception <a 'java/io/FileNotFoundException'{0x000000008df59450}> (0x000000008df59450) 
thrown [s\open\src\hotspot\share\prims\jni.cpp, line 516]
Event: 8.524 Thread 0x0000019dc1cab880 Exception <a 'java/io/FileNotFoundException'{0x000000008df59f80}> (0x000000008df59f80) 
thrown [s\open\src\hotspot\share\prims\jni.cpp, line 516]
Event: 8.524 Thread 0x0000019dc1cab880 Exception <a 'java/io/FileNotFoundException'{0x000000008df5abe0}> (0x000000008df5abe0) 
thrown [s\open\src\hotspot\share\prims\jni.cpp, line 516]
Event: 8.637 Thread 0x0000019dc1cab880 Exception <a 'java/lang/NoSuchMethodError'{0x000000008d6d3f48}: 'void java.lang.invoke.DirectMethodHandle$Holder.invokeSpecial(java.lang.Object, java.lang.Object, int)'> (0x000000008d6d3f48) 
thrown [s\open\src\hotspot\share\interpreter\linkResolver.cpp, line 804]
Event: 10.433 Thread 0x0000019dc1cab880 Exception <a 'java/io/FileNotFoundException'{0x000000008ca5d030}> (0x000000008ca5d030) 
thrown [s\open\src\hotspot\share\prims\jni.cpp, line 516]
Event: 10.434 Thread 0x0000019dc1cab880 Exception <a 'java/io/FileNotFoundException'{0x000000008ca5db50}> (0x000000008ca5db50) 
thrown [s\open\src\hotspot\share\prims\jni.cpp, line 516]
Event: 10.434 Thread 0x0000019dc1cab880 Exception <a 'java/io/FileNotFoundException'{0x000000008ca5e758}> (0x000000008ca5e758) 
thrown [s\open\src\hotspot\share\prims\jni.cpp, line 516]
Event: 15.874 Thread 0x0000019dc1cab880 Exception <a 'java/io/FileNotFoundException'{0x000000008c589568}> (0x000000008c589568) 
thrown [s\open\src\hotspot\share\prims\jni.cpp, line 516]
Event: 15.874 Thread 0x0000019dc1cab880 Exception <a 'java/io/FileNotFoundException'{0x000000008c58a088}> (0x000000008c58a088) 
thrown [s\open\src\hotspot\share\prims\jni.cpp, line 516]
Event: 15.874 Thread 0x0000019dc1cab880 Exception <a 'java/io/FileNotFoundException'{0x000000008c58ac90}> (0x000000008c58ac90) 
thrown [s\open\src\hotspot\share\prims\jni.cpp, line 516]
Event: 19.387 Thread 0x0000019dc1cab880 Exception <a 'java/lang/NoSuchMethodError'{0x000000008c31d6e8}: 'java.lang.Object java.lang.invoke.DirectMethodHandle$Holder.newInvokeSpecial(java.lang.Object, java.lang.Object, int, int, int, int, int, java.lang.Object)'> (0x000000008c31d6e8) 
thrown [s\open\src\hotspot\share\interpreter\linkResolver.cpp, line 804]
Event: 20.839 Thread 0x0000019dc1cab880 Exception <a 'java/io/FileNotFoundException'{0x000000008c363478}> (0x000000008c363478) 
thrown [s\open\src\hotspot\share\prims\jni.cpp, line 516]
Event: 20.839 Thread 0x0000019dc1cab880 Exception <a 'java/io/FileNotFoundException'{0x000000008c363f98}> (0x000000008c363f98) 
thrown [s\open\src\hotspot\share\prims\jni.cpp, line 516]
Event: 20.839 Thread 0x0000019dc1cab880 Exception <a 'java/io/FileNotFoundException'{0x000000008c364ba0}> (0x000000008c364ba0) 
thrown [s\open\src\hotspot\share\prims\jni.cpp, line 516]
Event: 28.089 Thread 0x0000019dc1cab880 Exception <a 'java/lang/NoSuchMethodError'{0x000000008be56138}: 'int java.lang.invoke.DirectMethodHandle$Holder.invokeStatic(java.lang.Object, int, java.lang.Object)'> (0x000000008be56138) 
thrown [s\open\src\hotspot\share\interpreter\linkResolver.cpp, line 804]
Event: 30.407 Thread 0x0000019dc1cab880 Exception <a 'java/io/FileNotFoundException'{0x000000008bd69eb8}> (0x000000008bd69eb8) 
thrown [s\open\src\hotspot\share\prims\jni.cpp, line 516]
Event: 30.407 Thread 0x0000019dc1cab880 Exception <a 'java/io/FileNotFoundException'{0x000000008bd6a9d8}> (0x000000008bd6a9d8) 
thrown [s\open\src\hotspot\share\prims\jni.cpp, line 516]
Event: 30.408 Thread 0x0000019dc1cab880 Exception <a 'java/io/FileNotFoundException'{0x000000008bd6b5e0}> (0x000000008bd6b5e0) 
thrown [s\open\src\hotspot\share\prims\jni.cpp, line 516]

VM Operations (20 events):
Event: 1.462 Executing non-safepoint VM operation: HandshakeAllThreads (Deoptimize) done
Event: 1.488 Executing non-safepoint VM operation: HandshakeAllThreads (Deoptimize)
Event: 1.488 Executing non-safepoint VM operation: HandshakeAllThreads (Deoptimize) done
Event: 1.738 Executing non-safepoint VM operation: HandshakeAllThreads (Deoptimize)
Event: 1.738 Executing non-safepoint VM operation: HandshakeAllThreads (Deoptimize) done
Event: 1.965 Executing safepoint VM operation: G1CollectForAllocation (G1 Evacuation Pause)
Event: 1.975 Executing safepoint VM operation: G1CollectForAllocation (G1 Evacuation Pause) done
Event: 2.006 Executing non-safepoint VM operation: HandshakeAllThreads (Deoptimize)
Event: 2.006 Executing non-safepoint VM operation: HandshakeAllThreads (Deoptimize) done
Event: 8.620 Executing non-safepoint VM operation: HandshakeAllThreads (Deoptimize)
Event: 8.620 Executing non-safepoint VM operation: HandshakeAllThreads (Deoptimize) done
Event: 8.706 Executing non-safepoint VM operation: HandshakeAllThreads (Deoptimize)
Event: 8.706 Executing non-safepoint VM operation: HandshakeAllThreads (Deoptimize) done
Event: 14.092 Executing non-safepoint VM operation: HandshakeAllThreads (Deoptimize)
Event: 14.092 Executing non-safepoint VM operation: HandshakeAllThreads (Deoptimize) done
Event: 60.229 Executing non-safepoint VM operation: HandshakeAllThreads (HandshakeForDeflation)
Event: 60.229 Executing non-safepoint VM operation: HandshakeAllThreads (HandshakeForDeflation) done
Event: 60.229 Executing non-safepoint VM operation: RendezvousGCThreads
Event: 60.229 Executing non-safepoint VM operation: RendezvousGCThreads done
Event: 320.038 Executing safepoint VM operation: Exit

Memory protections (0 events):
No events

Nmethod flushes (0 events):
No events

Events (20 events):
Event: 2.620 Thread 0x0000019dc6b00b70 Thread exited: 0x0000019dc6b00b70
Event: 8.549 Thread 0x0000019dc19ed410 Thread added: 0x0000019dc6afdb10
Event: 9.347 Thread 0x0000019dc6afdb10 Thread exited: 0x0000019dc6afdb10
Event: 10.213 Thread 0x0000019dc19ed410 Thread added: 0x0000019dc6afe320
Event: 10.431 Thread 0x0000019dc6afe320 Thread exited: 0x0000019dc6afe320
Event: 10.468 Thread 0x0000019dc19ed410 Thread added: 0x0000019dc6afdb10
Event: 11.107 Thread 0x0000019dc6afdb10 Thread exited: 0x0000019dc6afdb10
Event: 11.353 Thread 0x0000019dc19ed410 Thread added: 0x0000019dc6afeb30
Event: 11.641 Thread 0x0000019dc6afeb30 Thread exited: 0x0000019dc6afeb30
Event: 15.901 Thread 0x0000019dc19ed410 Thread added: 0x0000019dc6afdb10
Event: 16.163 Thread 0x0000019dc6afdb10 Thread exited: 0x0000019dc6afdb10
Event: 320.023 Thread 0x0000019dc19d6e60 Thread added: 0x0000019dc65fea10
Event: 320.027 Thread 0x0000019dc65fea10 Thread added: 0x0000019dc65fcad0
Event: 320.027 Thread 0x0000019dc65fea10 Thread added: 0x0000019dc65fd2a0
Event: 320.029 Thread 0x0000019dc65fd2a0 Thread exited: 0x0000019dc65fd2a0
Event: 320.034 Thread 0x0000019dc65fcad0 Thread added: 0x0000019dc1caf700
Event: 320.036 Thread 0x0000019dc1caf700 Thread exited: 0x0000019dc1caf700
Event: 320.036 Thread 0x0000019dc65fcad0 Thread exited: 0x0000019dc65fcad0
Event: 320.036 Thread 0x0000019dc65fea10 Before exit entered
Event: 320.037 Thread 0x0000019dc19d6e60 Thread exited: 0x0000019dc19d6e60


Dynamic libraries:
0x00007ff782cc0000 - 0x00007ff782cce000 	C:\Users\duytr\.jdks\openjdk-25.0.1\bin\java.exe
0x00007ffa60fe0000 - 0x00007ffa61248000 	C:\WINDOWS\SYSTEM32\ntdll.dll
0x00007ffa60b20000 - 0x00007ffa60be9000 	C:\WINDOWS\System32\KERNEL32.DLL
0x00007ffa5e460000 - 0x00007ffa5e852000 	C:\WINDOWS\System32\KERNELBASE.dll
0x00007ffa5ec60000 - 0x00007ffa5edab000 	C:\WINDOWS\System32\ucrtbase.dll
0x00007ffa54980000 - 0x00007ffa5499e000 	C:\Users\duytr\.jdks\openjdk-25.0.1\bin\VCRUNTIME140.dll
0x00007ffa426c0000 - 0x00007ffa426d7000 	C:\Users\duytr\.jdks\openjdk-25.0.1\bin\jli.dll
0x00007ffa5fe20000 - 0x00007ffa5ffe5000 	C:\WINDOWS\System32\USER32.dll
0x00007ffa5ea60000 - 0x00007ffa5ea87000 	C:\WINDOWS\System32\win32u.dll
0x00007ffa474a0000 - 0x00007ffa47733000 	C:\WINDOWS\WinSxS\amd64_microsoft.windows.common-controls_6595b64144ccf1df_6.0.26100.6899_none_3e0efeeae32e88c1\COMCTL32.dll
0x00007ffa60a80000 - 0x00007ffa60aab000 	C:\WINDOWS\System32\GDI32.dll
0x00007ffa5ef90000 - 0x00007ffa5f039000 	C:\WINDOWS\System32\msvcrt.dll
0x00007ffa5ea90000 - 0x00007ffa5ebbd000 	C:\WINDOWS\System32\gdi32full.dll
0x00007ffa5e9b0000 - 0x00007ffa5ea53000 	C:\WINDOWS\System32\msvcp_win.dll
0x00007ffa5f9c0000 - 0x00007ffa5f9ef000 	C:\WINDOWS\System32\IMM32.DLL
0x00007ffa5b230000 - 0x00007ffa5b23c000 	C:\Users\duytr\.jdks\openjdk-25.0.1\bin\vcruntime140_1.dll
0x00007ffa2d430000 - 0x00007ffa2d4bd000 	C:\Users\duytr\.jdks\openjdk-25.0.1\bin\msvcp140.dll
0x00007ff9a3670000 - 0x00007ff9a44cf000 	C:\Users\duytr\.jdks\openjdk-25.0.1\bin\server\jvm.dll
0x00007ffa60bf0000 - 0x00007ffa60ca4000 	C:\WINDOWS\System32\ADVAPI32.dll
0x00007ffa5edb0000 - 0x00007ffa5ee56000 	C:\WINDOWS\System32\sechost.dll
0x00007ffa5ee70000 - 0x00007ffa5ef88000 	C:\WINDOWS\System32\RPCRT4.dll
0x00007ffa60580000 - 0x00007ffa605f4000 	C:\WINDOWS\System32\WS2_32.dll
0x00007ffa5dfd0000 - 0x00007ffa5e02e000 	C:\WINDOWS\SYSTEM32\POWRPROF.dll
0x00007ffa47c20000 - 0x00007ffa47c55000 	C:\WINDOWS\SYSTEM32\WINMM.dll
0x00007ffa4ac00000 - 0x00007ffa4ac0b000 	C:\WINDOWS\SYSTEM32\VERSION.dll
0x00007ffa5dfb0000 - 0x00007ffa5dfc4000 	C:\WINDOWS\SYSTEM32\UMPDC.dll
0x00007ffa5cf40000 - 0x00007ffa5cf5b000 	C:\WINDOWS\SYSTEM32\kernel.appcore.dll
0x00007ffa5b1b0000 - 0x00007ffa5b1ba000 	C:\Users\duytr\.jdks\openjdk-25.0.1\bin\jimage.dll
0x00007ffa58da0000 - 0x00007ffa58fe2000 	C:\WINDOWS\SYSTEM32\DBGHELP.DLL
0x00007ffa5faa0000 - 0x00007ffa5fe1b000 	C:\WINDOWS\System32\combase.dll
0x00007ffa607d0000 - 0x00007ffa608a7000 	C:\WINDOWS\System32\OLEAUT32.dll
0x00007ffa327c0000 - 0x00007ffa327fc000 	C:\WINDOWS\SYSTEM32\dbgcore.DLL
0x00007ffa5ebc0000 - 0x00007ffa5ec58000 	C:\WINDOWS\System32\bcryptPrimitives.dll
0x00007ffa3b2a0000 - 0x00007ffa3b2b0000 	C:\Users\duytr\.jdks\openjdk-25.0.1\bin\instrument.dll
0x00007ffa42350000 - 0x00007ffa4236f000 	C:\Users\duytr\.jdks\openjdk-25.0.1\bin\java.dll
0x00007ffa60630000 - 0x00007ffa607c8000 	C:\WINDOWS\System32\ole32.dll
0x00007ffa5f270000 - 0x00007ffa5f9bd000 	C:\WINDOWS\System32\SHELL32.dll
0x00007ffa5e2f0000 - 0x00007ffa5e45b000 	C:\WINDOWS\System32\wintypes.dll
0x00007ffa5bde0000 - 0x00007ffa5c63d000 	C:\WINDOWS\SYSTEM32\windows.storage.dll
0x00007ffa5fff0000 - 0x00007ffa600e2000 	C:\WINDOWS\System32\SHCORE.dll
0x00007ffa60ab0000 - 0x00007ffa60b12000 	C:\WINDOWS\System32\shlwapi.dll
0x00007ffa5e090000 - 0x00007ffa5e0b9000 	C:\WINDOWS\SYSTEM32\profapi.dll
0x00007ffa42080000 - 0x00007ffa42092000 	C:\Users\duytr\.jdks\openjdk-25.0.1\bin\net.dll
0x00007ffa5d4b0000 - 0x00007ffa5d51b000 	C:\WINDOWS\system32\mswsock.dll
0x00007ffa3f530000 - 0x00007ffa3f546000 	C:\Users\duytr\.jdks\openjdk-25.0.1\bin\nio.dll
0x00007ffa38b40000 - 0x00007ffa38b57000 	C:\Users\duytr\.jdks\openjdk-25.0.1\bin\zip.dll
0x00007ffa55240000 - 0x00007ffa55249000 	C:\Users\duytr\.jdks\openjdk-25.0.1\bin\extnet.dll
0x0000019da5550000 - 0x0000019da5554000 	C:\javafx-sdk-25.0.1\bin\api-ms-win-core-console-l1-1-0.dll
0x0000019da5560000 - 0x0000019da5564000 	C:\javafx-sdk-25.0.1\bin\api-ms-win-core-console-l1-2-0.dll
0x0000019da5570000 - 0x0000019da5574000 	C:\javafx-sdk-25.0.1\bin\api-ms-win-core-datetime-l1-1-0.dll
0x0000019da5580000 - 0x0000019da5584000 	C:\javafx-sdk-25.0.1\bin\api-ms-win-core-debug-l1-1-0.dll
0x0000019da5590000 - 0x0000019da5594000 	C:\javafx-sdk-25.0.1\bin\api-ms-win-core-errorhandling-l1-1-0.dll
0x0000019da55a0000 - 0x0000019da55a5000 	C:\javafx-sdk-25.0.1\bin\api-ms-win-core-file-l1-1-0.dll
0x0000019dc1fa0000 - 0x0000019dc1fa4000 	C:\javafx-sdk-25.0.1\bin\api-ms-win-core-file-l1-2-0.dll
0x0000019dc1fb0000 - 0x0000019dc1fb4000 	C:\javafx-sdk-25.0.1\bin\api-ms-win-core-file-l2-1-0.dll
0x0000019dc1fc0000 - 0x0000019dc1fc4000 	C:\javafx-sdk-25.0.1\bin\api-ms-win-core-handle-l1-1-0.dll
0x0000019dc1e90000 - 0x0000019dc1e94000 	C:\javafx-sdk-25.0.1\bin\api-ms-win-core-heap-l1-1-0.dll
0x0000019dc1ea0000 - 0x0000019dc1ea4000 	C:\javafx-sdk-25.0.1\bin\api-ms-win-core-interlocked-l1-1-0.dll
0x0000019dc1eb0000 - 0x0000019dc1eb4000 	C:\javafx-sdk-25.0.1\bin\api-ms-win-core-libraryloader-l1-1-0.dll
0x0000019dc1ec0000 - 0x0000019dc1ec4000 	C:\javafx-sdk-25.0.1\bin\api-ms-win-core-localization-l1-2-0.dll
0x0000019dc1ed0000 - 0x0000019dc1ed4000 	C:\javafx-sdk-25.0.1\bin\api-ms-win-core-memory-l1-1-0.dll
0x0000019dc1ee0000 - 0x0000019dc1ee4000 	C:\javafx-sdk-25.0.1\bin\api-ms-win-core-namedpipe-l1-1-0.dll
0x0000019dc1ef0000 - 0x0000019dc1ef4000 	C:\javafx-sdk-25.0.1\bin\api-ms-win-core-processenvironment-l1-1-0.dll
0x0000019dc1f00000 - 0x0000019dc1f04000 	C:\javafx-sdk-25.0.1\bin\api-ms-win-core-processthreads-l1-1-0.dll
0x0000019dc1f10000 - 0x0000019dc1f14000 	C:\javafx-sdk-25.0.1\bin\api-ms-win-core-processthreads-l1-1-1.dll
0x0000019dc1f20000 - 0x0000019dc1f24000 	C:\javafx-sdk-25.0.1\bin\api-ms-win-core-profile-l1-1-0.dll
0x0000019dc1f30000 - 0x0000019dc1f34000 	C:\javafx-sdk-25.0.1\bin\api-ms-win-core-rtlsupport-l1-1-0.dll
0x0000019dc1f40000 - 0x0000019dc1f44000 	C:\javafx-sdk-25.0.1\bin\api-ms-win-core-string-l1-1-0.dll
0x0000019dc1f50000 - 0x0000019dc1f54000 	C:\javafx-sdk-25.0.1\bin\api-ms-win-core-synch-l1-1-0.dll
0x0000019dc1f60000 - 0x0000019dc1f64000 	C:\javafx-sdk-25.0.1\bin\api-ms-win-core-synch-l1-2-0.dll
0x0000019dc1f70000 - 0x0000019dc1f74000 	C:\javafx-sdk-25.0.1\bin\api-ms-win-core-sysinfo-l1-1-0.dll
0x0000019dc1f80000 - 0x0000019dc1f84000 	C:\javafx-sdk-25.0.1\bin\api-ms-win-core-timezone-l1-1-0.dll
0x0000019dc1f90000 - 0x0000019dc1f94000 	C:\javafx-sdk-25.0.1\bin\api-ms-win-core-util-l1-1-0.dll
0x0000019dc1fd0000 - 0x0000019dc1fd4000 	C:\javafx-sdk-25.0.1\bin\api-ms-win-crt-conio-l1-1-0.dll
0x0000019dc1fe0000 - 0x0000019dc1fe5000 	C:\javafx-sdk-25.0.1\bin\api-ms-win-crt-convert-l1-1-0.dll
0x0000019dc1ff0000 - 0x0000019dc1ff4000 	C:\javafx-sdk-25.0.1\bin\api-ms-win-crt-environment-l1-1-0.dll
0x0000019dc77d0000 - 0x0000019dc77d4000 	C:\javafx-sdk-25.0.1\bin\api-ms-win-crt-filesystem-l1-1-0.dll
0x0000019dc77e0000 - 0x0000019dc77e4000 	C:\javafx-sdk-25.0.1\bin\api-ms-win-crt-heap-l1-1-0.dll
0x0000019dc77f0000 - 0x0000019dc77f4000 	C:\javafx-sdk-25.0.1\bin\api-ms-win-crt-locale-l1-1-0.dll
0x0000019dc7800000 - 0x0000019dc7806000 	C:\javafx-sdk-25.0.1\bin\api-ms-win-crt-math-l1-1-0.dll
0x0000019dc7810000 - 0x0000019dc7816000 	C:\javafx-sdk-25.0.1\bin\api-ms-win-crt-multibyte-l1-1-0.dll
0x0000019dc7820000 - 0x0000019dc7831000 	C:\javafx-sdk-25.0.1\bin\api-ms-win-crt-private-l1-1-0.dll
0x0000019dc7840000 - 0x0000019dc7844000 	C:\javafx-sdk-25.0.1\bin\api-ms-win-crt-process-l1-1-0.dll
0x0000019dc7850000 - 0x0000019dc7855000 	C:\javafx-sdk-25.0.1\bin\api-ms-win-crt-runtime-l1-1-0.dll
0x0000019dc7860000 - 0x0000019dc7865000 	C:\javafx-sdk-25.0.1\bin\api-ms-win-crt-stdio-l1-1-0.dll
0x0000019dc7870000 - 0x0000019dc7875000 	C:\javafx-sdk-25.0.1\bin\api-ms-win-crt-string-l1-1-0.dll
0x0000019dc7880000 - 0x0000019dc7884000 	C:\javafx-sdk-25.0.1\bin\api-ms-win-crt-time-l1-1-0.dll
0x0000019dc7890000 - 0x0000019dc7894000 	C:\javafx-sdk-25.0.1\bin\api-ms-win-crt-utility-l1-1-0.dll
0x00007ffa1dba0000 - 0x00007ffa1dcb1000 	C:\javafx-sdk-25.0.1\bin\ucrtbase.dll
0x00007ffa354c0000 - 0x00007ffa354de000 	C:\javafx-sdk-25.0.1\bin\vcruntime140.dll
0x00007ffa456e0000 - 0x00007ffa456ec000 	C:\javafx-sdk-25.0.1\bin\vcruntime140_1.dll
0x00007ffa1da60000 - 0x00007ffa1daed000 	C:\javafx-sdk-25.0.1\bin\msvcp140.dll
0x00007ffa44040000 - 0x00007ffa44049000 	C:\javafx-sdk-25.0.1\bin\msvcp140_1.dll
0x00007ffa1db50000 - 0x00007ffa1db91000 	C:\javafx-sdk-25.0.1\bin\msvcp140_2.dll
0x00007ffa29cd0000 - 0x00007ffa29d00000 	C:\javafx-sdk-25.0.1\bin\prism_d3d.dll
0x00007ff9fd490000 - 0x00007ff9fd640000 	C:\WINDOWS\system32\d3d9.dll
0x00007ffa5b740000 - 0x00007ffa5b76d000 	C:\WINDOWS\SYSTEM32\dwmapi.dll
0x00007ffa5b6f0000 - 0x00007ffa5b734000 	C:\WINDOWS\SYSTEM32\dxcore.dll
0x00007ffa5b5d0000 - 0x00007ffa5b67a000 	C:\WINDOWS\system32\uxtheme.dll
0x00007ff9dd3f0000 - 0x00007ff9dd59c000 	C:\WINDOWS\System32\DriverStore\FileRepository\iigd_dch.inf_amd64_86def921271c86b5\igdumdim64.dll
0x00007ff9d9790000 - 0x00007ff9dd3ec000 	C:\WINDOWS\System32\DriverStore\FileRepository\iigd_dch.inf_amd64_86def921271c86b5\igd9dxva64.dll
0x00007ffa600f0000 - 0x00007ffa60578000 	C:\WINDOWS\System32\SETUPAPI.dll
0x00007ffa5dcf0000 - 0x00007ffa5dd47000 	C:\WINDOWS\SYSTEM32\cfgmgr32.dll
0x00007ffa52bc0000 - 0x00007ffa52fb0000 	C:\WINDOWS\System32\DriverStore\FileRepository\iigd_dch.inf_amd64_86def921271c86b5\igdgmm64.dll
0x00007ffa55110000 - 0x00007ffa55173000 	C:\WINDOWS\SYSTEM32\directxdatabasehelper.dll
0x00007ffa1da10000 - 0x00007ffa1da59000 	C:\javafx-sdk-25.0.1\bin\glass.dll
0x00007ffa60d60000 - 0x00007ffa60e53000 	C:\WINDOWS\System32\COMDLG32.dll
0x00007ffa60ee0000 - 0x00007ffa60f91000 	C:\WINDOWS\System32\clbcatq.dll
0x00007ffa3e2d0000 - 0x00007ffa3e420000 	C:\Windows\System32\Windows.UI.dll
0x00007ffa312f0000 - 0x00007ffa313ab000 	C:\Windows\System32\Windows.Networking.Connectivity.dll
0x00007ffa4bb80000 - 0x00007ffa4bdc5000 	C:\Windows\System32\twinapi.appcore.dll
0x00007ffa608b0000 - 0x00007ffa60a0b000 	C:\WINDOWS\System32\MSCTF.dll
0x00007ffa248b0000 - 0x00007ffa248d7000 	C:\WINDOWS\System32\DriverStore\FileRepository\iigd_dch.inf_amd64_86def921271c86b5\igdinfo64.dll
0x00007ffa5d760000 - 0x00007ffa5d77b000 	C:\WINDOWS\SYSTEM32\CRYPTSP.dll
0x00007ffa5cea0000 - 0x00007ffa5cedb000 	C:\WINDOWS\system32\rsaenh.dll
0x00007ffa5d780000 - 0x00007ffa5d78c000 	C:\WINDOWS\SYSTEM32\CRYPTBASE.dll
0x00007ffa5e060000 - 0x00007ffa5e086000 	C:\WINDOWS\SYSTEM32\bcrypt.dll
0x00007ffa4e570000 - 0x00007ffa52bb4000 	C:\WINDOWS\System32\DriverStore\FileRepository\iigd_dch.inf_amd64_86def921271c86b5\igc64.dll
0x00007ffa2ae00000 - 0x00007ffa2af4e000 	C:\Windows\System32\Windows.UI.Immersive.dll
0x00007ffa4a600000 - 0x00007ffa4a619000 	C:\WINDOWS\System32\npmproxy.dll
0x00007ffa4c790000 - 0x00007ffa4c81e000 	C:\WINDOWS\SYSTEM32\wlanapi.dll
0x00007ffa4cd30000 - 0x00007ffa4cd52000 	C:\WINDOWS\SYSTEM32\MobileNetworking.dll
0x00007ffa5ca10000 - 0x00007ffa5ca44000 	C:\Windows\System32\IPHLPAPI.DLL
0x00007ffa60a10000 - 0x00007ffa60a1a000 	C:\WINDOWS\System32\NSI.dll
0x00007ffa40560000 - 0x00007ffa40573000 	C:\Windows\System32\dusmapi.dll
0x00007ffa22f00000 - 0x00007ffa22f15000 	C:\javafx-sdk-25.0.1\bin\javafx_font.dll
0x00007ffa59aa0000 - 0x00007ffa59d07000 	C:\WINDOWS\SYSTEM32\dwrite.dll
0x00007ffa593d0000 - 0x00007ffa59600000 	C:\WINDOWS\SYSTEM32\WindowsCodecs.dll

JVMTI agents:
C:\Program Files\JetBrains\IntelliJ IDEA 2025.2.4\lib\idea_rt.jar path:C:\Users\duytr\.jdks\openjdk-25.0.1\bin\instrument.dll, loaded, initialized, instrumentlib options:62085

dbghelp: loaded successfully - version: 4.0.5 - missing functions: none
symbol engine: initialized successfully - sym options: 0x614 - pdb path: .;C:\Users\duytr\.jdks\openjdk-25.0.1\bin;C:\WINDOWS\SYSTEM32;C:\WINDOWS\WinSxS\amd64_microsoft.windows.common-controls_6595b64144ccf1df_6.0.26100.6899_none_3e0efeeae32e88c1;C:\Users\duytr\.jdks\openjdk-25.0.1\bin\server;C:\javafx-sdk-25.0.1\bin;C:\WINDOWS\System32\DriverStore\FileRepository\iigd_dch.inf_amd64_86def921271c86b5;C:\Program Files\Common Files\Microsoft Shared\Ink

VM Arguments:
jvm_args: --module-path=C:\javafx-sdk-25.0.1\lib --add-modules=javafx.controls,javafx.fxml -javaagent:C:\Program Files\JetBrains\IntelliJ IDEA 2025.2.4\lib\idea_rt.jar=62085 -Dfile.encoding=UTF-8 -Dsun.stdout.encoding=UTF-8 -Dsun.stderr.encoding=UTF-8 
java_command: Main
java_class_path (initial): C:\Users\duytr\IdeaProjects\untitled1\out\production\untitled1;C:\javafx-sdk-25.0.1\lib\javafx-swt.jar;C:\javafx-sdk-25.0.1\lib\javafx.web.jar;C:\javafx-sdk-25.0.1\lib\javafx.base.jar;C:\javafx-sdk-25.0.1\lib\javafx.fxml.jar;C:\javafx-sdk-25.0.1\lib\javafx.media.jar;C:\javafx-sdk-25.0.1\lib\javafx.swing.jar;C:\javafx-sdk-25.0.1\lib\jdk.jsobject.jar;C:\javafx-sdk-25.0.1\lib\javafx.controls.jar;C:\javafx-sdk-25.0.1\lib\javafx.graphics.jar;C:\javafx-sdk-25.0.1\lib\jfx.incubator.input.jar;C:\javafx-sdk-25.0.1\lib\jfx.incubator.richtext.jar
Launcher Type: SUN_STANDARD

[Global flags]
     intx CICompilerCount                          = 3                                         {product} {ergonomic}
     uint ConcGCThreads                            = 1                                         {product} {ergonomic}
     uint G1ConcRefinementThreads                  = 4                                         {product} {ergonomic}
   size_t G1HeapRegionSize                         = 1048576                                   {product} {ergonomic}
   size_t InitialHeapSize                          = 127926272                                 {product} {ergonomic}
   size_t MarkStackSize                            = 4194304                                   {product} {ergonomic}
   size_t MarkStackSizeMax                         = 536870912                                 {product} {ergonomic}
   size_t MaxHeapSize                              = 2030043136                                {product} {ergonomic}
   size_t MaxNewSize                               = 1217396736                                {product} {ergonomic}
   size_t MinHeapDeltaBytes                        = 1048576                                   {product} {ergonomic}
   size_t MinHeapSize                              = 8388608                                   {product} {ergonomic}
    uintx NonNMethodCodeHeapSize                   = 5832704                                {pd product} {ergonomic}
    uintx NonProfiledCodeHeapSize                  = 122945536                              {pd product} {ergonomic}
    uintx ProfiledCodeHeapSize                     = 122880000                              {pd product} {ergonomic}
    uintx ReservedCodeCacheSize                    = 251658240                              {pd product} {ergonomic}
     bool SegmentedCodeCache                       = true                                      {product} {ergonomic}
   size_t SoftMaxHeapSize                          = 2030043136                             {manageable} {ergonomic}
     bool UseCompressedOops                        = true                           {product lp64_product} {ergonomic}
     bool UseG1GC                                  = true                                      {product} {ergonomic}
     bool UseLargePagesIndividualAllocation        = false                                  {pd product} {ergonomic}

Logging:
Log output configuration:
 #0: stdout all=off uptime,level,tags foldmultilines=false
 #1: stderr all=off uptime,level,tags foldmultilines=false

Release file:
IMPLEMENTOR="Oracle Corporation" 
JAVA_RUNTIME_VERSION="25.0.1+8-27" 
JAVA_VERSION="25.0.1" 
JAVA_VERSION_DATE="2025-10-21" 
LIBC="default" 
MODULES="java.base java.compiler java.datatransfer java.xml java.prefs java.desktop java.instrument java.logging java.management java.security.sasl java.naming java.rmi java.management.rmi java.net.http java.scripting java.security.jgss java.transaction.xa java.sql java.sql.rowset java.xml.crypto java.se java.smartcardio jdk.accessibility jdk.internal.jvmstat jdk.attach jdk.charsets jdk.internal.opt jdk.zipfs jdk.compiler jdk.crypto.cryptoki jdk.crypto.ec jdk.crypto.mscapi jdk.dynalink jdk.internal.ed jdk.editpad jdk.internal.vm.ci jdk.graal.compiler jdk.graal.compiler.management jdk.hotspot.agent jdk.httpserver jdk.incubator.vector jdk.internal.le jdk.internal.md jdk.jartool jdk.javadoc jdk.jcmd jdk.management jdk.management.agent jdk.jconsole jdk.jdeps jdk.jdwp.agent jdk.jdi jdk.jfr jdk.jlink jdk.jpackage jdk.jshell jdk.jsobject jdk.jstatd jdk.localedata jdk.management.jfr jdk.naming.dns jdk.naming.rmi jdk.net jdk.nio.mapmode jdk.sctp jdk.security.auth jdk.security.jgss jdk.unsupported jdk.unsupported.desktop jdk.xml.dom" 
OS_ARCH="x86_64" 
OS_NAME="Windows" 
SOURCE=".:git:78770bfaefd2" 

Environment Variables:
PATH=C:\Program Files (x86)\Common Files\Oracle\Java\java8path;C:\Program Files (x86)\Common Files\Oracle\Java\javapath;C:\WINDOWS\system32;C:\WINDOWS;C:\WINDOWS\System32\Wbem;C:\WINDOWS\System32\WindowsPowerShell\v1.0\;C:\WINDOWS\System32\OpenSSH\;C:\Users\duytr\AppData\Local\Programs\Python\Launcher\;C:\Users\duytr\AppData\Local\Microsoft\WindowsApps;C:\Users\duytr\AppData\Local\Programs\Microsoft VS Code\bin;
USERNAME=Thanh Nguyen
OS=Windows_NT
PROCESSOR_IDENTIFIER=Intel64 Family 6 Model 140 Stepping 1, GenuineIntel
TMP=C:\Users\duytr\AppData\Local\Temp
TEMP=C:\Users\duytr\AppData\Local\Temp




Compilation memory statistics disabled.

Periodic native trim disabled

---------------  S Y S T E M  ---------------

OS:
 Windows 11 , 64 bit Build 26100 (10.0.26100.6725)
OS uptime: 6 days 3:36 hours

CPU: total 4 (initial active 4) (2 cores per cpu, 2 threads per core) family 6 model 140 stepping 1 microcode 0xa4, cx8, cmov, fxsr, ht, mmx, 3dnowpref, sse, sse2, sse3, ssse3, sse4.1, sse4.2, popcnt, lzcnt, tsc, tscinvbit, avx, avx2, aes, erms, clmul, bmi1, bmi2, adx, avx512f, avx512dq, avx512cd, avx512bw, avx512vl, sha, fma, vzeroupper, avx512_vpopcntdq, avx512_vpclmulqdq, avx512_vaes, avx512_vnni, clflush, clflushopt, clwb, avx512_vbmi2, avx512_vbmi, rdtscp, rdpid, fsrm, gfni, avx512_bitalg, f16c, pku, cet_ibt, cet_ss, avx512_ifma
Processor Information for the first 4 processors :
  Max Mhz: 2995, Current Mhz: 2995, Mhz Limit: 2995

Memory: 4k page, system-wide physical 7739M (1400M free)
TotalPageFile size 19505M (AvailPageFile size 1603M)
current process WorkingSet (physical memory assigned to process): 93M, peak: 298M
current process commit charge ("private bytes"): 329M, peak: 380M

vm_info: OpenJDK 64-Bit Server VM (25.0.1+8-27) for windows-amd64 JRE (25.0.1+8-27), built on 2025-09-25T16:41:16Z with unknown MS VC++:1943

END.
