#
# A fatal error has been detected by the Java Runtime Environment:
#
#  EXCEPTION_ACCESS_VIOLATION (0xc0000005) at pc=0x00007ffa1d9fa5d7, pid=10968, tid=24736
#
# JRE version: OpenJDK Runtime Environment (25.0.1+8) (build 25.0.1+8-27)
# Java VM: OpenJDK 64-Bit Server VM (25.0.1+8-27, mixed mode, sharing, tiered, compressed oops, compressed class ptrs, g1 gc, windows-amd64)
# Problematic frame:
# C  [glass.dll+0x2a5d7]
#
# No core dump will be written. Minidumps are not enabled by default on client versions of Windows
#
# If you would like to submit a bug report, please visit:
#   https://bugreport.java.com/bugreport/crash.jsp
#

---------------  S U M M A R Y ------------

Command Line: --module-path=C:\javafx-sdk-25.0.1\lib --add-modules=javafx.controls,javafx.fxml -javaagent:C:\Program Files\JetBrains\IntelliJ IDEA 2025.2.4\lib\idea_rt.jar=58170 -Dfile.encoding=UTF-8 -Dsun.stdout.encoding=UTF-8 -Dsun.stderr.encoding=UTF-8 Main

Host: 11th Gen Intel(R) Core(TM) i3-1115G4 @ 3.00GHz, 4 cores, 7G,  Windows 11 , 64 bit Build 26100 (10.0.26100.6725)
Time: Wed Dec 24 13:27:51 2025 SE Asia Standard Time elapsed time: 212.582697 seconds (0d 0h 3m 32s)

---------------  T H R E A D  ---------------

Current thread (0x00000208c4f8b2a0):  VMThread "VM Thread"          [id=24736, stack(0x0000006e02c00000,0x0000006e02d00000) (1024K)]

Stack: [0x0000006e02c00000,0x0000006e02d00000],  sp=0x0000006e02cff090,  free space=1020k
Native frames: (J=compiled Java code, j=interpreted, Vv=VM code, C=native code)
C  [glass.dll+0x2a5d7]  (no source info available)
C  [ucrtbase.dll+0x4bc75]  (no source info available)
C  [ucrtbase.dll+0x4b897]  (no source info available)
C  [ucrtbase.dll+0x4b84d]  (no source info available)
C  [glass.dll+0x27b65]  (no source info available)
C  [glass.dll+0x27c81]  (no source info available)
C  [ntdll.dll+0x15f89e]  (no source info available)
C  [ntdll.dll+0xbcae]  (no source info available)
C  [ntdll.dll+0x8d4af]  (no source info available)
C  [ntdll.dll+0x8c67e]  (no source info available)
C  [KERNEL32.DLL+0x418ab]  (no source info available)
C  [ucrtbase.dll+0xa0093]  (no source info available)
V  [jvm.dll+0x79eb3a]  (no source info available)
V  [jvm.dll+0x79f001]  (no source info available)
V  [jvm.dll+0x79eb20]  (no source info available)
V  [jvm.dll+0x47a184]  (no source info available)
V  [jvm.dll+0x96f091]  (no source info available)
V  [jvm.dll+0x9703ad]  (no source info available)
V  [jvm.dll+0x970929]  (no source info available)
V  [jvm.dll+0x970bd3]  (no source info available)
V  [jvm.dll+0x906a0d]  (no source info available)
V  [jvm.dll+0x7a5135]  (no source info available)
C  [ucrtbase.dll+0x37b0]  (no source info available)
C  [KERNEL32.DLL+0x2e8d7]  (no source info available)
C  [ntdll.dll+0x8c53c]  (no source info available)


siginfo: EXCEPTION_ACCESS_VIOLATION (0xc0000005), reading address 0x0000000000000000


Registers:
RAX=0x0000000000000000, RBX=0x00000208e129dcc2, RCX=0x00000208c4f8b2a0, RDX=0x0000006e02cff090
RSP=0x0000006e02cff090, RBP=0x000058d7d9c0e4e3, RSI=0x00000208e6440080, RDI=0x00000208e6440060
R8 =0x0000000000010002, R9 =0x00007ff9a3b570f0, R10=0x00000208c2a50000, R11=0x0000006e02cff178
R12=0x0000000000000001, R13=0x00007ffa1d9f7cc8, R14=0x0000006e02cff198, R15=0x00000208e6440060
RIP=0x00007ffa1d9fa5d7, EFLAGS=0x0000000000010206

XMM[0]=0x0000000000000000 0x0000000000000000
XMM[1]=0x0000000000000000 0x0000006e02cfdcf0
XMM[2]=0x0000000000000000 0x0000000000000000
XMM[3]=0x0000000000000000 0x0000000000000000
XMM[4]=0x0000000000000000 0x0000000000000000
XMM[5]=0x0000000000000000 0x0000000000000000
XMM[6]=0x0000000000000000 0x0000000000000000
XMM[7]=0x0000000000000000 0x0000000000000000
XMM[8]=0x0000000000000000 0x404e000000000000
XMM[9]=0x0000000000000000 0x0000000000000000
XMM[10]=0x0000000000000000 0x0000000000000000
XMM[11]=0x0000000000000000 0x0000000000000000
XMM[12]=0x0000000000000000 0x0000000000000000
XMM[13]=0x0000000000000000 0x0000000000000000
XMM[14]=0x0000000000000000 0x0000000000000000
XMM[15]=0x0000000000000000 0x0000000000000000
  MXCSR=0x00001fa0


Register to memory mapping:

RAX=0x0 is null
RBX=0x00000208e129dcc2 is a global jni handle
RCX=0x00000208c4f8b2a0 points into unknown readable memory: 0x00007ff9a41fe360 | 60 e3 1f a4 f9 7f 00 00
RDX=0x0000006e02cff090 points into unknown readable memory: 0x0000000000000000 | 00 00 00 00 00 00 00 00
RSP=0x0000006e02cff090 points into unknown readable memory: 0x0000000000000000 | 00 00 00 00 00 00 00 00
RBP=0x000058d7d9c0e4e3 is an unknown value
RSI=0x00000208e6440080 points into unknown readable memory: 0x000058d7d9c0e4e3 | e3 e4 c0 d9 d7 58 00 00
RDI=0x00000208e6440060 points into unknown readable memory: 0x000058d7d9c0e4e3 | e3 e4 c0 d9 d7 58 00 00
R8 =0x0000000000010002 is an unknown value
R9 =0x00007ff9a3b570f0 jvm.dll
R10=0x00000208c2a50000 points into unknown readable memory: 0x0000000000000000 | 00 00 00 00 00 00 00 00
R11=0x0000006e02cff178 points into unknown readable memory: 0x00007ffa1d9f7b65 | 65 7b 9f 1d fa 7f 00 00
R12=0x0000000000000001 is an unknown value
R13=0x00007ffa1d9f7cc8 glass.dll
R14=0x0000006e02cff198 points into unknown readable memory: 0x0000006e02cff180 | 80 f1 cf 02 6e 00 00 00
R15=0x00000208e6440060 points into unknown readable memory: 0x000058d7d9c0e4e3 | e3 e4 c0 d9 d7 58 00 00

Top of Stack: (sp=0x0000006e02cff090)
0x0000006e02cff090:   0000000000000000 0000020800000000   ................
0x0000006e02cff0a0:   00000208e1732bf0 0000000000000001   .+s.............
0x0000006e02cff0b0:   00000208e6440060 00007ffa5ecabc75   `.D.....u..^....
0x0000006e02cff0c0:   00000208e6440060 0000020800000000   `.D.............
0x0000006e02cff0d0:   00000208e6440078 000058d7d9c0e4e3   x.D..........X..
0x0000006e02cff0e0:   fffffffffffffffe 0000006e02cff168   ........h...n...
0x0000006e02cff0f0:   00007ffa1d9d0000 00007ffa1d9d0000   ................
0x0000006e02cff100:   0000006e02cff188 00007ffa5ecab897   ....n......^....
0x0000006e02cff110:   0000006e02cff100 0000006e02cff198   ....n.......n...
0x0000006e02cff120:   0000006e02cff480 00007ffa5ed988c0   ....n......^....
0x0000006e02cff130:   0000000000000001 00007ffa5ecab84d   ........M..^....
0x0000006e02cff140:   0000000000000000 0000000000000001   ................
0x0000006e02cff150:   00007ffa3139dfc0 0000006e02cff188   ..91........n...
0x0000006e02cff160:   fffffffffffffffe 0000006e02cff150   ........P...n...
0x0000006e02cff170:   0000000000000000 00007ffa1d9f7b65   ........e{......
0x0000006e02cff180:   00007ffa1da10e90 0000000000000002   ................
0x0000006e02cff190:   00007ffa00000002 0000006e02cff180   ............n...
0x0000006e02cff1a0:   0000000000000000 00007ffa5d765e37   ........7^v]....
0x0000006e02cff1b0:   0000000000000000 00007ffa1d9f7c81   .........|......
0x0000006e02cff1c0:   0000000000000001 000000007ffe0385   ................
0x0000006e02cff1d0:   0000000000000001 00007ffa60fea6af   ...........`....
0x0000006e02cff1e0:   00007ffa5d760000 0000006e02cff480   ..v]........n...
0x0000006e02cff1f0:   0000000000000001 0000000000000000   ................
0x0000006e02cff200:   0000000000000000 000000007ffe0384   ................
0x0000006e02cff210:   00000208e6b66980 00007ffa6113f89e   .i.........a....
0x0000006e02cff220:   00007ffa1d9d0000 0000020800000000   ................
0x0000006e02cff230:   0000000000000001 000000007ffe0385   ................
0x0000006e02cff240:   00007ffa1d9fb588 00007ffa60febcae   ...........`....
0x0000006e02cff250:   0000000000000000 0000000000000000   ................
0x0000006e02cff260:   0000000000000000 0000000000000000   ................
0x0000006e02cff270:   0000000000000000 0000000000000000   ................
0x0000006e02cff280:   0000000000000000 0000000000000000   ................

Instructions: (pc=0x00007ffa1d9fa5d7)
  0x00007ffa1d9fa4d7:   8b 4d 58 e8 cd ce ff ff 48 8b 4d 60 e8 c4 ce ff
  0x00007ffa1d9fa4e7:   ff 48 8b 95 80 00 00 00 48 8b 8d 18 01 00 00 e8
  0x00007ffa1d9fa4f7:   76 c4 ff ff 33 d2 33 c9 e8 7c e0 ff ff 90 48 89
  0x00007ffa1d9fa507:   54 24 10 55 48 83 ec 20 48 8b ea 48 b8 00 00 00
  0x00007ffa1d9fa517:   00 00 00 00 00 48 83 c4 20 5d c3 cc 40 55 48 8b
  0x00007ffa1d9fa527:   ea 48 8b 01 33 c9 81 38 05 00 00 c0 0f 94 c1 8b
  0x00007ffa1d9fa537:   c1 5d c3 cc 40 55 48 83 ec 20 48 8b ea 8a 4d 40
  0x00007ffa1d9fa547:   48 83 c4 20 5d e9 a3 d2 ff ff cc 40 55 48 83 ec
  0x00007ffa1d9fa557:   20 48 8b ea 8a 4d 20 e8 91 d2 ff ff 90 48 83 c4
  0x00007ffa1d9fa567:   20 5d c3 cc 40 55 48 83 ec 20 48 8b ea 48 83 c4
  0x00007ffa1d9fa577:   20 5d e9 02 d1 ff ff cc 40 55 48 83 ec 30 48 8b
  0x00007ffa1d9fa587:   ea 48 8b 01 8b 10 48 89 4c 24 28 89 54 24 20 4c
  0x00007ffa1d9fa597:   8d 0d 1b d4 ff ff 4c 8b 45 70 8b 55 68 48 8b 4d
  0x00007ffa1d9fa5a7:   60 e8 43 d0 ff ff 90 48 83 c4 30 5d c3 cc cc cc
  0x00007ffa1d9fa5b7:   cc cc cc cc cc cc cc cc cc 40 53 48 83 ec 20 48
  0x00007ffa1d9fa5c7:   8b 1d 6b 63 01 00 48 85 db 74 19 e8 a9 89 ff ff
=>0x00007ffa1d9fa5d7:   48 8b 08 4c 8b 81 b0 00 00 00 48 8b d3 48 8b c8
  0x00007ffa1d9fa5e7:   41 ff d0 90 48 83 c4 20 5b c3 cc cc cc cc cc cc
  0x00007ffa1d9fa5f7:   cc cc cc cc cc cc cc cc cc 40 53 48 83 ec 20 48
  0x00007ffa1d9fa607:   8b 1d 9b 64 01 00 48 85 db 74 57 b8 ff ff ff ff
  0x00007ffa1d9fa617:   f0 0f c1 43 10 83 f8 01 75 3d 48 85 db 74 38 48
  0x00007ffa1d9fa627:   8b 0b 48 85 c9 74 0d ff 15 64 0c 00 00 48 c7 03
  0x00007ffa1d9fa637:   00 00 00 00 48 8b 4b 08 48 85 c9 74 0d e8 63 cd
  0x00007ffa1d9fa647:   ff ff 48 c7 43 08 00 00 00 00 ba 18 00 00 00 48
  0x00007ffa1d9fa657:   8b cb e8 4e cd ff ff 48 c7 05 3f 64 01 00 00 00
  0x00007ffa1d9fa667:   00 00 48 83 c4 20 5b c3 cc 40 53 48 83 ec 20 48
  0x00007ffa1d9fa677:   8b 1d 0b 64 01 00 48 85 db 74 57 b8 ff ff ff ff
  0x00007ffa1d9fa687:   f0 0f c1 43 10 83 f8 01 75 3d 48 85 db 74 38 48
  0x00007ffa1d9fa697:   8b 0b 48 85 c9 74 0d ff 15 f4 0b 00 00 48 c7 03
  0x00007ffa1d9fa6a7:   00 00 00 00 48 8b 4b 08 48 85 c9 74 0d e8 f3 cc
  0x00007ffa1d9fa6b7:   ff ff 48 c7 43 08 00 00 00 00 ba 18 00 00 00 48
  0x00007ffa1d9fa6c7:   8b cb e8 de cc ff ff 48 c7 05 af 63 01 00 00 00


Stack slot to memory mapping:

stack at sp + 0 slots: 0x0 is null
stack at sp + 1 slots: 0x0000020800000000 is an unknown value
stack at sp + 2 slots: 0x00000208e1732bf0 points into unknown readable memory: 0x00000208e1733610 | 10 36 73 e1 08 02 00 00
stack at sp + 3 slots: 0x0000000000000001 is an unknown value
stack at sp + 4 slots: 0x00000208e6440060 points into unknown readable memory: 0x000058d7d9c0e4e3 | e3 e4 c0 d9 d7 58 00 00
stack at sp + 5 slots: 0x00007ffa5ecabc75 ucrtbase.dll
stack at sp + 6 slots: 0x00000208e6440060 points into unknown readable memory: 0x000058d7d9c0e4e3 | e3 e4 c0 d9 d7 58 00 00
stack at sp + 7 slots: 0x0000020800000000 is an unknown value

VM_Operation (0x0000006e023ff1e0): Exit, mode: safepoint, requested by thread 0x00000208e66c49a0


---------------  P R O C E S S  ---------------

Threads class SMR info:
_java_thread_list=0x00000208e6503030, length=20, elements={
0x00000208c4ecbb10, 0x00000208e129fe20, 0x00000208e12a2c90, 0x00000208e12b01d0,
0x00000208e12b2200, 0x00000208e12b4f00, 0x00000208e12b8640, 0x00000208e12d5de0,
0x00000208e13cc460, 0x00000208e1f63210, 0x00000208e609ade0, 0x00000208e1e1ae00,
0x00000208e1f3a5e0, 0x00000208e1ddd5f0, 0x00000208e6ab8cc0, 0x00000208e1bb3800,
0x00000208e6ba5d40, 0x00000208e6ba93f0, 0x00000208e66c49a0, 0x00000208e1db72e0
}
_to_delete_list=0x00000208e6503390, length=22, elements={
0x00000208c4ecbb10, 0x00000208e129fe20, 0x00000208e12a2c90, 0x00000208e12ad600,
0x00000208e12b01d0, 0x00000208e12b2200, 0x00000208e12b4f00, 0x00000208e12b8640,
0x00000208e12d5de0, 0x00000208e13cc460, 0x00000208e1f63210, 0x00000208e609ade0,
0x00000208e1e1ae00, 0x00000208e1f3a5e0, 0x00000208e1ddd5f0, 0x00000208e6ab8cc0,
0x00000208e1bb3800, 0x00000208e6ba5d40, 0x00000208e6ba93f0, 0x00000208e66c49a0,
0x00000208e66c6110, 0x00000208e1db72e0
}

Java Threads: ( => current thread )
  0x00000208c4ecbb10 JavaThread "main"                              [_thread_blocked, id=14504, stack(0x0000006e02500000,0x0000006e02600000) (1024K)]
  0x00000208e129fe20 JavaThread "Reference Handler"          daemon [_thread_blocked, id=15832, stack(0x0000006e02d00000,0x0000006e02e00000) (1024K)]
  0x00000208e12a2c90 JavaThread "Finalizer"                  daemon [_thread_blocked, id=23844, stack(0x0000006e02e00000,0x0000006e02f00000) (1024K)]
  0x00000208e12b01d0 JavaThread "Attach Listener"            daemon [_thread_blocked, id=26704, stack(0x0000006e03000000,0x0000006e03100000) (1024K)]
  0x00000208e12b2200 JavaThread "Service Thread"             daemon [_thread_blocked, id=21280, stack(0x0000006e03100000,0x0000006e03200000) (1024K)]
  0x00000208e12b4f00 JavaThread "Monitor Deflation Thread"   daemon [_thread_blocked, id=27332, stack(0x0000006e03200000,0x0000006e03300000) (1024K)]
  0x00000208e12b8640 JavaThread "C2 CompilerThread0"         daemon [_thread_blocked, id=18768, stack(0x0000006e03300000,0x0000006e03400000) (1024K)]
  0x00000208e12d5de0 JavaThread "C1 CompilerThread0"         daemon [_thread_blocked, id=27864, stack(0x0000006e03400000,0x0000006e03500000) (1024K)]
  0x00000208e13cc460 JavaThread "Common-Cleaner"             daemon [_thread_blocked, id=26440, stack(0x0000006e03500000,0x0000006e03600000) (1024K)]
  0x00000208e1f63210 JavaThread "Monitor Ctrl-Break"         daemon [_thread_in_native, id=28520, stack(0x0000006e03700000,0x0000006e03800000) (1024K)]
  0x00000208e609ade0 JavaThread "Notification Thread"        daemon [_thread_blocked, id=16684, stack(0x0000006e03800000,0x0000006e03900000) (1024K)]
  0x00000208e1e1ae00 JavaThread "QuantumRenderer-0"          daemon [_thread_blocked, id=17908, stack(0x0000006e03900000,0x0000006e03a00000) (1024K)]
  0x00000208e1f3a5e0 JavaThread "InvokeLaterDispatcher"      daemon [_thread_blocked, id=11868, stack(0x0000006e03a00000,0x0000006e03b00000) (1024K)]
  0x00000208e1ddd5f0 JavaThread "JavaFX Application Thread"         [_thread_in_native, id=27716, stack(0x0000006e03b00000,0x0000006e03c00000) (1024K)]
  0x00000208e6ab8cc0 JavaThread "JavaFX-Launcher"                   [_thread_blocked, id=25568, stack(0x0000006e04500000,0x0000006e04600000) (1024K)]
  0x00000208e1bb3800 JavaThread "Thread-2"                   daemon [_thread_in_native, id=28632, stack(0x0000006e04400000,0x0000006e04500000) (1024K)]
  0x00000208e6ba5d40 JavaThread "Prism Font Disposer"        daemon [_thread_blocked, id=18744, stack(0x0000006e04900000,0x0000006e04a00000) (1024K)]
  0x00000208e6ba93f0 JavaThread "Cleaner-0"                  daemon [_thread_blocked, id=27216, stack(0x0000006e04a00000,0x0000006e04b00000) (1024K)]
  0x00000208e66c49a0 JavaThread "SIGINT handler"             daemon [_thread_blocked, id=20412, stack(0x0000006e02300000,0x0000006e02400000) (1024K)]
  0x00000208e1db72e0 JavaThread "Thread-3"                   daemon [_thread_blocked, id=10068, stack(0x0000006e03600000,0x0000006e03700000) (1024K)]
Total: 20

Other Threads:
=>0x00000208c4f8b2a0 VMThread "VM Thread"                           [id=24736, stack(0x0000006e02c00000,0x0000006e02d00000) (1024K)]
  0x00000208c4f20750 WorkerThread "GC Thread#0"                     [id=27504, stack(0x0000006e02600000,0x0000006e02700000) (1024K)]
  0x00000208e1bbe1e0 WorkerThread "GC Thread#1"                     [id=27772, stack(0x0000006e04600000,0x0000006e04700000) (1024K)]
  0x00000208e6bcecc0 WorkerThread "GC Thread#2"                     [id=28384, stack(0x0000006e04700000,0x0000006e04800000) (1024K)]
  0x00000208e6b9ae60 WorkerThread "GC Thread#3"                     [id=12240, stack(0x0000006e04800000,0x0000006e04900000) (1024K)]
  0x00000208c4f39210 ConcurrentGCThread "G1 Main Marker"            terminated
  0x00000208c4f3cc70 WorkerThread "G1 Conc#0"                       [id=27576, stack(0x0000006e02800000,0x0000006e02900000) (1024K)]
  0x00000208c4f70af0 ConcurrentGCThread "G1 Refine#0"               terminated
  0x00000208c4f71500 ConcurrentGCThread "G1 Service"                terminated
Total: 9

Threads with active compile tasks:
Total: 0

VM state: at safepoint (shutting down)

VM Mutex/Monitor currently owned by a thread:  ([mutex/lock_event])
[0x00007ff9a43e94e8] Threads_lock - owner thread: 0x00000208c4f8b2a0
[0x00007ff9a43e9668] Heap_lock - owner thread: 0x00000208e66c49a0

Heap address: 0x0000000087000000, size: 1936 MB, Compressed Oops mode: 32-bit

CDS archive(s) mapped at: [0x0000000012000000-0x0000000012dd0000-0x0000000012dd0000), size 14483456, SharedBaseAddress: 0x0000000012000000, ArchiveRelocationMode: 1.
Compressed class space mapped at: 0x0000000013000000-0x0000000053000000, reserved size: 1073741824
UseCompressedClassPointers 1, UseCompactObjectHeaders 0
Narrow klass pointer bits 32, Max shift 3
Narrow klass base: 0x0000000012000000, Narrow klass shift: 0
Encoding Range: [0x0000000012000000 - 0x0000000112000000), (4294967296 bytes)
Klass Range:    [0x0000000012010000 - 0x0000000053000000), (1090453504 bytes)
Klass ID Range:  [65536 - 1090519033) (1090453497)
Protection zone: [0x0000000012000000 - 0x0000000012010000), (65536 bytes)

GC Precious Log:
 CardTable entry size: 512
 Card Set container configuration: InlinePtr #cards 5 size 8 Array Of Cards #cards 10 size 36 Howl #buckets 4 coarsen threshold 1843 Howl Bitmap #cards 512 size 80 coarsen threshold 460 Card regions per heap region 1 cards per card region 2048
 CPUs: 4 total, 4 available
 Memory: 7739M
 Large Page Support: Disabled
 NUMA Support: Disabled
 Compressed Oops: Enabled (32-bit)
 Heap Region Size: 1M
 Heap Min Capacity: 8M
 Heap Initial Capacity: 122M
 Heap Max Capacity: 1936M
 Pre-touch: Disabled
 Parallel Workers: 4
 Concurrent Workers: 1
 Concurrent Refinement Workers: 4
 Periodic GC: Disabled

Heap:
 garbage-first heap   total reserved 1982464K, committed 126976K, used 46153K [0x0000000087000000, 0x0000000100000000)
  region size 1024K, 41 young (41984K), 7 survivors (7168K)

Heap Regions: E=young(eden), S=young(survivor), O=old, HS=humongous(starts), HC=humongous(continues), CS=collection set, F=free, TAMS=top-at-mark-start, PB=parsable bottom
|   0|0x0000000087000000, 0x0000000087100000, 0x0000000087100000|100%|HS|  |TAMS 0x0000000087000000| PB 0x0000000087000000| Complete |  0
|   1|0x0000000087100000, 0x0000000087200000, 0x0000000087200000|100%|HC|  |TAMS 0x0000000087100000| PB 0x0000000087100000| Complete |  0
|   2|0x0000000087200000, 0x0000000087300000, 0x0000000087300000|100%|HS|  |TAMS 0x0000000087200000| PB 0x0000000087200000| Complete |  0
|   3|0x0000000087300000, 0x0000000087400000, 0x0000000087400000|100%|HC|  |TAMS 0x0000000087300000| PB 0x0000000087300000| Complete |  0
|   4|0x0000000087400000, 0x0000000087400000, 0x0000000087500000|  0%| F|  |TAMS 0x0000000087400000| PB 0x0000000087400000| Untracked |  0
|   5|0x0000000087500000, 0x0000000087500000, 0x0000000087600000|  0%| F|  |TAMS 0x0000000087500000| PB 0x0000000087500000| Untracked |  0
|   6|0x0000000087600000, 0x0000000087600000, 0x0000000087700000|  0%| F|  |TAMS 0x0000000087600000| PB 0x0000000087600000| Untracked |  0
|   7|0x0000000087700000, 0x0000000087700000, 0x0000000087800000|  0%| F|  |TAMS 0x0000000087700000| PB 0x0000000087700000| Untracked |  0
|   8|0x0000000087800000, 0x0000000087800000, 0x0000000087900000|  0%| F|  |TAMS 0x0000000087800000| PB 0x0000000087800000| Untracked |  0
|   9|0x0000000087900000, 0x0000000087900000, 0x0000000087a00000|  0%| F|  |TAMS 0x0000000087900000| PB 0x0000000087900000| Untracked |  0
|  10|0x0000000087a00000, 0x0000000087a00000, 0x0000000087b00000|  0%| F|  |TAMS 0x0000000087a00000| PB 0x0000000087a00000| Untracked |  0
|  11|0x0000000087b00000, 0x0000000087b00000, 0x0000000087c00000|  0%| F|  |TAMS 0x0000000087b00000| PB 0x0000000087b00000| Untracked |  0
|  12|0x0000000087c00000, 0x0000000087c00000, 0x0000000087d00000|  0%| F|  |TAMS 0x0000000087c00000| PB 0x0000000087c00000| Untracked |  0
|  13|0x0000000087d00000, 0x0000000087d00000, 0x0000000087e00000|  0%| F|  |TAMS 0x0000000087d00000| PB 0x0000000087d00000| Untracked |  0
|  14|0x0000000087e00000, 0x0000000087e00000, 0x0000000087f00000|  0%| F|  |TAMS 0x0000000087e00000| PB 0x0000000087e00000| Untracked |  0
|  15|0x0000000087f00000, 0x0000000087f00000, 0x0000000088000000|  0%| F|  |TAMS 0x0000000087f00000| PB 0x0000000087f00000| Untracked |  0
|  16|0x0000000088000000, 0x0000000088000000, 0x0000000088100000|  0%| F|  |TAMS 0x0000000088000000| PB 0x0000000088000000| Untracked |  0
|  17|0x0000000088100000, 0x0000000088100000, 0x0000000088200000|  0%| F|  |TAMS 0x0000000088100000| PB 0x0000000088100000| Untracked |  0
|  18|0x0000000088200000, 0x0000000088200000, 0x0000000088300000|  0%| F|  |TAMS 0x0000000088200000| PB 0x0000000088200000| Untracked |  0
|  19|0x0000000088300000, 0x0000000088300000, 0x0000000088400000|  0%| F|  |TAMS 0x0000000088300000| PB 0x0000000088300000| Untracked |  0
|  20|0x0000000088400000, 0x0000000088400000, 0x0000000088500000|  0%| F|  |TAMS 0x0000000088400000| PB 0x0000000088400000| Untracked |  0
|  21|0x0000000088500000, 0x0000000088500000, 0x0000000088600000|  0%| F|  |TAMS 0x0000000088500000| PB 0x0000000088500000| Untracked |  0
|  22|0x0000000088600000, 0x0000000088600000, 0x0000000088700000|  0%| F|  |TAMS 0x0000000088600000| PB 0x0000000088600000| Untracked |  0
|  23|0x0000000088700000, 0x0000000088700000, 0x0000000088800000|  0%| F|  |TAMS 0x0000000088700000| PB 0x0000000088700000| Untracked |  0
|  24|0x0000000088800000, 0x0000000088800000, 0x0000000088900000|  0%| F|  |TAMS 0x0000000088800000| PB 0x0000000088800000| Untracked |  0
|  25|0x0000000088900000, 0x0000000088900000, 0x0000000088a00000|  0%| F|  |TAMS 0x0000000088900000| PB 0x0000000088900000| Untracked |  0
|  26|0x0000000088a00000, 0x0000000088a00000, 0x0000000088b00000|  0%| F|  |TAMS 0x0000000088a00000| PB 0x0000000088a00000| Untracked |  0
|  27|0x0000000088b00000, 0x0000000088b00000, 0x0000000088c00000|  0%| F|  |TAMS 0x0000000088b00000| PB 0x0000000088b00000| Untracked |  0
|  28|0x0000000088c00000, 0x0000000088c00000, 0x0000000088d00000|  0%| F|  |TAMS 0x0000000088c00000| PB 0x0000000088c00000| Untracked |  0
|  29|0x0000000088d00000, 0x0000000088d00000, 0x0000000088e00000|  0%| F|  |TAMS 0x0000000088d00000| PB 0x0000000088d00000| Untracked |  0
|  30|0x0000000088e00000, 0x0000000088e00000, 0x0000000088f00000|  0%| F|  |TAMS 0x0000000088e00000| PB 0x0000000088e00000| Untracked |  0
|  31|0x0000000088f00000, 0x0000000088f00000, 0x0000000089000000|  0%| F|  |TAMS 0x0000000088f00000| PB 0x0000000088f00000| Untracked |  0
|  32|0x0000000089000000, 0x0000000089000000, 0x0000000089100000|  0%| F|  |TAMS 0x0000000089000000| PB 0x0000000089000000| Untracked |  0
|  33|0x0000000089100000, 0x0000000089100000, 0x0000000089200000|  0%| F|  |TAMS 0x0000000089100000| PB 0x0000000089100000| Untracked |  0
|  34|0x0000000089200000, 0x0000000089200000, 0x0000000089300000|  0%| F|  |TAMS 0x0000000089200000| PB 0x0000000089200000| Untracked |  0
|  35|0x0000000089300000, 0x0000000089300000, 0x0000000089400000|  0%| F|  |TAMS 0x0000000089300000| PB 0x0000000089300000| Untracked |  0
|  36|0x0000000089400000, 0x0000000089400000, 0x0000000089500000|  0%| F|  |TAMS 0x0000000089400000| PB 0x0000000089400000| Untracked |  0
|  37|0x0000000089500000, 0x0000000089500000, 0x0000000089600000|  0%| F|  |TAMS 0x0000000089500000| PB 0x0000000089500000| Untracked |  0
|  38|0x0000000089600000, 0x0000000089600000, 0x0000000089700000|  0%| F|  |TAMS 0x0000000089600000| PB 0x0000000089600000| Untracked |  0
|  39|0x0000000089700000, 0x0000000089700000, 0x0000000089800000|  0%| F|  |TAMS 0x0000000089700000| PB 0x0000000089700000| Untracked |  0
|  40|0x0000000089800000, 0x0000000089800000, 0x0000000089900000|  0%| F|  |TAMS 0x0000000089800000| PB 0x0000000089800000| Untracked |  0
|  41|0x0000000089900000, 0x0000000089900000, 0x0000000089a00000|  0%| F|  |TAMS 0x0000000089900000| PB 0x0000000089900000| Untracked |  0
|  42|0x0000000089a00000, 0x0000000089a00000, 0x0000000089b00000|  0%| F|  |TAMS 0x0000000089a00000| PB 0x0000000089a00000| Untracked |  0
|  43|0x0000000089b00000, 0x0000000089b00000, 0x0000000089c00000|  0%| F|  |TAMS 0x0000000089b00000| PB 0x0000000089b00000| Untracked |  0
|  44|0x0000000089c00000, 0x0000000089c00000, 0x0000000089d00000|  0%| F|  |TAMS 0x0000000089c00000| PB 0x0000000089c00000| Untracked |  0
|  45|0x0000000089d00000, 0x0000000089d00000, 0x0000000089e00000|  0%| F|  |TAMS 0x0000000089d00000| PB 0x0000000089d00000| Untracked |  0
|  46|0x0000000089e00000, 0x0000000089e00000, 0x0000000089f00000|  0%| F|  |TAMS 0x0000000089e00000| PB 0x0000000089e00000| Untracked |  0
|  47|0x0000000089f00000, 0x0000000089f00000, 0x000000008a000000|  0%| F|  |TAMS 0x0000000089f00000| PB 0x0000000089f00000| Untracked |  0
|  48|0x000000008a000000, 0x000000008a000000, 0x000000008a100000|  0%| F|  |TAMS 0x000000008a000000| PB 0x000000008a000000| Untracked |  0
|  49|0x000000008a100000, 0x000000008a100000, 0x000000008a200000|  0%| F|  |TAMS 0x000000008a100000| PB 0x000000008a100000| Untracked |  0
|  50|0x000000008a200000, 0x000000008a200000, 0x000000008a300000|  0%| F|  |TAMS 0x000000008a200000| PB 0x000000008a200000| Untracked |  0
|  51|0x000000008a300000, 0x000000008a300000, 0x000000008a400000|  0%| F|  |TAMS 0x000000008a300000| PB 0x000000008a300000| Untracked |  0
|  52|0x000000008a400000, 0x000000008a400000, 0x000000008a500000|  0%| F|  |TAMS 0x000000008a400000| PB 0x000000008a400000| Untracked |  0
|  53|0x000000008a500000, 0x000000008a500000, 0x000000008a600000|  0%| F|  |TAMS 0x000000008a500000| PB 0x000000008a500000| Untracked |  0
|  54|0x000000008a600000, 0x000000008a600000, 0x000000008a700000|  0%| F|  |TAMS 0x000000008a600000| PB 0x000000008a600000| Untracked |  0
|  55|0x000000008a700000, 0x000000008a700000, 0x000000008a800000|  0%| F|  |TAMS 0x000000008a700000| PB 0x000000008a700000| Untracked |  0
|  56|0x000000008a800000, 0x000000008a800000, 0x000000008a900000|  0%| F|  |TAMS 0x000000008a800000| PB 0x000000008a800000| Untracked |  0
|  57|0x000000008a900000, 0x000000008a900000, 0x000000008aa00000|  0%| F|  |TAMS 0x000000008a900000| PB 0x000000008a900000| Untracked |  0
|  58|0x000000008aa00000, 0x000000008aa00000, 0x000000008ab00000|  0%| F|  |TAMS 0x000000008aa00000| PB 0x000000008aa00000| Untracked |  0
|  59|0x000000008ab00000, 0x000000008ab00000, 0x000000008ac00000|  0%| F|  |TAMS 0x000000008ab00000| PB 0x000000008ab00000| Untracked |  0
|  60|0x000000008ac00000, 0x000000008aced720, 0x000000008ad00000| 92%| S|CS|TAMS 0x000000008ac00000| PB 0x000000008ac00000| Complete |  0
|  61|0x000000008ad00000, 0x000000008ae00000, 0x000000008ae00000|100%| S|CS|TAMS 0x000000008ad00000| PB 0x000000008ad00000| Complete |  0
|  62|0x000000008ae00000, 0x000000008af00000, 0x000000008af00000|100%| S|CS|TAMS 0x000000008ae00000| PB 0x000000008ae00000| Complete |  0
|  63|0x000000008af00000, 0x000000008b000000, 0x000000008b000000|100%| S|CS|TAMS 0x000000008af00000| PB 0x000000008af00000| Complete |  0
|  64|0x000000008b000000, 0x000000008b100000, 0x000000008b100000|100%| S|CS|TAMS 0x000000008b000000| PB 0x000000008b000000| Complete |  0
|  65|0x000000008b100000, 0x000000008b200000, 0x000000008b200000|100%| S|CS|TAMS 0x000000008b100000| PB 0x000000008b100000| Complete |  0
|  66|0x000000008b200000, 0x000000008b300000, 0x000000008b300000|100%| S|CS|TAMS 0x000000008b200000| PB 0x000000008b200000| Complete |  0
|  67|0x000000008b300000, 0x000000008b300000, 0x000000008b400000|  0%| F|  |TAMS 0x000000008b300000| PB 0x000000008b300000| Untracked |  0
|  68|0x000000008b400000, 0x000000008b400000, 0x000000008b500000|  0%| F|  |TAMS 0x000000008b400000| PB 0x000000008b400000| Untracked |  0
|  69|0x000000008b500000, 0x000000008b500000, 0x000000008b600000|  0%| F|  |TAMS 0x000000008b500000| PB 0x000000008b500000| Untracked |  0
|  70|0x000000008b600000, 0x000000008b600000, 0x000000008b700000|  0%| F|  |TAMS 0x000000008b600000| PB 0x000000008b600000| Untracked |  0
|  71|0x000000008b700000, 0x000000008b700000, 0x000000008b800000|  0%| F|  |TAMS 0x000000008b700000| PB 0x000000008b700000| Untracked |  0
|  72|0x000000008b800000, 0x000000008b800000, 0x000000008b900000|  0%| F|  |TAMS 0x000000008b800000| PB 0x000000008b800000| Untracked |  0
|  73|0x000000008b900000, 0x000000008b900000, 0x000000008ba00000|  0%| F|  |TAMS 0x000000008b900000| PB 0x000000008b900000| Untracked |  0
|  74|0x000000008ba00000, 0x000000008ba00000, 0x000000008bb00000|  0%| F|  |TAMS 0x000000008ba00000| PB 0x000000008ba00000| Untracked |  0
|  75|0x000000008bb00000, 0x000000008bb00000, 0x000000008bc00000|  0%| F|  |TAMS 0x000000008bb00000| PB 0x000000008bb00000| Untracked |  0
|  76|0x000000008bc00000, 0x000000008bc00000, 0x000000008bd00000|  0%| F|  |TAMS 0x000000008bc00000| PB 0x000000008bc00000| Untracked |  0
|  77|0x000000008bd00000, 0x000000008bd00000, 0x000000008be00000|  0%| F|  |TAMS 0x000000008bd00000| PB 0x000000008bd00000| Untracked |  0
|  78|0x000000008be00000, 0x000000008be00000, 0x000000008bf00000|  0%| F|  |TAMS 0x000000008be00000| PB 0x000000008be00000| Untracked |  0
|  79|0x000000008bf00000, 0x000000008bf00000, 0x000000008c000000|  0%| F|  |TAMS 0x000000008bf00000| PB 0x000000008bf00000| Untracked |  0
|  80|0x000000008c000000, 0x000000008c000000, 0x000000008c100000|  0%| F|  |TAMS 0x000000008c000000| PB 0x000000008c000000| Untracked |  0
|  81|0x000000008c100000, 0x000000008c100000, 0x000000008c200000|  0%| F|  |TAMS 0x000000008c100000| PB 0x000000008c100000| Untracked |  0
|  82|0x000000008c200000, 0x000000008c200000, 0x000000008c300000|  0%| F|  |TAMS 0x000000008c200000| PB 0x000000008c200000| Untracked |  0
|  83|0x000000008c300000, 0x000000008c300000, 0x000000008c400000|  0%| F|  |TAMS 0x000000008c300000| PB 0x000000008c300000| Untracked |  0
|  84|0x000000008c400000, 0x000000008c400000, 0x000000008c500000|  0%| F|  |TAMS 0x000000008c400000| PB 0x000000008c400000| Untracked |  0
|  85|0x000000008c500000, 0x000000008c500000, 0x000000008c600000|  0%| F|  |TAMS 0x000000008c500000| PB 0x000000008c500000| Untracked |  0
|  86|0x000000008c600000, 0x000000008c600000, 0x000000008c700000|  0%| F|  |TAMS 0x000000008c600000| PB 0x000000008c600000| Untracked |  0
|  87|0x000000008c700000, 0x000000008c700000, 0x000000008c800000|  0%| F|  |TAMS 0x000000008c700000| PB 0x000000008c700000| Untracked |  0
|  88|0x000000008c800000, 0x000000008c8369e8, 0x000000008c900000| 21%| E|  |TAMS 0x000000008c800000| PB 0x000000008c800000| Complete |  0
|  89|0x000000008c900000, 0x000000008ca00000, 0x000000008ca00000|100%| E|CS|TAMS 0x000000008c900000| PB 0x000000008c900000| Complete |  0
|  90|0x000000008ca00000, 0x000000008cb00000, 0x000000008cb00000|100%| E|CS|TAMS 0x000000008ca00000| PB 0x000000008ca00000| Complete |  0
|  91|0x000000008cb00000, 0x000000008cc00000, 0x000000008cc00000|100%| E|CS|TAMS 0x000000008cb00000| PB 0x000000008cb00000| Complete |  0
|  92|0x000000008cc00000, 0x000000008cd00000, 0x000000008cd00000|100%| E|CS|TAMS 0x000000008cc00000| PB 0x000000008cc00000| Complete |  0
|  93|0x000000008cd00000, 0x000000008ce00000, 0x000000008ce00000|100%| E|CS|TAMS 0x000000008cd00000| PB 0x000000008cd00000| Complete |  0
|  94|0x000000008ce00000, 0x000000008cf00000, 0x000000008cf00000|100%| E|CS|TAMS 0x000000008ce00000| PB 0x000000008ce00000| Complete |  0
|  95|0x000000008cf00000, 0x000000008d000000, 0x000000008d000000|100%| E|CS|TAMS 0x000000008cf00000| PB 0x000000008cf00000| Complete |  0
|  96|0x000000008d000000, 0x000000008d100000, 0x000000008d100000|100%| E|CS|TAMS 0x000000008d000000| PB 0x000000008d000000| Complete |  0
|  97|0x000000008d100000, 0x000000008d200000, 0x000000008d200000|100%| E|CS|TAMS 0x000000008d100000| PB 0x000000008d100000| Complete |  0
|  98|0x000000008d200000, 0x000000008d300000, 0x000000008d300000|100%| E|CS|TAMS 0x000000008d200000| PB 0x000000008d200000| Complete |  0
|  99|0x000000008d300000, 0x000000008d400000, 0x000000008d400000|100%| E|CS|TAMS 0x000000008d300000| PB 0x000000008d300000| Complete |  0
| 100|0x000000008d400000, 0x000000008d500000, 0x000000008d500000|100%| E|CS|TAMS 0x000000008d400000| PB 0x000000008d400000| Complete |  0
| 101|0x000000008d500000, 0x000000008d600000, 0x000000008d600000|100%| E|CS|TAMS 0x000000008d500000| PB 0x000000008d500000| Complete |  0
| 102|0x000000008d600000, 0x000000008d700000, 0x000000008d700000|100%| E|CS|TAMS 0x000000008d600000| PB 0x000000008d600000| Complete |  0
| 103|0x000000008d700000, 0x000000008d800000, 0x000000008d800000|100%| E|CS|TAMS 0x000000008d700000| PB 0x000000008d700000| Complete |  0
| 104|0x000000008d800000, 0x000000008d900000, 0x000000008d900000|100%| E|CS|TAMS 0x000000008d800000| PB 0x000000008d800000| Complete |  0
| 105|0x000000008d900000, 0x000000008da00000, 0x000000008da00000|100%| E|CS|TAMS 0x000000008d900000| PB 0x000000008d900000| Complete |  0
| 106|0x000000008da00000, 0x000000008db00000, 0x000000008db00000|100%| E|CS|TAMS 0x000000008da00000| PB 0x000000008da00000| Complete |  0
| 107|0x000000008db00000, 0x000000008dc00000, 0x000000008dc00000|100%| E|CS|TAMS 0x000000008db00000| PB 0x000000008db00000| Complete |  0
| 108|0x000000008dc00000, 0x000000008dd00000, 0x000000008dd00000|100%| E|CS|TAMS 0x000000008dc00000| PB 0x000000008dc00000| Complete |  0
| 109|0x000000008dd00000, 0x000000008de00000, 0x000000008de00000|100%| E|CS|TAMS 0x000000008dd00000| PB 0x000000008dd00000| Complete |  0
| 110|0x000000008de00000, 0x000000008df00000, 0x000000008df00000|100%| E|CS|TAMS 0x000000008de00000| PB 0x000000008de00000| Complete |  0
| 111|0x000000008df00000, 0x000000008e000000, 0x000000008e000000|100%| E|CS|TAMS 0x000000008df00000| PB 0x000000008df00000| Complete |  0
| 112|0x000000008e000000, 0x000000008e100000, 0x000000008e100000|100%| E|CS|TAMS 0x000000008e000000| PB 0x000000008e000000| Complete |  0
| 113|0x000000008e100000, 0x000000008e200000, 0x000000008e200000|100%| E|CS|TAMS 0x000000008e100000| PB 0x000000008e100000| Complete |  0
| 114|0x000000008e200000, 0x000000008e300000, 0x000000008e300000|100%| E|CS|TAMS 0x000000008e200000| PB 0x000000008e200000| Complete |  0
| 115|0x000000008e300000, 0x000000008e400000, 0x000000008e400000|100%| E|CS|TAMS 0x000000008e300000| PB 0x000000008e300000| Complete |  0
| 116|0x000000008e400000, 0x000000008e500000, 0x000000008e500000|100%| E|CS|TAMS 0x000000008e400000| PB 0x000000008e400000| Complete |  0
| 117|0x000000008e500000, 0x000000008e600000, 0x000000008e600000|100%| E|CS|TAMS 0x000000008e500000| PB 0x000000008e500000| Complete |  0
| 118|0x000000008e600000, 0x000000008e700000, 0x000000008e700000|100%| E|CS|TAMS 0x000000008e600000| PB 0x000000008e600000| Complete |  0
| 119|0x000000008e700000, 0x000000008e800000, 0x000000008e800000|100%| E|CS|TAMS 0x000000008e700000| PB 0x000000008e700000| Complete |  0
| 120|0x000000008e800000, 0x000000008e900000, 0x000000008e900000|100%| E|CS|TAMS 0x000000008e800000| PB 0x000000008e800000| Complete |  0
| 121|0x000000008e900000, 0x000000008ea00000, 0x000000008ea00000|100%| E|CS|TAMS 0x000000008e900000| PB 0x000000008e900000| Complete |  0
|1934|0x00000000ffe00000, 0x00000000fff00000, 0x00000000fff00000|100%| O|  |TAMS 0x00000000ffe00000| PB 0x00000000ffe00000| Untracked |  0
|1935|0x00000000fff00000, 0x00000000fff24ea8, 0x0000000100000000| 14%| O|  |TAMS 0x00000000fff00000| PB 0x00000000fff00000| Untracked |  0

Card table byte_map: [0x00000208dcb20000,0x00000208dcef0000] _byte_map_base: 0x00000208dc6e8000

Marking Bits: (CMBitMap*) 0x00000208c4f20ee0
 Bits: [0x00000208dcef0000, 0x00000208ded30000)

Polling page: 0x00000208c2d00000

Metaspace:
Metaspace        used 18641K, committed 18944K, reserved 1114112K
 class space     used 2586K, committed 2752K, reserved 1048576K

Usage:
  Non-class:     15.68 MB used.
      Class:      2.53 MB used.
       Both:     18.20 MB used.

Virtual space:
  Non-class space:       64.00 MB reserved,      15.81 MB ( 25%) committed,  1 nodes.
      Class space:        1.00 GB reserved,       2.69 MB ( <1%) committed,  1 nodes.
             Both:        1.06 GB reserved,      18.50 MB (  2%) committed. 

Chunk freelists:
   Non-Class:  120.00 KB
       Class:  13.31 MB
        Both:  13.43 MB

MaxMetaspaceSize: unlimited
CompressedClassSpaceSize: 1.00 GB
Initial GC threshold: 21.00 MB
Current GC threshold: 21.00 MB
CDS: on
 - commit_granule_bytes: 65536.
 - commit_granule_words: 8192.
 - virtual_space_node_default_size: 8388608.
 - enlarge_chunks_in_place: 1.
UseCompressedClassPointers 1, UseCompactObjectHeaders 0
Narrow klass pointer bits 32, Max shift 3
Narrow klass base: 0x0000000012000000, Narrow klass shift: 0
Encoding Range: [0x0000000012000000 - 0x0000000112000000), (4294967296 bytes)
Klass Range:    [0x0000000012010000 - 0x0000000053000000), (1090453504 bytes)
Klass ID Range:  [65536 - 1090519033) (1090453497)
Protection zone: [0x0000000012000000 - 0x0000000012010000), (65536 bytes)


Internal statistics:

num_allocs_failed_limit: 0.
num_arena_births: 194.
num_arena_deaths: 0.
num_vsnodes_births: 2.
num_vsnodes_deaths: 0.
num_space_committed: 296.
num_space_uncommitted: 0.
num_chunks_returned_to_freelist: 0.
num_chunks_taken_from_freelist: 798.
num_chunk_merges: 0.
num_chunk_splits: 582.
num_chunks_enlarged: 488.
num_inconsistent_stats: 0.

CodeHeap 'non-profiled nmethods': size=120064Kb used=1565Kb max_used=1565Kb free=118498Kb
 bounds [0x00000208d5210000, 0x00000208d5480000, 0x00000208dc750000]
CodeHeap 'profiled nmethods': size=120000Kb used=7829Kb max_used=7829Kb free=112170Kb
 bounds [0x00000208cd750000, 0x00000208cdf00000, 0x00000208d4c80000]
CodeHeap 'non-nmethods': size=5696Kb used=1964Kb max_used=2023Kb free=3731Kb
 bounds [0x00000208d4c80000, 0x00000208d4ef0000, 0x00000208d5210000]
CodeCache: size=245760Kb, used=11358Kb, max_used=11417Kb, free=234399Kb
 total_blobs=5279, nmethods=4408, adapters=771, full_count=0
Compilation: enabled, stopped_count=0, restarted_count=0

Compilation events (20 events):
Event: 26.810 Thread 0x00000208e12d5de0 4434       3       com.sun.javafx.scene.control.inputmap.InputMap::lookupMappingAndSpecificity (182 bytes)
Event: 26.813 Thread 0x00000208e12d5de0 nmethod 4434 0x00000208cdef2d88 code [0x00000208cdef2e80, 0x00000208cdef5268]
Event: 26.813 Thread 0x00000208e12d5de0 4435       1       javafx.util.Pair::getKey (5 bytes)
Event: 26.813 Thread 0x00000208e12d5de0 nmethod 4435 0x00000208d5395d08 code [0x00000208d5395e00, 0x00000208d5395ec8]
Event: 26.813 Thread 0x00000208e12d5de0 4436       1       javafx.util.Pair::getValue (5 bytes)
Event: 26.813 Thread 0x00000208e12d5de0 nmethod 4436 0x00000208d5396008 code [0x00000208d5396100, 0x00000208d53961c8]
Event: 26.825 Thread 0x00000208e12b8640 4437       4       java.util.EnumMap$EnumMapIterator::hasNext (64 bytes)
Event: 26.829 Thread 0x00000208e12b8640 nmethod 4437 0x00000208d5396308 code [0x00000208d5396400, 0x00000208d5396540]
Event: 27.046 Thread 0x00000208e12b8640 4438       4       com.sun.glass.ui.Application::checkEventThread (35 bytes)
Event: 27.047 Thread 0x00000208e12b8640 nmethod 4438 0x00000208d5396608 code [0x00000208d5396700, 0x00000208d53967a0]
Event: 27.809 Thread 0x00000208e12d5de0 4439       3       javafx.animation.Animation$AnimationReadOnlyProperty::set (10 bytes)
Event: 27.810 Thread 0x00000208e12d5de0 nmethod 4439 0x00000208cdef5288 code [0x00000208cdef5380, 0x00000208cdef5708]
Event: 29.390 Thread 0x00000208e12b8640 4440       4       com.sun.javafx.geom.PickRay::setOrigin (12 bytes)
Event: 29.391 Thread 0x00000208e12b8640 nmethod 4440 0x00000208d5396908 code [0x00000208d5396a00, 0x00000208d5396ab0]
Event: 29.397 Thread 0x00000208e12b8640 4441       4       com.sun.javafx.geom.PickRay::setDirection (12 bytes)
Event: 29.398 Thread 0x00000208e12b8640 nmethod 4441 0x00000208d5396c08 code [0x00000208d5396d00, 0x00000208d5396db0]
Event: 85.750 Thread 0x00000208e12b8640 4442       4       com.sun.javafx.tk.quantum.QuantumToolkit::postPulse (133 bytes)
Event: 85.754 Thread 0x00000208e12b8640 nmethod 4442 0x00000208d5396f08 code [0x00000208d5397000, 0x00000208d53972d8]
Event: 86.569 Thread 0x00000208e12b8640 4443       4       com.sun.javafx.tk.quantum.QuantumToolkit$$Lambda/0x0000000013060648::run (8 bytes)
Event: 86.571 Thread 0x00000208e12b8640 nmethod 4443 0x00000208d5397308 code [0x00000208d5397400, 0x00000208d5397718]

GC Heap Usage History (4 events):
Event: 0.637 {heap Before GC invocations=0 (full 0):
 garbage-first heap   total reserved 1982464K, committed 126976K, used 28819K [0x0000000087000000, 0x0000000100000000)
  region size 1024K, 28 young (28672K), 0 survivors (0K)
}
Event: 0.639 {heap After GC invocations=1 (full 0):
 garbage-first heap   total reserved 1982464K, committed 126976K, used 3853K [0x0000000087000000, 0x0000000100000000)
  region size 1024K, 3 young (3072K), 3 survivors (3072K)
}
Event: 1.473 {heap Before GC invocations=1 (full 0):
 garbage-first heap   total reserved 1982464K, committed 126976K, used 56077K [0x0000000087000000, 0x0000000100000000)
  region size 1024K, 55 young (56320K), 3 survivors (3072K)
}
Event: 1.479 {heap After GC invocations=2 (full 0):
 garbage-first heap   total reserved 1982464K, committed 126976K, used 8265K [0x0000000087000000, 0x0000000100000000)
  region size 1024K, 7 young (7168K), 7 survivors (7168K)
}

Metaspace Usage History (4 events):
Event: 0.637 {metaspace Before GC invocations=0 (full 0):
 Metaspace       used 5916K, committed 6144K, reserved 1114112K
  class space    used 559K, committed 640K, reserved 1048576K
}
Event: 0.639 {metaspace After GC invocations=1 (full 0):
 Metaspace       used 5916K, committed 6144K, reserved 1114112K
  class space    used 559K, committed 640K, reserved 1048576K
}
Event: 1.473 {metaspace Before GC invocations=1 (full 0):
 Metaspace       used 13598K, committed 13824K, reserved 1114112K
  class space    used 1810K, committed 1920K, reserved 1048576K
}
Event: 1.479 {metaspace After GC invocations=2 (full 0):
 Metaspace       used 13598K, committed 13824K, reserved 1114112K
  class space    used 1810K, committed 1920K, reserved 1048576K
}

Dll operation events (20 events):
Event: 0.329 Loaded shared library C:\javafx-sdk-25.0.1\bin\api-ms-win-crt-locale-l1-1-0.dll
Event: 0.330 Loaded shared library C:\javafx-sdk-25.0.1\bin\api-ms-win-crt-math-l1-1-0.dll
Event: 0.332 Loaded shared library C:\javafx-sdk-25.0.1\bin\api-ms-win-crt-multibyte-l1-1-0.dll
Event: 0.333 Loaded shared library C:\javafx-sdk-25.0.1\bin\api-ms-win-crt-private-l1-1-0.dll
Event: 0.334 Loaded shared library C:\javafx-sdk-25.0.1\bin\api-ms-win-crt-process-l1-1-0.dll
Event: 0.335 Loaded shared library C:\javafx-sdk-25.0.1\bin\api-ms-win-crt-runtime-l1-1-0.dll
Event: 0.336 Loaded shared library C:\javafx-sdk-25.0.1\bin\api-ms-win-crt-stdio-l1-1-0.dll
Event: 0.337 Loaded shared library C:\javafx-sdk-25.0.1\bin\api-ms-win-crt-string-l1-1-0.dll
Event: 0.338 Loaded shared library C:\javafx-sdk-25.0.1\bin\api-ms-win-crt-time-l1-1-0.dll
Event: 0.340 Loaded shared library C:\javafx-sdk-25.0.1\bin\api-ms-win-crt-utility-l1-1-0.dll
Event: 0.342 Loaded shared library C:\javafx-sdk-25.0.1\bin\ucrtbase.dll
Event: 0.344 Loaded shared library C:\javafx-sdk-25.0.1\bin\vcruntime140.dll
Event: 0.349 Loaded shared library C:\javafx-sdk-25.0.1\bin\vcruntime140_1.dll
Event: 0.351 Loaded shared library C:\javafx-sdk-25.0.1\bin\msvcp140.dll
Event: 0.353 Loaded shared library C:\javafx-sdk-25.0.1\bin\msvcp140_1.dll
Event: 0.355 Loaded shared library C:\javafx-sdk-25.0.1\bin\msvcp140_2.dll
Event: 0.394 Loaded shared library C:\javafx-sdk-25.0.1\bin\prism_d3d.dll
Event: 0.433 Loaded shared library C:\javafx-sdk-25.0.1\bin\glass.dll
Event: 0.630 Loaded shared library C:\Users\duytr\.jdks\openjdk-25.0.1\bin\jimage.dll
Event: 0.872 Loaded shared library C:\javafx-sdk-25.0.1\bin\javafx_font.dll

Deoptimization events (20 events):
Event: 15.259 Thread 0x00000208e1ddd5f0 Uncommon trap: trap_request=0xffffffbe fr.pc=0x00000208d535d10c relative=0x0000000000000c8c
Event: 15.259 Thread 0x00000208e1ddd5f0 Uncommon trap: reason=profile_predicate action=maybe_recompile pc=0x00000208d535d10c method=com.sun.javafx.css.BitSet.addAll(Ljava/util/Collection;)Z @ 122 c2
Event: 15.259 Thread 0x00000208e1ddd5f0 DEOPT PACKING pc=0x00000208d535d10c sp=0x0000006e03bfca30
Event: 15.259 Thread 0x00000208e1ddd5f0 DEOPT UNPACKING pc=0x00000208d4dac882 sp=0x0000006e03bfc9a0 mode 2
Event: 15.307 Thread 0x00000208e1e1ae00 DEOPT PACKING pc=0x00000208cde08588 sp=0x0000006e039fd400
Event: 15.307 Thread 0x00000208e1e1ae00 DEOPT UNPACKING pc=0x00000208d4cd12a2 sp=0x0000006e039fccc8 mode 0
Event: 16.285 Thread 0x00000208e1e1ae00 DEOPT PACKING pc=0x00000208cde085f5 sp=0x0000006e039fd400
Event: 16.285 Thread 0x00000208e1e1ae00 DEOPT UNPACKING pc=0x00000208d4cd12a2 sp=0x0000006e039fccc8 mode 0
Event: 16.516 Thread 0x00000208e1ddd5f0 Uncommon trap: trap_request=0xffffffde fr.pc=0x00000208d5356a00 relative=0x0000000000004280
Event: 16.516 Thread 0x00000208e1ddd5f0 Uncommon trap: reason=class_check action=maybe_recompile pc=0x00000208d5356a00 method=com.sun.javafx.css.CompoundSelector.stateMatches(Ljavafx/css/Styleable;Ljava/util/Set;I)Z @ 123 c2
Event: 16.516 Thread 0x00000208e1ddd5f0 DEOPT PACKING pc=0x00000208d5356a00 sp=0x0000006e03bfa9b0
Event: 16.516 Thread 0x00000208e1ddd5f0 DEOPT UNPACKING pc=0x00000208d4dac882 sp=0x0000006e03bfa7c8 mode 2
Event: 16.516 Thread 0x00000208e1ddd5f0 Uncommon trap: trap_request=0xffffffde fr.pc=0x00000208d5356a00 relative=0x0000000000004280
Event: 16.516 Thread 0x00000208e1ddd5f0 Uncommon trap: reason=class_check action=maybe_recompile pc=0x00000208d5356a00 method=com.sun.javafx.css.CompoundSelector.stateMatches(Ljavafx/css/Styleable;Ljava/util/Set;I)Z @ 123 c2
Event: 16.516 Thread 0x00000208e1ddd5f0 DEOPT PACKING pc=0x00000208d5356a00 sp=0x0000006e03bfa8c0
Event: 16.516 Thread 0x00000208e1ddd5f0 DEOPT UNPACKING pc=0x00000208d4dac882 sp=0x0000006e03bfa6d8 mode 2
Event: 16.516 Thread 0x00000208e1ddd5f0 Uncommon trap: trap_request=0xffffffde fr.pc=0x00000208d535afa4 relative=0x00000000000027a4
Event: 16.516 Thread 0x00000208e1ddd5f0 Uncommon trap: reason=class_check action=maybe_recompile pc=0x00000208d535afa4 method=com.sun.javafx.css.CompoundSelector.stateMatches(Ljavafx/css/Styleable;Ljava/util/Set;I)Z @ 123 c2
Event: 16.516 Thread 0x00000208e1ddd5f0 DEOPT PACKING pc=0x00000208d535afa4 sp=0x0000006e03bfa7f0
Event: 16.516 Thread 0x00000208e1ddd5f0 DEOPT UNPACKING pc=0x00000208d4dac882 sp=0x0000006e03bfa6c8 mode 2

Classes loaded (20 events):
Event: 13.645 Loading class java/util/stream/IntPipeline done
Event: 13.645 Loading class java/util/stream/IntPipeline$Head done
Event: 13.645 Loading class java/util/stream/IntPipeline$1
Event: 13.645 Loading class java/util/stream/IntPipeline$1 done
Event: 13.645 Loading class java/util/stream/IntPipeline$1$1
Event: 13.646 Loading class java/util/stream/Sink$ChainedInt
Event: 13.646 Loading class java/util/stream/Sink$OfInt
Event: 13.646 Loading class java/util/stream/Sink$OfInt done
Event: 13.646 Loading class java/util/stream/Sink$ChainedInt done
Event: 13.646 Loading class java/util/stream/IntPipeline$1$1 done
Event: 13.696 Loading class java/lang/invoke/TypeConvertingMethodAdapter$1
Event: 13.697 Loading class java/lang/invoke/TypeConvertingMethodAdapter$1 done
Event: 13.697 Loading class java/lang/invoke/TypeConvertingMethodAdapter$BoxHolder
Event: 13.697 Loading class java/lang/invoke/TypeConvertingMethodAdapter$BoxHolder done
Event: 13.832 Loading class java/lang/FdLibm$Acos
Event: 13.832 Loading class java/lang/FdLibm$Acos done
Event: 15.272 Loading class java/util/TreeSet
Event: 15.273 Loading class java/util/TreeSet done
Event: 212.256 Loading class jdk/internal/misc/Signal$1
Event: 212.257 Loading class jdk/internal/misc/Signal$1 done

Classes unloaded (0 events):
No events

Classes redefined (0 events):
No events

Internal exceptions (20 events):
Event: 1.486 Thread 0x00000208e1e1ae00 Exception <a 'java/lang/NoSuchMethodError'{0x000000008e9278e0}: 'java.lang.Object java.lang.invoke.DirectMethodHandle$Holder.invokeStaticInit(java.lang.Object, long)'> (0x000000008e9278e0) 
thrown [s\open\src\hotspot\share\interpreter\linkResolver.cpp, line 804]
Event: 1.501 Thread 0x00000208e1e1ae00 Exception <a 'java/lang/NoSuchMethodError'{0x000000008e9c9d08}: 'long java.lang.invoke.DirectMethodHandle$Holder.invokeStaticInit(java.lang.Object, long, long, long, long)'> (0x000000008e9c9d08) 
thrown [s\open\src\hotspot\share\interpreter\linkResolver.cpp, line 804]
Event: 1.502 Thread 0x00000208e1e1ae00 Exception <a 'java/lang/NoSuchMethodError'{0x000000008e9d2768}: 'java.lang.Object java.lang.invoke.DirectMethodHandle$Holder.invokeInterface(java.lang.Object, java.lang.Object, long, long)'> (0x000000008e9d2768) 
thrown [s\open\src\hotspot\share\interpreter\linkResolver.cpp, line 804]
Event: 1.503 Thread 0x00000208e1e1ae00 Exception <a 'java/lang/NoSuchMethodError'{0x000000008e9eb350}: 'void java.lang.invoke.DirectMethodHandle$Holder.invokeStaticInit(java.lang.Object, java.lang.Object, long, java.lang.Object)'> (0x000000008e9eb350) 
thrown [s\open\src\hotspot\share\interpreter\linkResolver.cpp, line 804]
Event: 1.503 Thread 0x00000208e1e1ae00 Exception <a 'java/lang/NoSuchMethodError'{0x000000008e9f3c28}: 'long java.lang.invoke.DirectMethodHandle$Holder.invokeStatic(java.lang.Object, long, long)'> (0x000000008e9f3c28) 
thrown [s\open\src\hotspot\share\interpreter\linkResolver.cpp, line 804]
Event: 4.797 Thread 0x00000208e1ddd5f0 Exception <a 'java/lang/NoSuchMethodError'{0x000000008e73f728}: 'java.lang.Object java.lang.invoke.DirectMethodHandle$Holder.newInvokeSpecial(java.lang.Object, java.lang.Object, java.lang.Object, int, java.lang.Object, java.lang.Object, java.lang.Object, int)'> (0x000000008e73f728) 
thrown [s\open\src\hotspot\share\interpreter\linkResolver.cpp, line 804]
Event: 5.790 Thread 0x00000208e1ddd5f0 Exception <a 'java/lang/NoSuchMethodError'{0x000000008e6475d8}: 'void java.lang.invoke.DirectMethodHandle$Holder.invokeVirtual(java.lang.Object, java.lang.Object)'> (0x000000008e6475d8) 
thrown [s\open\src\hotspot\share\interpreter\linkResolver.cpp, line 804]
Event: 5.805 Thread 0x00000208e1ddd5f0 Exception <a 'java/lang/NoSuchMethodError'{0x000000008e679da0}: 'long java.lang.invoke.DirectMethodHandle$Holder.invokeStaticInit(java.lang.Object, java.lang.Object, java.lang.Object)'> (0x000000008e679da0) 
thrown [s\open\src\hotspot\share\interpreter\linkResolver.cpp, line 804]
Event: 13.581 Thread 0x00000208e1ddd5f0 Exception <a 'java/lang/NoSuchMethodError'{0x000000008e48a9a0}: 'int java.lang.invoke.DirectMethodHandle$Holder.invokeStatic(java.lang.Object, java.lang.Object, java.lang.Object, java.lang.Object)'> (0x000000008e48a9a0) 
thrown [s\open\src\hotspot\share\interpreter\linkResolver.cpp, line 804]
Event: 13.635 Thread 0x00000208e1ddd5f0 Exception <a 'java/io/FileNotFoundException'{0x000000008e14ea40}> (0x000000008e14ea40) 
thrown [s\open\src\hotspot\share\prims\jni.cpp, line 516]
Event: 13.636 Thread 0x00000208e1ddd5f0 Exception <a 'java/io/FileNotFoundException'{0x000000008e14f810}> (0x000000008e14f810) 
thrown [s\open\src\hotspot\share\prims\jni.cpp, line 516]
Event: 13.636 Thread 0x00000208e1ddd5f0 Exception <a 'java/io/FileNotFoundException'{0x000000008e1506c8}> (0x000000008e1506c8) 
thrown [s\open\src\hotspot\share\prims\jni.cpp, line 516]
Event: 13.637 Thread 0x00000208e1ddd5f0 Exception <a 'java/io/FileNotFoundException'{0x000000008e15e3d0}> (0x000000008e15e3d0) 
thrown [s\open\src\hotspot\share\prims\jni.cpp, line 516]
Event: 13.637 Thread 0x00000208e1ddd5f0 Exception <a 'java/io/FileNotFoundException'{0x000000008e15f1a0}> (0x000000008e15f1a0) 
thrown [s\open\src\hotspot\share\prims\jni.cpp, line 516]
Event: 13.637 Thread 0x00000208e1ddd5f0 Exception <a 'java/io/FileNotFoundException'{0x000000008e160058}> (0x000000008e160058) 
thrown [s\open\src\hotspot\share\prims\jni.cpp, line 516]
Event: 13.697 Thread 0x00000208e1ddd5f0 Exception <a 'java/lang/NoSuchMethodError'{0x000000008d94e5f0}: 'void java.lang.invoke.DirectMethodHandle$Holder.invokeSpecial(java.lang.Object, java.lang.Object, int)'> (0x000000008d94e5f0) 
thrown [s\open\src\hotspot\share\interpreter\linkResolver.cpp, line 804]
Event: 15.252 Thread 0x00000208e1ddd5f0 Exception <a 'java/io/FileNotFoundException'{0x000000008cc00040}> (0x000000008cc00040) 
thrown [s\open\src\hotspot\share\prims\jni.cpp, line 516]
Event: 15.252 Thread 0x00000208e1ddd5f0 Exception <a 'java/io/FileNotFoundException'{0x000000008cc00b60}> (0x000000008cc00b60) 
thrown [s\open\src\hotspot\share\prims\jni.cpp, line 516]
Event: 15.252 Thread 0x00000208e1ddd5f0 Exception <a 'java/io/FileNotFoundException'{0x000000008cc01768}> (0x000000008cc01768) 
thrown [s\open\src\hotspot\share\prims\jni.cpp, line 516]
Event: 18.409 Thread 0x00000208e1ddd5f0 Exception <a 'java/lang/NoSuchMethodError'{0x000000008ca6e7b0}: 'java.lang.Object java.lang.invoke.DirectMethodHandle$Holder.newInvokeSpecial(java.lang.Object, java.lang.Object, int, int, int, int, int, java.lang.Object)'> (0x000000008ca6e7b0) 
thrown [s\open\src\hotspot\share\interpreter\linkResolver.cpp, line 804]

VM Operations (20 events):
Event: 1.112 Executing non-safepoint VM operation: HandshakeAllThreads (Deoptimize) done
Event: 1.312 Executing non-safepoint VM operation: HandshakeAllThreads (Deoptimize)
Event: 1.312 Executing non-safepoint VM operation: HandshakeAllThreads (Deoptimize) done
Event: 1.473 Executing safepoint VM operation: G1CollectForAllocation (G1 Evacuation Pause)
Event: 1.479 Executing safepoint VM operation: G1CollectForAllocation (G1 Evacuation Pause) done
Event: 1.491 Executing non-safepoint VM operation: HandshakeAllThreads (Deoptimize)
Event: 1.491 Executing non-safepoint VM operation: HandshakeAllThreads (Deoptimize) done
Event: 13.663 Executing non-safepoint VM operation: HandshakeAllThreads (Deoptimize)
Event: 13.663 Executing non-safepoint VM operation: HandshakeAllThreads (Deoptimize) done
Event: 13.686 Executing non-safepoint VM operation: HandshakeAllThreads (Deoptimize)
Event: 13.686 Executing non-safepoint VM operation: HandshakeAllThreads (Deoptimize) done
Event: 13.758 Executing non-safepoint VM operation: HandshakeAllThreads (Deoptimize)
Event: 13.758 Executing non-safepoint VM operation: HandshakeAllThreads (Deoptimize) done
Event: 13.817 Executing non-safepoint VM operation: HandshakeAllThreads (Deoptimize)
Event: 13.817 Executing non-safepoint VM operation: HandshakeAllThreads (Deoptimize) done
Event: 60.065 Executing non-safepoint VM operation: HandshakeAllThreads (HandshakeForDeflation)
Event: 60.065 Executing non-safepoint VM operation: HandshakeAllThreads (HandshakeForDeflation) done
Event: 60.065 Executing non-safepoint VM operation: RendezvousGCThreads
Event: 60.065 Executing non-safepoint VM operation: RendezvousGCThreads done
Event: 212.261 Executing safepoint VM operation: Exit

Memory protections (0 events):
No events

Nmethod flushes (0 events):
No events

Events (20 events):
Event: 0.556 Thread 0x00000208e1bb3800 Thread added: 0x00000208e1bb3800
Event: 1.136 Thread 0x00000208e1ddd5f0 Thread added: 0x00000208e6ba5d40
Event: 1.461 Thread 0x00000208e1e1ae00 Thread added: 0x00000208e6ba93f0
Event: 2.139 Thread 0x00000208e1484650 Thread exited: 0x00000208e1484650
Event: 13.726 Thread 0x00000208e12d5de0 Thread added: 0x00000208e618e460
Event: 14.469 Thread 0x00000208e618e460 Thread exited: 0x00000208e618e460
Event: 15.039 Thread 0x00000208e12d5de0 Thread added: 0x00000208e618e460
Event: 15.244 Thread 0x00000208e618e460 Thread exited: 0x00000208e618e460
Event: 15.258 Thread 0x00000208e12d5de0 Thread added: 0x00000208e618cc30
Event: 15.483 Thread 0x00000208e618cc30 Thread exited: 0x00000208e618cc30
Event: 16.517 Thread 0x00000208e12d5de0 Thread added: 0x00000208e618cc30
Event: 16.927 Thread 0x00000208e618cc30 Thread exited: 0x00000208e618cc30
Event: 212.257 Thread 0x00000208e12ad600 Thread added: 0x00000208e66c49a0
Event: 212.257 Thread 0x00000208e66c49a0 Thread added: 0x00000208e66c6110
Event: 212.257 Thread 0x00000208e66c49a0 Thread added: 0x00000208e66c68e0
Event: 212.259 Thread 0x00000208e66c68e0 Thread exited: 0x00000208e66c68e0
Event: 212.260 Thread 0x00000208e66c6110 Thread added: 0x00000208e1db72e0
Event: 212.261 Thread 0x00000208e66c6110 Thread exited: 0x00000208e66c6110
Event: 212.261 Thread 0x00000208e66c49a0 Before exit entered
Event: 212.261 Thread 0x00000208e12ad600 Thread exited: 0x00000208e12ad600


Dynamic libraries:
0x00007ff782cc0000 - 0x00007ff782cce000 	C:\Users\duytr\.jdks\openjdk-25.0.1\bin\java.exe
0x00007ffa60fe0000 - 0x00007ffa61248000 	C:\WINDOWS\SYSTEM32\ntdll.dll
0x00007ffa60b20000 - 0x00007ffa60be9000 	C:\WINDOWS\System32\KERNEL32.DLL
0x00007ffa5e460000 - 0x00007ffa5e852000 	C:\WINDOWS\System32\KERNELBASE.dll
0x00007ffa5ec60000 - 0x00007ffa5edab000 	C:\WINDOWS\System32\ucrtbase.dll
0x00007ffa426c0000 - 0x00007ffa426d7000 	C:\Users\duytr\.jdks\openjdk-25.0.1\bin\jli.dll
0x00007ffa54980000 - 0x00007ffa5499e000 	C:\Users\duytr\.jdks\openjdk-25.0.1\bin\VCRUNTIME140.dll
0x00007ffa5fe20000 - 0x00007ffa5ffe5000 	C:\WINDOWS\System32\USER32.dll
0x00007ffa5ea60000 - 0x00007ffa5ea87000 	C:\WINDOWS\System32\win32u.dll
0x00007ffa474a0000 - 0x00007ffa47733000 	C:\WINDOWS\WinSxS\amd64_microsoft.windows.common-controls_6595b64144ccf1df_6.0.26100.6899_none_3e0efeeae32e88c1\COMCTL32.dll
0x00007ffa60a80000 - 0x00007ffa60aab000 	C:\WINDOWS\System32\GDI32.dll
0x00007ffa5ea90000 - 0x00007ffa5ebbd000 	C:\WINDOWS\System32\gdi32full.dll
0x00007ffa5ef90000 - 0x00007ffa5f039000 	C:\WINDOWS\System32\msvcrt.dll
0x00007ffa5e9b0000 - 0x00007ffa5ea53000 	C:\WINDOWS\System32\msvcp_win.dll
0x00007ffa5f9c0000 - 0x00007ffa5f9ef000 	C:\WINDOWS\System32\IMM32.DLL
0x00007ffa5b230000 - 0x00007ffa5b23c000 	C:\Users\duytr\.jdks\openjdk-25.0.1\bin\vcruntime140_1.dll
0x00007ffa2d430000 - 0x00007ffa2d4bd000 	C:\Users\duytr\.jdks\openjdk-25.0.1\bin\msvcp140.dll
0x00007ff9a3670000 - 0x00007ff9a44cf000 	C:\Users\duytr\.jdks\openjdk-25.0.1\bin\server\jvm.dll
0x00007ffa60bf0000 - 0x00007ffa60ca4000 	C:\WINDOWS\System32\ADVAPI32.dll
0x00007ffa5edb0000 - 0x00007ffa5ee56000 	C:\WINDOWS\System32\sechost.dll
0x00007ffa5ee70000 - 0x00007ffa5ef88000 	C:\WINDOWS\System32\RPCRT4.dll
0x00007ffa60580000 - 0x00007ffa605f4000 	C:\WINDOWS\System32\WS2_32.dll
0x00007ffa5dfd0000 - 0x00007ffa5e02e000 	C:\WINDOWS\SYSTEM32\POWRPROF.dll
0x00007ffa47c20000 - 0x00007ffa47c55000 	C:\WINDOWS\SYSTEM32\WINMM.dll
0x00007ffa4ac00000 - 0x00007ffa4ac0b000 	C:\WINDOWS\SYSTEM32\VERSION.dll
0x00007ffa5dfb0000 - 0x00007ffa5dfc4000 	C:\WINDOWS\SYSTEM32\UMPDC.dll
0x00007ffa5cf40000 - 0x00007ffa5cf5b000 	C:\WINDOWS\SYSTEM32\kernel.appcore.dll
0x00007ffa5b1b0000 - 0x00007ffa5b1ba000 	C:\Users\duytr\.jdks\openjdk-25.0.1\bin\jimage.dll
0x00007ffa58da0000 - 0x00007ffa58fe2000 	C:\WINDOWS\SYSTEM32\DBGHELP.DLL
0x00007ffa5faa0000 - 0x00007ffa5fe1b000 	C:\WINDOWS\System32\combase.dll
0x00007ffa607d0000 - 0x00007ffa608a7000 	C:\WINDOWS\System32\OLEAUT32.dll
0x00007ffa327c0000 - 0x00007ffa327fc000 	C:\WINDOWS\SYSTEM32\dbgcore.DLL
0x00007ffa5ebc0000 - 0x00007ffa5ec58000 	C:\WINDOWS\System32\bcryptPrimitives.dll
0x00007ffa456e0000 - 0x00007ffa456f0000 	C:\Users\duytr\.jdks\openjdk-25.0.1\bin\instrument.dll
0x00007ffa42350000 - 0x00007ffa4236f000 	C:\Users\duytr\.jdks\openjdk-25.0.1\bin\java.dll
0x00007ffa60630000 - 0x00007ffa607c8000 	C:\WINDOWS\System32\ole32.dll
0x00007ffa5f270000 - 0x00007ffa5f9bd000 	C:\WINDOWS\System32\SHELL32.dll
0x00007ffa5e2f0000 - 0x00007ffa5e45b000 	C:\WINDOWS\System32\wintypes.dll
0x00007ffa5bde0000 - 0x00007ffa5c63d000 	C:\WINDOWS\SYSTEM32\windows.storage.dll
0x00007ffa5fff0000 - 0x00007ffa600e2000 	C:\WINDOWS\System32\SHCORE.dll
0x00007ffa60ab0000 - 0x00007ffa60b12000 	C:\WINDOWS\System32\shlwapi.dll
0x00007ffa5e090000 - 0x00007ffa5e0b9000 	C:\WINDOWS\SYSTEM32\profapi.dll
0x00007ffa42080000 - 0x00007ffa42092000 	C:\Users\duytr\.jdks\openjdk-25.0.1\bin\net.dll
0x00007ffa5d4b0000 - 0x00007ffa5d51b000 	C:\WINDOWS\system32\mswsock.dll
0x00007ffa3f530000 - 0x00007ffa3f546000 	C:\Users\duytr\.jdks\openjdk-25.0.1\bin\nio.dll
0x00007ffa38b40000 - 0x00007ffa38b57000 	C:\Users\duytr\.jdks\openjdk-25.0.1\bin\zip.dll
0x00007ffa44040000 - 0x00007ffa44049000 	C:\Users\duytr\.jdks\openjdk-25.0.1\bin\extnet.dll
0x00000208c4540000 - 0x00000208c4544000 	C:\javafx-sdk-25.0.1\bin\api-ms-win-core-console-l1-1-0.dll
0x00000208c4550000 - 0x00000208c4554000 	C:\javafx-sdk-25.0.1\bin\api-ms-win-core-console-l1-2-0.dll
0x00000208c4560000 - 0x00000208c4564000 	C:\javafx-sdk-25.0.1\bin\api-ms-win-core-datetime-l1-1-0.dll
0x00000208c4e10000 - 0x00000208c4e14000 	C:\javafx-sdk-25.0.1\bin\api-ms-win-core-debug-l1-1-0.dll
0x00000208c4e20000 - 0x00000208c4e24000 	C:\javafx-sdk-25.0.1\bin\api-ms-win-core-errorhandling-l1-1-0.dll
0x00000208c4e30000 - 0x00000208c4e35000 	C:\javafx-sdk-25.0.1\bin\api-ms-win-core-file-l1-1-0.dll
0x00000208c4e40000 - 0x00000208c4e44000 	C:\javafx-sdk-25.0.1\bin\api-ms-win-core-file-l1-2-0.dll
0x00000208c4e50000 - 0x00000208c4e54000 	C:\javafx-sdk-25.0.1\bin\api-ms-win-core-file-l2-1-0.dll
0x00000208c4e60000 - 0x00000208c4e64000 	C:\javafx-sdk-25.0.1\bin\api-ms-win-core-handle-l1-1-0.dll
0x00000208c4e70000 - 0x00000208c4e74000 	C:\javafx-sdk-25.0.1\bin\api-ms-win-core-heap-l1-1-0.dll
0x00000208c4e80000 - 0x00000208c4e84000 	C:\javafx-sdk-25.0.1\bin\api-ms-win-core-interlocked-l1-1-0.dll
0x00000208e1f70000 - 0x00000208e1f74000 	C:\javafx-sdk-25.0.1\bin\api-ms-win-core-libraryloader-l1-1-0.dll
0x00000208e1f80000 - 0x00000208e1f84000 	C:\javafx-sdk-25.0.1\bin\api-ms-win-core-localization-l1-2-0.dll
0x00000208e1f90000 - 0x00000208e1f94000 	C:\javafx-sdk-25.0.1\bin\api-ms-win-core-memory-l1-1-0.dll
0x00000208e1fa0000 - 0x00000208e1fa4000 	C:\javafx-sdk-25.0.1\bin\api-ms-win-core-namedpipe-l1-1-0.dll
0x00000208e1fb0000 - 0x00000208e1fb4000 	C:\javafx-sdk-25.0.1\bin\api-ms-win-core-processenvironment-l1-1-0.dll
0x00000208e1fc0000 - 0x00000208e1fc4000 	C:\javafx-sdk-25.0.1\bin\api-ms-win-core-processthreads-l1-1-0.dll
0x00000208e1fd0000 - 0x00000208e1fd4000 	C:\javafx-sdk-25.0.1\bin\api-ms-win-core-processthreads-l1-1-1.dll
0x00000208e1fe0000 - 0x00000208e1fe4000 	C:\javafx-sdk-25.0.1\bin\api-ms-win-core-profile-l1-1-0.dll
0x00000208e1ff0000 - 0x00000208e1ff4000 	C:\javafx-sdk-25.0.1\bin\api-ms-win-core-rtlsupport-l1-1-0.dll
0x00000208e7230000 - 0x00000208e7234000 	C:\javafx-sdk-25.0.1\bin\api-ms-win-core-string-l1-1-0.dll
0x00000208e7240000 - 0x00000208e7244000 	C:\javafx-sdk-25.0.1\bin\api-ms-win-core-synch-l1-1-0.dll
0x00000208e7250000 - 0x00000208e7254000 	C:\javafx-sdk-25.0.1\bin\api-ms-win-core-synch-l1-2-0.dll
0x00000208e7260000 - 0x00000208e7264000 	C:\javafx-sdk-25.0.1\bin\api-ms-win-core-sysinfo-l1-1-0.dll
0x00000208e7270000 - 0x00000208e7274000 	C:\javafx-sdk-25.0.1\bin\api-ms-win-core-timezone-l1-1-0.dll
0x00000208e7280000 - 0x00000208e7284000 	C:\javafx-sdk-25.0.1\bin\api-ms-win-core-util-l1-1-0.dll
0x00000208e7290000 - 0x00000208e7294000 	C:\javafx-sdk-25.0.1\bin\api-ms-win-crt-conio-l1-1-0.dll
0x00000208e72a0000 - 0x00000208e72a5000 	C:\javafx-sdk-25.0.1\bin\api-ms-win-crt-convert-l1-1-0.dll
0x00000208e72b0000 - 0x00000208e72b4000 	C:\javafx-sdk-25.0.1\bin\api-ms-win-crt-environment-l1-1-0.dll
0x00000208e72c0000 - 0x00000208e72c4000 	C:\javafx-sdk-25.0.1\bin\api-ms-win-crt-filesystem-l1-1-0.dll
0x00000208e72d0000 - 0x00000208e72d4000 	C:\javafx-sdk-25.0.1\bin\api-ms-win-crt-heap-l1-1-0.dll
0x00000208e72e0000 - 0x00000208e72e4000 	C:\javafx-sdk-25.0.1\bin\api-ms-win-crt-locale-l1-1-0.dll
0x00000208e72f0000 - 0x00000208e72f6000 	C:\javafx-sdk-25.0.1\bin\api-ms-win-crt-math-l1-1-0.dll
0x00000208e7300000 - 0x00000208e7306000 	C:\javafx-sdk-25.0.1\bin\api-ms-win-crt-multibyte-l1-1-0.dll
0x00000208e7310000 - 0x00000208e7321000 	C:\javafx-sdk-25.0.1\bin\api-ms-win-crt-private-l1-1-0.dll
0x00000208e7330000 - 0x00000208e7334000 	C:\javafx-sdk-25.0.1\bin\api-ms-win-crt-process-l1-1-0.dll
0x00000208e7340000 - 0x00000208e7345000 	C:\javafx-sdk-25.0.1\bin\api-ms-win-crt-runtime-l1-1-0.dll
0x00000208e7350000 - 0x00000208e7355000 	C:\javafx-sdk-25.0.1\bin\api-ms-win-crt-stdio-l1-1-0.dll
0x00000208e7360000 - 0x00000208e7365000 	C:\javafx-sdk-25.0.1\bin\api-ms-win-crt-string-l1-1-0.dll
0x00000208e7370000 - 0x00000208e7374000 	C:\javafx-sdk-25.0.1\bin\api-ms-win-crt-time-l1-1-0.dll
0x00000208e7380000 - 0x00000208e7384000 	C:\javafx-sdk-25.0.1\bin\api-ms-win-crt-utility-l1-1-0.dll
0x00007ffa1d7b0000 - 0x00007ffa1d8c1000 	C:\javafx-sdk-25.0.1\bin\ucrtbase.dll
0x00007ffa354c0000 - 0x00007ffa354de000 	C:\javafx-sdk-25.0.1\bin\vcruntime140.dll
0x00007ffa42730000 - 0x00007ffa4273c000 	C:\javafx-sdk-25.0.1\bin\vcruntime140_1.dll
0x00007ffa1d720000 - 0x00007ffa1d7ad000 	C:\javafx-sdk-25.0.1\bin\msvcp140.dll
0x00007ffa42450000 - 0x00007ffa42459000 	C:\javafx-sdk-25.0.1\bin\msvcp140_1.dll
0x00007ffa1dc70000 - 0x00007ffa1dcb1000 	C:\javafx-sdk-25.0.1\bin\msvcp140_2.dll
0x00007ffa29cd0000 - 0x00007ffa29d00000 	C:\javafx-sdk-25.0.1\bin\prism_d3d.dll
0x00007ff9fd490000 - 0x00007ff9fd640000 	C:\WINDOWS\system32\d3d9.dll
0x00007ffa5b740000 - 0x00007ffa5b76d000 	C:\WINDOWS\SYSTEM32\dwmapi.dll
0x00007ffa5b6f0000 - 0x00007ffa5b734000 	C:\WINDOWS\SYSTEM32\dxcore.dll
0x00007ffa5b5d0000 - 0x00007ffa5b67a000 	C:\WINDOWS\system32\uxtheme.dll
0x00007ff9dd3f0000 - 0x00007ff9dd59c000 	C:\WINDOWS\System32\DriverStore\FileRepository\iigd_dch.inf_amd64_86def921271c86b5\igdumdim64.dll
0x00007ff9d9790000 - 0x00007ff9dd3ec000 	C:\WINDOWS\System32\DriverStore\FileRepository\iigd_dch.inf_amd64_86def921271c86b5\igd9dxva64.dll
0x00007ffa600f0000 - 0x00007ffa60578000 	C:\WINDOWS\System32\SETUPAPI.dll
0x00007ffa5dcf0000 - 0x00007ffa5dd47000 	C:\WINDOWS\SYSTEM32\cfgmgr32.dll
0x00007ffa52bc0000 - 0x00007ffa52fb0000 	C:\WINDOWS\System32\DriverStore\FileRepository\iigd_dch.inf_amd64_86def921271c86b5\igdgmm64.dll
0x00007ffa55110000 - 0x00007ffa55173000 	C:\WINDOWS\SYSTEM32\directxdatabasehelper.dll
0x00007ffa1d9d0000 - 0x00007ffa1da19000 	C:\javafx-sdk-25.0.1\bin\glass.dll
0x00007ffa60d60000 - 0x00007ffa60e53000 	C:\WINDOWS\System32\COMDLG32.dll
0x00007ffa60ee0000 - 0x00007ffa60f91000 	C:\WINDOWS\System32\clbcatq.dll
0x00007ffa3e2d0000 - 0x00007ffa3e420000 	C:\Windows\System32\Windows.UI.dll
0x00007ffa312f0000 - 0x00007ffa313ab000 	C:\Windows\System32\Windows.Networking.Connectivity.dll
0x00007ffa4bb80000 - 0x00007ffa4bdc5000 	C:\Windows\System32\twinapi.appcore.dll
0x00007ffa608b0000 - 0x00007ffa60a0b000 	C:\WINDOWS\System32\MSCTF.dll
0x00007ffa248b0000 - 0x00007ffa248d7000 	C:\WINDOWS\System32\DriverStore\FileRepository\iigd_dch.inf_amd64_86def921271c86b5\igdinfo64.dll
0x00007ffa5d760000 - 0x00007ffa5d77b000 	C:\WINDOWS\SYSTEM32\CRYPTSP.dll
0x00007ffa5cea0000 - 0x00007ffa5cedb000 	C:\WINDOWS\system32\rsaenh.dll
0x00007ffa5d780000 - 0x00007ffa5d78c000 	C:\WINDOWS\SYSTEM32\CRYPTBASE.dll
0x00007ffa5e060000 - 0x00007ffa5e086000 	C:\WINDOWS\SYSTEM32\bcrypt.dll
0x00007ffa4e570000 - 0x00007ffa52bb4000 	C:\WINDOWS\System32\DriverStore\FileRepository\iigd_dch.inf_amd64_86def921271c86b5\igc64.dll
0x00007ffa2ae00000 - 0x00007ffa2af4e000 	C:\Windows\System32\Windows.UI.Immersive.dll
0x00007ffa4a600000 - 0x00007ffa4a619000 	C:\WINDOWS\System32\npmproxy.dll
0x00007ffa4c790000 - 0x00007ffa4c81e000 	C:\WINDOWS\SYSTEM32\wlanapi.dll
0x00007ffa4cd30000 - 0x00007ffa4cd52000 	C:\WINDOWS\SYSTEM32\MobileNetworking.dll
0x00007ffa5ca10000 - 0x00007ffa5ca44000 	C:\Windows\System32\IPHLPAPI.DLL
0x00007ffa60a10000 - 0x00007ffa60a1a000 	C:\WINDOWS\System32\NSI.dll
0x00007ffa40560000 - 0x00007ffa40573000 	C:\Windows\System32\dusmapi.dll
0x00007ffa22f00000 - 0x00007ffa22f15000 	C:\javafx-sdk-25.0.1\bin\javafx_font.dll
0x00007ffa59aa0000 - 0x00007ffa59d07000 	C:\WINDOWS\SYSTEM32\dwrite.dll
0x00007ffa593d0000 - 0x00007ffa59600000 	C:\WINDOWS\SYSTEM32\WindowsCodecs.dll

JVMTI agents:
C:\Program Files\JetBrains\IntelliJ IDEA 2025.2.4\lib\idea_rt.jar path:C:\Users\duytr\.jdks\openjdk-25.0.1\bin\instrument.dll, loaded, initialized, instrumentlib options:58170

dbghelp: loaded successfully - version: 4.0.5 - missing functions: none
symbol engine: initialized successfully - sym options: 0x614 - pdb path: .;C:\Users\duytr\.jdks\openjdk-25.0.1\bin;C:\WINDOWS\SYSTEM32;C:\WINDOWS\WinSxS\amd64_microsoft.windows.common-controls_6595b64144ccf1df_6.0.26100.6899_none_3e0efeeae32e88c1;C:\Users\duytr\.jdks\openjdk-25.0.1\bin\server;C:\javafx-sdk-25.0.1\bin;C:\WINDOWS\System32\DriverStore\FileRepository\iigd_dch.inf_amd64_86def921271c86b5;C:\Program Files\Common Files\Microsoft Shared\Ink

VM Arguments:
jvm_args: --module-path=C:\javafx-sdk-25.0.1\lib --add-modules=javafx.controls,javafx.fxml -javaagent:C:\Program Files\JetBrains\IntelliJ IDEA 2025.2.4\lib\idea_rt.jar=58170 -Dfile.encoding=UTF-8 -Dsun.stdout.encoding=UTF-8 -Dsun.stderr.encoding=UTF-8 
java_command: Main
java_class_path (initial): C:\Users\duytr\IdeaProjects\untitled1\out\production\untitled1;C:\javafx-sdk-25.0.1\lib\javafx-swt.jar;C:\javafx-sdk-25.0.1\lib\javafx.web.jar;C:\javafx-sdk-25.0.1\lib\javafx.base.jar;C:\javafx-sdk-25.0.1\lib\javafx.fxml.jar;C:\javafx-sdk-25.0.1\lib\javafx.media.jar;C:\javafx-sdk-25.0.1\lib\javafx.swing.jar;C:\javafx-sdk-25.0.1\lib\jdk.jsobject.jar;C:\javafx-sdk-25.0.1\lib\javafx.controls.jar;C:\javafx-sdk-25.0.1\lib\javafx.graphics.jar;C:\javafx-sdk-25.0.1\lib\jfx.incubator.input.jar;C:\javafx-sdk-25.0.1\lib\jfx.incubator.richtext.jar
Launcher Type: SUN_STANDARD

[Global flags]
     intx CICompilerCount                          = 3                                         {product} {ergonomic}
     uint ConcGCThreads                            = 1                                         {product} {ergonomic}
     uint G1ConcRefinementThreads                  = 4                                         {product} {ergonomic}
   size_t G1HeapRegionSize                         = 1048576                                   {product} {ergonomic}
   size_t InitialHeapSize                          = 127926272                                 {product} {ergonomic}
   size_t MarkStackSize                            = 4194304                                   {product} {ergonomic}
   size_t MarkStackSizeMax                         = 536870912                                 {product} {ergonomic}
   size_t MaxHeapSize                              = 2030043136                                {product} {ergonomic}
   size_t MaxNewSize                               = 1217396736                                {product} {ergonomic}
   size_t MinHeapDeltaBytes                        = 1048576                                   {product} {ergonomic}
   size_t MinHeapSize                              = 8388608                                   {product} {ergonomic}
    uintx NonNMethodCodeHeapSize                   = 5832704                                {pd product} {ergonomic}
    uintx NonProfiledCodeHeapSize                  = 122945536                              {pd product} {ergonomic}
    uintx ProfiledCodeHeapSize                     = 122880000                              {pd product} {ergonomic}
    uintx ReservedCodeCacheSize                    = 251658240                              {pd product} {ergonomic}
     bool SegmentedCodeCache                       = true                                      {product} {ergonomic}
   size_t SoftMaxHeapSize                          = 2030043136                             {manageable} {ergonomic}
     bool UseCompressedOops                        = true                           {product lp64_product} {ergonomic}
     bool UseG1GC                                  = true                                      {product} {ergonomic}
     bool UseLargePagesIndividualAllocation        = false                                  {pd product} {ergonomic}

Logging:
Log output configuration:
 #0: stdout all=off uptime,level,tags foldmultilines=false
 #1: stderr all=off uptime,level,tags foldmultilines=false

Release file:
IMPLEMENTOR="Oracle Corporation" 
JAVA_RUNTIME_VERSION="25.0.1+8-27" 
JAVA_VERSION="25.0.1" 
JAVA_VERSION_DATE="2025-10-21" 
LIBC="default" 
MODULES="java.base java.compiler java.datatransfer java.xml java.prefs java.desktop java.instrument java.logging java.management java.security.sasl java.naming java.rmi java.management.rmi java.net.http java.scripting java.security.jgss java.transaction.xa java.sql java.sql.rowset java.xml.crypto java.se java.smartcardio jdk.accessibility jdk.internal.jvmstat jdk.attach jdk.charsets jdk.internal.opt jdk.zipfs jdk.compiler jdk.crypto.cryptoki jdk.crypto.ec jdk.crypto.mscapi jdk.dynalink jdk.internal.ed jdk.editpad jdk.internal.vm.ci jdk.graal.compiler jdk.graal.compiler.management jdk.hotspot.agent jdk.httpserver jdk.incubator.vector jdk.internal.le jdk.internal.md jdk.jartool jdk.javadoc jdk.jcmd jdk.management jdk.management.agent jdk.jconsole jdk.jdeps jdk.jdwp.agent jdk.jdi jdk.jfr jdk.jlink jdk.jpackage jdk.jshell jdk.jsobject jdk.jstatd jdk.localedata jdk.management.jfr jdk.naming.dns jdk.naming.rmi jdk.net jdk.nio.mapmode jdk.sctp jdk.security.auth jdk.security.jgss jdk.unsupported jdk.unsupported.desktop jdk.xml.dom" 
OS_ARCH="x86_64" 
OS_NAME="Windows" 
SOURCE=".:git:78770bfaefd2" 

Environment Variables:
PATH=C:\Program Files (x86)\Common Files\Oracle\Java\java8path;C:\Program Files (x86)\Common Files\Oracle\Java\javapath;C:\WINDOWS\system32;C:\WINDOWS;C:\WINDOWS\System32\Wbem;C:\WINDOWS\System32\WindowsPowerShell\v1.0\;C:\WINDOWS\System32\OpenSSH\;C:\Users\duytr\AppData\Local\Programs\Python\Launcher\;C:\Users\duytr\AppData\Local\Microsoft\WindowsApps;C:\Users\duytr\AppData\Local\Programs\Microsoft VS Code\bin;
USERNAME=Thanh Nguyen
OS=Windows_NT
PROCESSOR_IDENTIFIER=Intel64 Family 6 Model 140 Stepping 1, GenuineIntel
TMP=C:\Users\duytr\AppData\Local\Temp
TEMP=C:\Users\duytr\AppData\Local\Temp




Compilation memory statistics disabled.

Periodic native trim disabled

---------------  S Y S T E M  ---------------

OS:
 Windows 11 , 64 bit Build 26100 (10.0.26100.6725)
OS uptime: 5 days 20:37 hours

CPU: total 4 (initial active 4) (2 cores per cpu, 2 threads per core) family 6 model 140 stepping 1 microcode 0xa4, cx8, cmov, fxsr, ht, mmx, 3dnowpref, sse, sse2, sse3, ssse3, sse4.1, sse4.2, popcnt, lzcnt, tsc, tscinvbit, avx, avx2, aes, erms, clmul, bmi1, bmi2, adx, avx512f, avx512dq, avx512cd, avx512bw, avx512vl, sha, fma, vzeroupper, avx512_vpopcntdq, avx512_vpclmulqdq, avx512_vaes, avx512_vnni, clflush, clflushopt, clwb, avx512_vbmi2, avx512_vbmi, rdtscp, rdpid, fsrm, gfni, avx512_bitalg, f16c, pku, cet_ibt, cet_ss, avx512_ifma
Processor Information for the first 4 processors :
  Max Mhz: 2995, Current Mhz: 2995, Mhz Limit: 2995

Memory: 4k page, system-wide physical 7739M (1373M free)
TotalPageFile size 19505M (AvailPageFile size 3342M)
current process WorkingSet (physical memory assigned to process): 226M, peak: 252M
current process commit charge ("private bytes"): 301M, peak: 336M

vm_info: OpenJDK 64-Bit Server VM (25.0.1+8-27) for windows-amd64 JRE (25.0.1+8-27), built on 2025-09-25T16:41:16Z with unknown MS VC++:1943

END.
