#
# A fatal error has been detected by the Java Runtime Environment:
#
#  EXCEPTION_ACCESS_VIOLATION (0xc0000005) at pc=0x00007ffa1da3a5d7, pid=26900, tid=17576
#
# JRE version: OpenJDK Runtime Environment (25.0.1+8) (build 25.0.1+8-27)
# Java VM: OpenJDK 64-Bit Server VM (25.0.1+8-27, mixed mode, sharing, tiered, compressed oops, compressed class ptrs, g1 gc, windows-amd64)
# Problematic frame:
# C  [glass.dll+0x2a5d7]
#
# No core dump will be written. Minidumps are not enabled by default on client versions of Windows
#
# If you would like to submit a bug report, please visit:
#   https://bugreport.java.com/bugreport/crash.jsp
#

---------------  S U M M A R Y ------------

Command Line: --module-path=C:\javafx-sdk-25.0.1\lib --add-modules=javafx.controls,javafx.fxml -javaagent:C:\Program Files\JetBrains\IntelliJ IDEA 2025.2.4\lib\idea_rt.jar=55351 -Dfile.encoding=UTF-8 -Dsun.stdout.encoding=UTF-8 -Dsun.stderr.encoding=UTF-8 Main

Host: 11th Gen Intel(R) Core(TM) i3-1115G4 @ 3.00GHz, 4 cores, 7G,  Windows 11 , 64 bit Build 26100 (10.0.26100.6725)
Time: Wed Dec 24 19:15:17 2025 SE Asia Standard Time elapsed time: 198.517522 seconds (0d 0h 3m 18s)

---------------  T H R E A D  ---------------

Current thread (0x000002b512beeb10):  VMThread "VM Thread"          [id=17576, stack(0x000000f539600000,0x000000f539700000) (1024K)]

Stack: [0x000000f539600000,0x000000f539700000],  sp=0x000000f5396feeb0,  free space=1019k
Native frames: (J=compiled Java code, j=interpreted, Vv=VM code, C=native code)
C  [glass.dll+0x2a5d7]  (no source info available)
C  [ucrtbase.dll+0x4bc75]  (no source info available)
C  [ucrtbase.dll+0x4b897]  (no source info available)
C  [ucrtbase.dll+0x4b84d]  (no source info available)
C  [glass.dll+0x27b65]  (no source info available)
C  [glass.dll+0x27c81]  (no source info available)
C  [ntdll.dll+0x15f89e]  (no source info available)
C  [ntdll.dll+0xbcae]  (no source info available)
C  [ntdll.dll+0x8d4af]  (no source info available)
C  [ntdll.dll+0x8c67e]  (no source info available)
C  [KERNEL32.DLL+0x418ab]  (no source info available)
C  [ucrtbase.dll+0xa0093]  (no source info available)
V  [jvm.dll+0x79eb3a]  (no source info available)
V  [jvm.dll+0x79f001]  (no source info available)
V  [jvm.dll+0x79eb20]  (no source info available)
V  [jvm.dll+0x47a184]  (no source info available)
V  [jvm.dll+0x96f091]  (no source info available)
V  [jvm.dll+0x9703ad]  (no source info available)
V  [jvm.dll+0x970929]  (no source info available)
V  [jvm.dll+0x970bd3]  (no source info available)
V  [jvm.dll+0x906a0d]  (no source info available)
V  [jvm.dll+0x7a5135]  (no source info available)
C  [ucrtbase.dll+0x37b0]  (no source info available)
C  [KERNEL32.DLL+0x2e8d7]  (no source info available)
C  [ntdll.dll+0x8c53c]  (no source info available)


siginfo: EXCEPTION_ACCESS_VIOLATION (0xc0000005), reading address 0x0000000000000000


Registers:
RAX=0x0000000000000000, RBX=0x000002b52eeffcc2, RCX=0x000002b512beeb10, RDX=0x000000f5396feeb0
RSP=0x000000f5396feeb0, RBP=0x00009ad77014ac06, RSI=0x000002b5344aa940, RDI=0x000002b5344aa920
R8 =0x0000000000010002, R9 =0x00007ff9a3b570f0, R10=0x000002b510800000, R11=0x000000f5396fef98
R12=0x0000000000000001, R13=0x00007ffa1da37cc8, R14=0x000000f5396fefb8, R15=0x000002b5344aa920
RIP=0x00007ffa1da3a5d7, EFLAGS=0x0000000000010202

XMM[0]=0x0000000000000000 0x0000000000000000
XMM[1]=0x0000000000000000 0x000000f5396fdb10
XMM[2]=0x0000000000000000 0x0000000000000000
XMM[3]=0x0000000000000000 0x0000000000000000
XMM[4]=0x0000000000000000 0x0000000000000000
XMM[5]=0x0000000000000000 0x0000000000000000
XMM[6]=0x0000000000000000 0x0000000000000000
XMM[7]=0x0000000000000000 0x0000000000000000
XMM[8]=0x0000000000000000 0x404e000000000000
XMM[9]=0x0000000000000000 0x0000000000000000
XMM[10]=0x0000000000000000 0x0000000000000000
XMM[11]=0x0000000000000000 0x0000000000000000
XMM[12]=0x0000000000000000 0x0000000000000000
XMM[13]=0x0000000000000000 0x0000000000000000
XMM[14]=0x0000000000000000 0x0000000000000000
XMM[15]=0x0000000000000000 0x0000000000000000
  MXCSR=0x00001fa0


Register to memory mapping:

RAX=0x0 is null
RBX=0x000002b52eeffcc2 is a global jni handle
RCX=0x000002b512beeb10 points into unknown readable memory: 0x00007ff9a41fe360 | 60 e3 1f a4 f9 7f 00 00
RDX=0x000000f5396feeb0 points into unknown readable memory: 0x0000000000000000 | 00 00 00 00 00 00 00 00
RSP=0x000000f5396feeb0 points into unknown readable memory: 0x0000000000000000 | 00 00 00 00 00 00 00 00
RBP=0x00009ad77014ac06 is an unknown value
RSI=0x000002b5344aa940 points into unknown readable memory: 0x00009ad77014ac06 | 06 ac 14 70 d7 9a 00 00
RDI=0x000002b5344aa920 points into unknown readable memory: 0x00009ad77014ac06 | 06 ac 14 70 d7 9a 00 00
R8 =0x0000000000010002 is an unknown value
R9 =0x00007ff9a3b570f0 jvm.dll
R10=0x000002b510800000 points into unknown readable memory: 0x0000000000000000 | 00 00 00 00 00 00 00 00
R11=0x000000f5396fef98 points into unknown readable memory: 0x00007ffa1da37b65 | 65 7b a3 1d fa 7f 00 00
R12=0x0000000000000001 is an unknown value
R13=0x00007ffa1da37cc8 glass.dll
R14=0x000000f5396fefb8 points into unknown readable memory: 0x000000f5396fefa0 | a0 ef 6f 39 f5 00 00 00
R15=0x000002b5344aa920 points into unknown readable memory: 0x00009ad77014ac06 | 06 ac 14 70 d7 9a 00 00

Top of Stack: (sp=0x000000f5396feeb0)
0x000000f5396feeb0:   0000000000000000 000002b500000000   ................
0x000000f5396feec0:   000002b533ad96f0 0000000000000001   ...3............
0x000000f5396feed0:   000002b5344aa920 00007ffa5ecabc75    .J4....u..^....
0x000000f5396feee0:   000002b5344aa920 000002b500000000    .J4............
0x000000f5396feef0:   000002b5344aa938 00009ad77014ac06   8.J4.......p....
0x000000f5396fef00:   fffffffffffffffe 000000f5396fef88   ..........o9....
0x000000f5396fef10:   00007ffa1da10000 00007ffa1da10000   ................
0x000000f5396fef20:   000000f5396fefa8 00007ffa5ecab897   ..o9.......^....
0x000000f5396fef30:   000000f5396fef00 000000f5396fefb8   ..o9......o9....
0x000000f5396fef40:   000000f5396ff2a0 00007ffa5ed988c0   ..o9.......^....
0x000000f5396fef50:   0000000000000001 00007ffa5ecab84d   ........M..^....
0x000000f5396fef60:   0000000000000000 0000000000000001   ................
0x000000f5396fef70:   00007ffa3139dfc0 000000f5396fefa8   ..91......o9....
0x000000f5396fef80:   fffffffffffffffe 000000f5396fef70   ........p.o9....
0x000000f5396fef90:   0000000000000000 00007ffa1da37b65   ........e{......
0x000000f5396fefa0:   00007ffa1da50e90 0000000000000002   ................
0x000000f5396fefb0:   00007ffa00000002 000000f5396fefa0   ..........o9....
0x000000f5396fefc0:   0000000000000000 00007ffa5d765e37   ........7^v]....
0x000000f5396fefd0:   0000000000000000 00007ffa1da37c81   .........|......
0x000000f5396fefe0:   0000000000000001 000000007ffe0385   ................
0x000000f5396feff0:   0000000000000001 00007ffa60fea6af   ...........`....
0x000000f5396ff000:   00007ffa5d760000 000000f5396ff2a0   ..v]......o9....
0x000000f5396ff010:   0000000000000001 0000000000000000   ................
0x000000f5396ff020:   0000000000000000 000000007ffe0384   ................
0x000000f5396ff030:   000002b5334c57f0 00007ffa6113f89e   .WL3.......a....
0x000000f5396ff040:   00007ffa1da10000 000002b500000000   ................
0x000000f5396ff050:   0000000000000001 000000007ffe0385   ................
0x000000f5396ff060:   00007ffa1da3b588 00007ffa60febcae   ...........`....
0x000000f5396ff070:   0000000000000000 0000000000000000   ................
0x000000f5396ff080:   0000000000000000 0000000000000000   ................
0x000000f5396ff090:   0000000000000000 0000000000000000   ................
0x000000f5396ff0a0:   0000000000000000 0000000000000000   ................

Instructions: (pc=0x00007ffa1da3a5d7)
  0x00007ffa1da3a4d7:   8b 4d 58 e8 cd ce ff ff 48 8b 4d 60 e8 c4 ce ff
  0x00007ffa1da3a4e7:   ff 48 8b 95 80 00 00 00 48 8b 8d 18 01 00 00 e8
  0x00007ffa1da3a4f7:   76 c4 ff ff 33 d2 33 c9 e8 7c e0 ff ff 90 48 89
  0x00007ffa1da3a507:   54 24 10 55 48 83 ec 20 48 8b ea 48 b8 00 00 00
  0x00007ffa1da3a517:   00 00 00 00 00 48 83 c4 20 5d c3 cc 40 55 48 8b
  0x00007ffa1da3a527:   ea 48 8b 01 33 c9 81 38 05 00 00 c0 0f 94 c1 8b
  0x00007ffa1da3a537:   c1 5d c3 cc 40 55 48 83 ec 20 48 8b ea 8a 4d 40
  0x00007ffa1da3a547:   48 83 c4 20 5d e9 a3 d2 ff ff cc 40 55 48 83 ec
  0x00007ffa1da3a557:   20 48 8b ea 8a 4d 20 e8 91 d2 ff ff 90 48 83 c4
  0x00007ffa1da3a567:   20 5d c3 cc 40 55 48 83 ec 20 48 8b ea 48 83 c4
  0x00007ffa1da3a577:   20 5d e9 02 d1 ff ff cc 40 55 48 83 ec 30 48 8b
  0x00007ffa1da3a587:   ea 48 8b 01 8b 10 48 89 4c 24 28 89 54 24 20 4c
  0x00007ffa1da3a597:   8d 0d 1b d4 ff ff 4c 8b 45 70 8b 55 68 48 8b 4d
  0x00007ffa1da3a5a7:   60 e8 43 d0 ff ff 90 48 83 c4 30 5d c3 cc cc cc
  0x00007ffa1da3a5b7:   cc cc cc cc cc cc cc cc cc 40 53 48 83 ec 20 48
  0x00007ffa1da3a5c7:   8b 1d 6b 63 01 00 48 85 db 74 19 e8 a9 89 ff ff
=>0x00007ffa1da3a5d7:   48 8b 08 4c 8b 81 b0 00 00 00 48 8b d3 48 8b c8
  0x00007ffa1da3a5e7:   41 ff d0 90 48 83 c4 20 5b c3 cc cc cc cc cc cc
  0x00007ffa1da3a5f7:   cc cc cc cc cc cc cc cc cc 40 53 48 83 ec 20 48
  0x00007ffa1da3a607:   8b 1d 9b 64 01 00 48 85 db 74 57 b8 ff ff ff ff
  0x00007ffa1da3a617:   f0 0f c1 43 10 83 f8 01 75 3d 48 85 db 74 38 48
  0x00007ffa1da3a627:   8b 0b 48 85 c9 74 0d ff 15 64 0c 00 00 48 c7 03
  0x00007ffa1da3a637:   00 00 00 00 48 8b 4b 08 48 85 c9 74 0d e8 63 cd
  0x00007ffa1da3a647:   ff ff 48 c7 43 08 00 00 00 00 ba 18 00 00 00 48
  0x00007ffa1da3a657:   8b cb e8 4e cd ff ff 48 c7 05 3f 64 01 00 00 00
  0x00007ffa1da3a667:   00 00 48 83 c4 20 5b c3 cc 40 53 48 83 ec 20 48
  0x00007ffa1da3a677:   8b 1d 0b 64 01 00 48 85 db 74 57 b8 ff ff ff ff
  0x00007ffa1da3a687:   f0 0f c1 43 10 83 f8 01 75 3d 48 85 db 74 38 48
  0x00007ffa1da3a697:   8b 0b 48 85 c9 74 0d ff 15 f4 0b 00 00 48 c7 03
  0x00007ffa1da3a6a7:   00 00 00 00 48 8b 4b 08 48 85 c9 74 0d e8 f3 cc
  0x00007ffa1da3a6b7:   ff ff 48 c7 43 08 00 00 00 00 ba 18 00 00 00 48
  0x00007ffa1da3a6c7:   8b cb e8 de cc ff ff 48 c7 05 af 63 01 00 00 00


Stack slot to memory mapping:

stack at sp + 0 slots: 0x0 is null
stack at sp + 1 slots: 0x000002b500000000 is an unknown value
stack at sp + 2 slots: 0x000002b533ad96f0 points into unknown readable memory: 0x000002b533ada170 | 70 a1 ad 33 b5 02 00 00
stack at sp + 3 slots: 0x0000000000000001 is an unknown value
stack at sp + 4 slots: 0x000002b5344aa920 points into unknown readable memory: 0x00009ad77014ac06 | 06 ac 14 70 d7 9a 00 00
stack at sp + 5 slots: 0x00007ffa5ecabc75 ucrtbase.dll
stack at sp + 6 slots: 0x000002b5344aa920 points into unknown readable memory: 0x00009ad77014ac06 | 06 ac 14 70 d7 9a 00 00
stack at sp + 7 slots: 0x000002b500000000 is an unknown value

VM_Operation (0x000000f538cff280): Exit, mode: safepoint, requested by thread 0x000002b533da6960


---------------  P R O C E S S  ---------------

Threads class SMR info:
_java_thread_list=0x000002b5333aa9e0, length=21, elements={
0x000002b512b2e840, 0x000002b52ef01e40, 0x000002b52ef04cb0, 0x000002b52ef0afd0,
0x000002b52ef10c80, 0x000002b52ef11840, 0x000002b52ef15ac0, 0x000002b52ef26280,
0x000002b5330672c0, 0x000002b533c13c70, 0x000002b5339d5f40, 0x000002b5334c7150,
0x000002b533a9f710, 0x000002b5339b2e60, 0x000002b5338d06b0, 0x000002b533e0f990,
0x000002b533ebb3e0, 0x000002b533da3a80, 0x000002b533da2ae0, 0x000002b533da6960,
0x000002b5332408f0
}

Java Threads: ( => current thread )
  0x000002b512b2e840 JavaThread "main"                              [_thread_blocked, id=23716, stack(0x000000f538f00000,0x000000f539000000) (1024K)]
  0x000002b52ef01e40 JavaThread "Reference Handler"          daemon [_thread_blocked, id=19820, stack(0x000000f539700000,0x000000f539800000) (1024K)]
  0x000002b52ef04cb0 JavaThread "Finalizer"                  daemon [_thread_blocked, id=25308, stack(0x000000f539800000,0x000000f539900000) (1024K)]
  0x000002b52ef0afd0 JavaThread "Attach Listener"            daemon [_thread_blocked, id=24120, stack(0x000000f539a00000,0x000000f539b00000) (1024K)]
  0x000002b52ef10c80 JavaThread "Service Thread"             daemon [_thread_blocked, id=15568, stack(0x000000f539b00000,0x000000f539c00000) (1024K)]
  0x000002b52ef11840 JavaThread "Monitor Deflation Thread"   daemon [_thread_blocked, id=7304, stack(0x000000f539c00000,0x000000f539d00000) (1024K)]
  0x000002b52ef15ac0 JavaThread "C2 CompilerThread0"         daemon [_thread_blocked, id=16008, stack(0x000000f539d00000,0x000000f539e00000) (1024K)]
  0x000002b52ef26280 JavaThread "C1 CompilerThread0"         daemon [_thread_blocked, id=26876, stack(0x000000f539e00000,0x000000f539f00000) (1024K)]
  0x000002b5330672c0 JavaThread "Common-Cleaner"             daemon [_thread_blocked, id=18256, stack(0x000000f539f00000,0x000000f53a000000) (1024K)]
  0x000002b533c13c70 JavaThread "Monitor Ctrl-Break"         daemon [_thread_in_native, id=27904, stack(0x000000f53a100000,0x000000f53a200000) (1024K)]
  0x000002b5339d5f40 JavaThread "Notification Thread"        daemon [_thread_blocked, id=4432, stack(0x000000f53a200000,0x000000f53a300000) (1024K)]
  0x000002b5334c7150 JavaThread "QuantumRenderer-0"          daemon [_thread_blocked, id=9104, stack(0x000000f53a300000,0x000000f53a400000) (1024K)]
  0x000002b533a9f710 JavaThread "InvokeLaterDispatcher"      daemon [_thread_blocked, id=12360, stack(0x000000f53a000000,0x000000f53a100000) (1024K)]
  0x000002b5339b2e60 JavaThread "JavaFX Application Thread"         [_thread_in_native, id=28652, stack(0x000000f53a400000,0x000000f53a500000) (1024K)]
  0x000002b5338d06b0 JavaThread "JavaFX-Launcher"                   [_thread_blocked, id=24996, stack(0x000000f53ae00000,0x000000f53af00000) (1024K)]
  0x000002b533e0f990 JavaThread "Thread-2"                   daemon [_thread_in_native, id=26196, stack(0x000000f53ad00000,0x000000f53ae00000) (1024K)]
  0x000002b533ebb3e0 JavaThread "Timer-0"                    daemon [_thread_blocked, id=25916, stack(0x000000f53af00000,0x000000f53b000000) (1024K)]
  0x000002b533da3a80 JavaThread "Prism Font Disposer"        daemon [_thread_blocked, id=440, stack(0x000000f53b400000,0x000000f53b500000) (1024K)]
  0x000002b533da2ae0 JavaThread "Cleaner-0"                  daemon [_thread_blocked, id=24444, stack(0x000000f53b300000,0x000000f53b400000) (1024K)]
  0x000002b533da6960 JavaThread "SIGINT handler"             daemon [_thread_blocked, id=4840, stack(0x000000f538c00000,0x000000f538d00000) (1024K)]
  0x000002b5332408f0 JavaThread "Thread-4"                   daemon [_thread_blocked, id=27708, stack(0x000000f538e00000,0x000000f538f00000) (1024K)]
Total: 21

Other Threads:
=>0x000002b512beeb10 VMThread "VM Thread"                           [id=17576, stack(0x000000f539600000,0x000000f539700000) (1024K)]
  0x000002b512b86cb0 WorkerThread "GC Thread#0"                     [id=11176, stack(0x000000f539000000,0x000000f539100000) (1024K)]
  0x000002b533ccb2c0 WorkerThread "GC Thread#1"                     [id=19500, stack(0x000000f53b000000,0x000000f53b100000) (1024K)]
  0x000002b533ccb6f0 WorkerThread "GC Thread#2"                     [id=4552, stack(0x000000f53b100000,0x000000f53b200000) (1024K)]
  0x000002b533c7c6f0 WorkerThread "GC Thread#3"                     [id=25956, stack(0x000000f53b200000,0x000000f53b300000) (1024K)]
  0x000002b5107bdc60 ConcurrentGCThread "G1 Main Marker"            terminated
  0x000002b512b9daf0 WorkerThread "G1 Conc#0"                       [id=18832, stack(0x000000f539200000,0x000000f539300000) (1024K)]
  0x000002b512bd2320 ConcurrentGCThread "G1 Refine#0"               terminated
  0x000002b512bd2d30 ConcurrentGCThread "G1 Service"                terminated
Total: 9

Threads with active compile tasks:
Total: 0

VM state: at safepoint (shutting down)

VM Mutex/Monitor currently owned by a thread:  ([mutex/lock_event])
[0x00007ff9a43e91e8] ThreadsLockThrottle_lock - owner thread: 0x000002b5332408f0
[0x00007ff9a43e94e8] Threads_lock - owner thread: 0x000002b512beeb10
[0x00007ff9a43e9668] Heap_lock - owner thread: 0x000002b533da6960

Heap address: 0x0000000087000000, size: 1936 MB, Compressed Oops mode: 32-bit

CDS archive(s) mapped at: [0x0000000012000000-0x0000000012dd0000-0x0000000012dd0000), size 14483456, SharedBaseAddress: 0x0000000012000000, ArchiveRelocationMode: 1.
Compressed class space mapped at: 0x0000000013000000-0x0000000053000000, reserved size: 1073741824
UseCompressedClassPointers 1, UseCompactObjectHeaders 0
Narrow klass pointer bits 32, Max shift 3
Narrow klass base: 0x0000000012000000, Narrow klass shift: 0
Encoding Range: [0x0000000012000000 - 0x0000000112000000), (4294967296 bytes)
Klass Range:    [0x0000000012010000 - 0x0000000053000000), (1090453504 bytes)
Klass ID Range:  [65536 - 1090519033) (1090453497)
Protection zone: [0x0000000012000000 - 0x0000000012010000), (65536 bytes)

GC Precious Log:
 CardTable entry size: 512
 Card Set container configuration: InlinePtr #cards 5 size 8 Array Of Cards #cards 10 size 36 Howl #buckets 4 coarsen threshold 1843 Howl Bitmap #cards 512 size 80 coarsen threshold 460 Card regions per heap region 1 cards per card region 2048
 CPUs: 4 total, 4 available
 Memory: 7739M
 Large Page Support: Disabled
 NUMA Support: Disabled
 Compressed Oops: Enabled (32-bit)
 Heap Region Size: 1M
 Heap Min Capacity: 8M
 Heap Initial Capacity: 122M
 Heap Max Capacity: 1936M
 Pre-touch: Disabled
 Parallel Workers: 4
 Concurrent Workers: 1
 Concurrent Refinement Workers: 4
 Periodic GC: Disabled

Heap:
 garbage-first heap   total reserved 1982464K, committed 126976K, used 52706K [0x0000000087000000, 0x0000000100000000)
  region size 1024K, 48 young (49152K), 7 survivors (7168K)

Heap Regions: E=young(eden), S=young(survivor), O=old, HS=humongous(starts), HC=humongous(continues), CS=collection set, F=free, TAMS=top-at-mark-start, PB=parsable bottom
|   0|0x0000000087000000, 0x0000000087053a60, 0x0000000087100000| 32%| O|  |TAMS 0x0000000087000000| PB 0x0000000087000000| Untracked |  0
|   1|0x0000000087100000, 0x0000000087200000, 0x0000000087200000|100%|HS|  |TAMS 0x0000000087100000| PB 0x0000000087100000| Complete |  0
|   2|0x0000000087200000, 0x0000000087300000, 0x0000000087300000|100%|HC|  |TAMS 0x0000000087200000| PB 0x0000000087200000| Complete |  0
|   3|0x0000000087300000, 0x0000000087400000, 0x0000000087400000|100%|HS|  |TAMS 0x0000000087300000| PB 0x0000000087300000| Complete |  0
|   4|0x0000000087400000, 0x0000000087500000, 0x0000000087500000|100%|HC|  |TAMS 0x0000000087400000| PB 0x0000000087400000| Complete |  0
|   5|0x0000000087500000, 0x0000000087500000, 0x0000000087600000|  0%| F|  |TAMS 0x0000000087500000| PB 0x0000000087500000| Untracked |  0
|   6|0x0000000087600000, 0x0000000087600000, 0x0000000087700000|  0%| F|  |TAMS 0x0000000087600000| PB 0x0000000087600000| Untracked |  0
|   7|0x0000000087700000, 0x0000000087700000, 0x0000000087800000|  0%| F|  |TAMS 0x0000000087700000| PB 0x0000000087700000| Untracked |  0
|   8|0x0000000087800000, 0x0000000087800000, 0x0000000087900000|  0%| F|  |TAMS 0x0000000087800000| PB 0x0000000087800000| Untracked |  0
|   9|0x0000000087900000, 0x0000000087900000, 0x0000000087a00000|  0%| F|  |TAMS 0x0000000087900000| PB 0x0000000087900000| Untracked |  0
|  10|0x0000000087a00000, 0x0000000087a00000, 0x0000000087b00000|  0%| F|  |TAMS 0x0000000087a00000| PB 0x0000000087a00000| Untracked |  0
|  11|0x0000000087b00000, 0x0000000087b00000, 0x0000000087c00000|  0%| F|  |TAMS 0x0000000087b00000| PB 0x0000000087b00000| Untracked |  0
|  12|0x0000000087c00000, 0x0000000087c00000, 0x0000000087d00000|  0%| F|  |TAMS 0x0000000087c00000| PB 0x0000000087c00000| Untracked |  0
|  13|0x0000000087d00000, 0x0000000087d00000, 0x0000000087e00000|  0%| F|  |TAMS 0x0000000087d00000| PB 0x0000000087d00000| Untracked |  0
|  14|0x0000000087e00000, 0x0000000087e00000, 0x0000000087f00000|  0%| F|  |TAMS 0x0000000087e00000| PB 0x0000000087e00000| Untracked |  0
|  15|0x0000000087f00000, 0x0000000087f00000, 0x0000000088000000|  0%| F|  |TAMS 0x0000000087f00000| PB 0x0000000087f00000| Untracked |  0
|  16|0x0000000088000000, 0x0000000088000000, 0x0000000088100000|  0%| F|  |TAMS 0x0000000088000000| PB 0x0000000088000000| Untracked |  0
|  17|0x0000000088100000, 0x0000000088100000, 0x0000000088200000|  0%| F|  |TAMS 0x0000000088100000| PB 0x0000000088100000| Untracked |  0
|  18|0x0000000088200000, 0x0000000088200000, 0x0000000088300000|  0%| F|  |TAMS 0x0000000088200000| PB 0x0000000088200000| Untracked |  0
|  19|0x0000000088300000, 0x0000000088300000, 0x0000000088400000|  0%| F|  |TAMS 0x0000000088300000| PB 0x0000000088300000| Untracked |  0
|  20|0x0000000088400000, 0x0000000088400000, 0x0000000088500000|  0%| F|  |TAMS 0x0000000088400000| PB 0x0000000088400000| Untracked |  0
|  21|0x0000000088500000, 0x0000000088500000, 0x0000000088600000|  0%| F|  |TAMS 0x0000000088500000| PB 0x0000000088500000| Untracked |  0
|  22|0x0000000088600000, 0x0000000088600000, 0x0000000088700000|  0%| F|  |TAMS 0x0000000088600000| PB 0x0000000088600000| Untracked |  0
|  23|0x0000000088700000, 0x0000000088700000, 0x0000000088800000|  0%| F|  |TAMS 0x0000000088700000| PB 0x0000000088700000| Untracked |  0
|  24|0x0000000088800000, 0x0000000088800000, 0x0000000088900000|  0%| F|  |TAMS 0x0000000088800000| PB 0x0000000088800000| Untracked |  0
|  25|0x0000000088900000, 0x0000000088900000, 0x0000000088a00000|  0%| F|  |TAMS 0x0000000088900000| PB 0x0000000088900000| Untracked |  0
|  26|0x0000000088a00000, 0x0000000088a00000, 0x0000000088b00000|  0%| F|  |TAMS 0x0000000088a00000| PB 0x0000000088a00000| Untracked |  0
|  27|0x0000000088b00000, 0x0000000088b00000, 0x0000000088c00000|  0%| F|  |TAMS 0x0000000088b00000| PB 0x0000000088b00000| Untracked |  0
|  28|0x0000000088c00000, 0x0000000088c00000, 0x0000000088d00000|  0%| F|  |TAMS 0x0000000088c00000| PB 0x0000000088c00000| Untracked |  0
|  29|0x0000000088d00000, 0x0000000088d00000, 0x0000000088e00000|  0%| F|  |TAMS 0x0000000088d00000| PB 0x0000000088d00000| Untracked |  0
|  30|0x0000000088e00000, 0x0000000088e00000, 0x0000000088f00000|  0%| F|  |TAMS 0x0000000088e00000| PB 0x0000000088e00000| Untracked |  0
|  31|0x0000000088f00000, 0x0000000088f00000, 0x0000000089000000|  0%| F|  |TAMS 0x0000000088f00000| PB 0x0000000088f00000| Untracked |  0
|  32|0x0000000089000000, 0x0000000089000000, 0x0000000089100000|  0%| F|  |TAMS 0x0000000089000000| PB 0x0000000089000000| Untracked |  0
|  33|0x0000000089100000, 0x0000000089100000, 0x0000000089200000|  0%| F|  |TAMS 0x0000000089100000| PB 0x0000000089100000| Untracked |  0
|  34|0x0000000089200000, 0x0000000089200000, 0x0000000089300000|  0%| F|  |TAMS 0x0000000089200000| PB 0x0000000089200000| Untracked |  0
|  35|0x0000000089300000, 0x0000000089300000, 0x0000000089400000|  0%| F|  |TAMS 0x0000000089300000| PB 0x0000000089300000| Untracked |  0
|  36|0x0000000089400000, 0x0000000089400000, 0x0000000089500000|  0%| F|  |TAMS 0x0000000089400000| PB 0x0000000089400000| Untracked |  0
|  37|0x0000000089500000, 0x0000000089500000, 0x0000000089600000|  0%| F|  |TAMS 0x0000000089500000| PB 0x0000000089500000| Untracked |  0
|  38|0x0000000089600000, 0x0000000089600000, 0x0000000089700000|  0%| F|  |TAMS 0x0000000089600000| PB 0x0000000089600000| Untracked |  0
|  39|0x0000000089700000, 0x0000000089700000, 0x0000000089800000|  0%| F|  |TAMS 0x0000000089700000| PB 0x0000000089700000| Untracked |  0
|  40|0x0000000089800000, 0x0000000089800000, 0x0000000089900000|  0%| F|  |TAMS 0x0000000089800000| PB 0x0000000089800000| Untracked |  0
|  41|0x0000000089900000, 0x0000000089900000, 0x0000000089a00000|  0%| F|  |TAMS 0x0000000089900000| PB 0x0000000089900000| Untracked |  0
|  42|0x0000000089a00000, 0x0000000089a00000, 0x0000000089b00000|  0%| F|  |TAMS 0x0000000089a00000| PB 0x0000000089a00000| Untracked |  0
|  43|0x0000000089b00000, 0x0000000089b00000, 0x0000000089c00000|  0%| F|  |TAMS 0x0000000089b00000| PB 0x0000000089b00000| Untracked |  0
|  44|0x0000000089c00000, 0x0000000089c00000, 0x0000000089d00000|  0%| F|  |TAMS 0x0000000089c00000| PB 0x0000000089c00000| Untracked |  0
|  45|0x0000000089d00000, 0x0000000089d00000, 0x0000000089e00000|  0%| F|  |TAMS 0x0000000089d00000| PB 0x0000000089d00000| Untracked |  0
|  46|0x0000000089e00000, 0x0000000089e00000, 0x0000000089f00000|  0%| F|  |TAMS 0x0000000089e00000| PB 0x0000000089e00000| Untracked |  0
|  47|0x0000000089f00000, 0x0000000089f00000, 0x000000008a000000|  0%| F|  |TAMS 0x0000000089f00000| PB 0x0000000089f00000| Untracked |  0
|  48|0x000000008a000000, 0x000000008a000000, 0x000000008a100000|  0%| F|  |TAMS 0x000000008a000000| PB 0x000000008a000000| Untracked |  0
|  49|0x000000008a100000, 0x000000008a100000, 0x000000008a200000|  0%| F|  |TAMS 0x000000008a100000| PB 0x000000008a100000| Untracked |  0
|  50|0x000000008a200000, 0x000000008a200000, 0x000000008a300000|  0%| F|  |TAMS 0x000000008a200000| PB 0x000000008a200000| Untracked |  0
|  51|0x000000008a300000, 0x000000008a300000, 0x000000008a400000|  0%| F|  |TAMS 0x000000008a300000| PB 0x000000008a300000| Untracked |  0
|  52|0x000000008a400000, 0x000000008a400000, 0x000000008a500000|  0%| F|  |TAMS 0x000000008a400000| PB 0x000000008a400000| Untracked |  0
|  53|0x000000008a500000, 0x000000008a500000, 0x000000008a600000|  0%| F|  |TAMS 0x000000008a500000| PB 0x000000008a500000| Untracked |  0
|  54|0x000000008a600000, 0x000000008a600000, 0x000000008a700000|  0%| F|  |TAMS 0x000000008a600000| PB 0x000000008a600000| Untracked |  0
|  55|0x000000008a700000, 0x000000008a700000, 0x000000008a800000|  0%| F|  |TAMS 0x000000008a700000| PB 0x000000008a700000| Untracked |  0
|  56|0x000000008a800000, 0x000000008a800000, 0x000000008a900000|  0%| F|  |TAMS 0x000000008a800000| PB 0x000000008a800000| Untracked |  0
|  57|0x000000008a900000, 0x000000008a900000, 0x000000008aa00000|  0%| F|  |TAMS 0x000000008a900000| PB 0x000000008a900000| Untracked |  0
|  58|0x000000008aa00000, 0x000000008aa00000, 0x000000008ab00000|  0%| F|  |TAMS 0x000000008aa00000| PB 0x000000008aa00000| Untracked |  0
|  59|0x000000008ab00000, 0x000000008ab00000, 0x000000008ac00000|  0%| F|  |TAMS 0x000000008ab00000| PB 0x000000008ab00000| Untracked |  0
|  60|0x000000008ac00000, 0x000000008ad00000, 0x000000008ad00000|100%| S|CS|TAMS 0x000000008ac00000| PB 0x000000008ac00000| Complete |  0
|  61|0x000000008ad00000, 0x000000008ae00000, 0x000000008ae00000|100%| S|CS|TAMS 0x000000008ad00000| PB 0x000000008ad00000| Complete |  0
|  62|0x000000008ae00000, 0x000000008af00000, 0x000000008af00000|100%| S|CS|TAMS 0x000000008ae00000| PB 0x000000008ae00000| Complete |  0
|  63|0x000000008af00000, 0x000000008b000000, 0x000000008b000000|100%| S|CS|TAMS 0x000000008af00000| PB 0x000000008af00000| Complete |  0
|  64|0x000000008b000000, 0x000000008b100000, 0x000000008b100000|100%| S|CS|TAMS 0x000000008b000000| PB 0x000000008b000000| Complete |  1
|  65|0x000000008b100000, 0x000000008b200000, 0x000000008b200000|100%| S|CS|TAMS 0x000000008b100000| PB 0x000000008b100000| Complete |  0
|  66|0x000000008b200000, 0x000000008b300000, 0x000000008b300000|100%| S|CS|TAMS 0x000000008b200000| PB 0x000000008b200000| Complete |  0
|  67|0x000000008b300000, 0x000000008b300000, 0x000000008b400000|  0%| F|  |TAMS 0x000000008b300000| PB 0x000000008b300000| Untracked |  0
|  68|0x000000008b400000, 0x000000008b400000, 0x000000008b500000|  0%| F|  |TAMS 0x000000008b400000| PB 0x000000008b400000| Untracked |  0
|  69|0x000000008b500000, 0x000000008b500000, 0x000000008b600000|  0%| F|  |TAMS 0x000000008b500000| PB 0x000000008b500000| Untracked |  0
|  70|0x000000008b600000, 0x000000008b600000, 0x000000008b700000|  0%| F|  |TAMS 0x000000008b600000| PB 0x000000008b600000| Untracked |  0
|  71|0x000000008b700000, 0x000000008b700000, 0x000000008b800000|  0%| F|  |TAMS 0x000000008b700000| PB 0x000000008b700000| Untracked |  0
|  72|0x000000008b800000, 0x000000008b800000, 0x000000008b900000|  0%| F|  |TAMS 0x000000008b800000| PB 0x000000008b800000| Untracked |  0
|  73|0x000000008b900000, 0x000000008b900000, 0x000000008ba00000|  0%| F|  |TAMS 0x000000008b900000| PB 0x000000008b900000| Untracked |  0
|  74|0x000000008ba00000, 0x000000008ba00000, 0x000000008bb00000|  0%| F|  |TAMS 0x000000008ba00000| PB 0x000000008ba00000| Untracked |  0
|  75|0x000000008bb00000, 0x000000008bb00000, 0x000000008bc00000|  0%| F|  |TAMS 0x000000008bb00000| PB 0x000000008bb00000| Untracked |  0
|  76|0x000000008bc00000, 0x000000008bc00000, 0x000000008bd00000|  0%| F|  |TAMS 0x000000008bc00000| PB 0x000000008bc00000| Untracked |  0
|  77|0x000000008bd00000, 0x000000008bd00000, 0x000000008be00000|  0%| F|  |TAMS 0x000000008bd00000| PB 0x000000008bd00000| Untracked |  0
|  78|0x000000008be00000, 0x000000008be00000, 0x000000008bf00000|  0%| F|  |TAMS 0x000000008be00000| PB 0x000000008be00000| Untracked |  0
|  79|0x000000008bf00000, 0x000000008bf00000, 0x000000008c000000|  0%| F|  |TAMS 0x000000008bf00000| PB 0x000000008bf00000| Untracked |  0
|  80|0x000000008c000000, 0x000000008c000000, 0x000000008c100000|  0%| F|  |TAMS 0x000000008c000000| PB 0x000000008c000000| Untracked |  0
|  81|0x000000008c100000, 0x000000008c1a14d8, 0x000000008c200000| 63%| E|  |TAMS 0x000000008c100000| PB 0x000000008c100000| Complete |  0
|  82|0x000000008c200000, 0x000000008c300000, 0x000000008c300000|100%| E|CS|TAMS 0x000000008c200000| PB 0x000000008c200000| Complete |  0
|  83|0x000000008c300000, 0x000000008c400000, 0x000000008c400000|100%| E|CS|TAMS 0x000000008c300000| PB 0x000000008c300000| Complete |  0
|  84|0x000000008c400000, 0x000000008c500000, 0x000000008c500000|100%| E|CS|TAMS 0x000000008c400000| PB 0x000000008c400000| Complete |  0
|  85|0x000000008c500000, 0x000000008c600000, 0x000000008c600000|100%| E|CS|TAMS 0x000000008c500000| PB 0x000000008c500000| Complete |  0
|  86|0x000000008c600000, 0x000000008c700000, 0x000000008c700000|100%| E|CS|TAMS 0x000000008c600000| PB 0x000000008c600000| Complete |  0
|  87|0x000000008c700000, 0x000000008c800000, 0x000000008c800000|100%| E|CS|TAMS 0x000000008c700000| PB 0x000000008c700000| Complete |  0
|  88|0x000000008c800000, 0x000000008c900000, 0x000000008c900000|100%| E|CS|TAMS 0x000000008c800000| PB 0x000000008c800000| Complete |  0
|  89|0x000000008c900000, 0x000000008ca00000, 0x000000008ca00000|100%| E|CS|TAMS 0x000000008c900000| PB 0x000000008c900000| Complete |  0
|  90|0x000000008ca00000, 0x000000008cb00000, 0x000000008cb00000|100%| E|CS|TAMS 0x000000008ca00000| PB 0x000000008ca00000| Complete |  0
|  91|0x000000008cb00000, 0x000000008cc00000, 0x000000008cc00000|100%| E|CS|TAMS 0x000000008cb00000| PB 0x000000008cb00000| Complete |  0
|  92|0x000000008cc00000, 0x000000008cd00000, 0x000000008cd00000|100%| E|CS|TAMS 0x000000008cc00000| PB 0x000000008cc00000| Complete |  0
|  93|0x000000008cd00000, 0x000000008ce00000, 0x000000008ce00000|100%| E|CS|TAMS 0x000000008cd00000| PB 0x000000008cd00000| Complete |  0
|  94|0x000000008ce00000, 0x000000008cf00000, 0x000000008cf00000|100%| E|CS|TAMS 0x000000008ce00000| PB 0x000000008ce00000| Complete |  0
|  95|0x000000008cf00000, 0x000000008d000000, 0x000000008d000000|100%| E|CS|TAMS 0x000000008cf00000| PB 0x000000008cf00000| Complete |  0
|  96|0x000000008d000000, 0x000000008d100000, 0x000000008d100000|100%| E|CS|TAMS 0x000000008d000000| PB 0x000000008d000000| Complete |  0
|  97|0x000000008d100000, 0x000000008d200000, 0x000000008d200000|100%| E|CS|TAMS 0x000000008d100000| PB 0x000000008d100000| Complete |  0
|  98|0x000000008d200000, 0x000000008d300000, 0x000000008d300000|100%| E|CS|TAMS 0x000000008d200000| PB 0x000000008d200000| Complete |  0
|  99|0x000000008d300000, 0x000000008d400000, 0x000000008d400000|100%| E|CS|TAMS 0x000000008d300000| PB 0x000000008d300000| Complete |  0
| 100|0x000000008d400000, 0x000000008d500000, 0x000000008d500000|100%| E|CS|TAMS 0x000000008d400000| PB 0x000000008d400000| Complete |  0
| 101|0x000000008d500000, 0x000000008d600000, 0x000000008d600000|100%| E|CS|TAMS 0x000000008d500000| PB 0x000000008d500000| Complete |  0
| 102|0x000000008d600000, 0x000000008d700000, 0x000000008d700000|100%| E|CS|TAMS 0x000000008d600000| PB 0x000000008d600000| Complete |  0
| 103|0x000000008d700000, 0x000000008d800000, 0x000000008d800000|100%| E|CS|TAMS 0x000000008d700000| PB 0x000000008d700000| Complete |  0
| 104|0x000000008d800000, 0x000000008d900000, 0x000000008d900000|100%| E|CS|TAMS 0x000000008d800000| PB 0x000000008d800000| Complete |  0
| 105|0x000000008d900000, 0x000000008da00000, 0x000000008da00000|100%| E|CS|TAMS 0x000000008d900000| PB 0x000000008d900000| Complete |  0
| 106|0x000000008da00000, 0x000000008db00000, 0x000000008db00000|100%| E|CS|TAMS 0x000000008da00000| PB 0x000000008da00000| Complete |  0
| 107|0x000000008db00000, 0x000000008dc00000, 0x000000008dc00000|100%| E|CS|TAMS 0x000000008db00000| PB 0x000000008db00000| Complete |  0
| 108|0x000000008dc00000, 0x000000008dd00000, 0x000000008dd00000|100%| E|CS|TAMS 0x000000008dc00000| PB 0x000000008dc00000| Complete |  0
| 109|0x000000008dd00000, 0x000000008de00000, 0x000000008de00000|100%| E|CS|TAMS 0x000000008dd00000| PB 0x000000008dd00000| Complete |  0
| 110|0x000000008de00000, 0x000000008df00000, 0x000000008df00000|100%| E|CS|TAMS 0x000000008de00000| PB 0x000000008de00000| Complete |  0
| 111|0x000000008df00000, 0x000000008e000000, 0x000000008e000000|100%| E|CS|TAMS 0x000000008df00000| PB 0x000000008df00000| Complete |  0
| 112|0x000000008e000000, 0x000000008e100000, 0x000000008e100000|100%| E|CS|TAMS 0x000000008e000000| PB 0x000000008e000000| Complete |  0
| 113|0x000000008e100000, 0x000000008e200000, 0x000000008e200000|100%| E|CS|TAMS 0x000000008e100000| PB 0x000000008e100000| Complete |  0
| 114|0x000000008e200000, 0x000000008e300000, 0x000000008e300000|100%| E|CS|TAMS 0x000000008e200000| PB 0x000000008e200000| Complete |  0
| 115|0x000000008e300000, 0x000000008e400000, 0x000000008e400000|100%| E|CS|TAMS 0x000000008e300000| PB 0x000000008e300000| Complete |  0
| 116|0x000000008e400000, 0x000000008e500000, 0x000000008e500000|100%| E|CS|TAMS 0x000000008e400000| PB 0x000000008e400000| Complete |  0
| 117|0x000000008e500000, 0x000000008e600000, 0x000000008e600000|100%| E|CS|TAMS 0x000000008e500000| PB 0x000000008e500000| Complete |  0
| 118|0x000000008e600000, 0x000000008e700000, 0x000000008e700000|100%| E|CS|TAMS 0x000000008e600000| PB 0x000000008e600000| Complete |  0
| 119|0x000000008e700000, 0x000000008e800000, 0x000000008e800000|100%| E|CS|TAMS 0x000000008e700000| PB 0x000000008e700000| Complete |  0
| 120|0x000000008e800000, 0x000000008e900000, 0x000000008e900000|100%| E|  |TAMS 0x000000008e800000| PB 0x000000008e800000| Complete |  0
| 121|0x000000008e900000, 0x000000008ea00000, 0x000000008ea00000|100%| E|CS|TAMS 0x000000008e900000| PB 0x000000008e900000| Complete |  0
|1934|0x00000000ffe00000, 0x00000000fff00000, 0x00000000fff00000|100%| O|  |TAMS 0x00000000ffe00000| PB 0x00000000ffe00000| Untracked |  0
|1935|0x00000000fff00000, 0x00000000fff24ea8, 0x0000000100000000| 14%| O|  |TAMS 0x00000000fff00000| PB 0x00000000fff00000| Untracked |  0

Card table byte_map: [0x000002b52a780000,0x000002b52ab50000] _byte_map_base: 0x000002b52a348000

Marking Bits: (CMBitMap*) 0x000002b512b87440
 Bits: [0x000002b52ab50000, 0x000002b52c990000)

Polling page: 0x000002b512270000

Metaspace:
Metaspace        used 19056K, committed 19264K, reserved 1114112K
 class space     used 2617K, committed 2752K, reserved 1048576K

Usage:
  Non-class:     16.05 MB used.
      Class:      2.56 MB used.
       Both:     18.61 MB used.

Virtual space:
  Non-class space:       64.00 MB reserved,      16.12 MB ( 25%) committed,  1 nodes.
      Class space:        1.00 GB reserved,       2.69 MB ( <1%) committed,  1 nodes.
             Both:        1.06 GB reserved,      18.81 MB (  2%) committed. 

Chunk freelists:
   Non-Class:  15.81 MB
       Class:  13.29 MB
        Both:  29.11 MB

MaxMetaspaceSize: unlimited
CompressedClassSpaceSize: 1.00 GB
Initial GC threshold: 21.00 MB
Current GC threshold: 21.00 MB
CDS: on
 - commit_granule_bytes: 65536.
 - commit_granule_words: 8192.
 - virtual_space_node_default_size: 8388608.
 - enlarge_chunks_in_place: 1.
UseCompressedClassPointers 1, UseCompactObjectHeaders 0
Narrow klass pointer bits 32, Max shift 3
Narrow klass base: 0x0000000012000000, Narrow klass shift: 0
Encoding Range: [0x0000000012000000 - 0x0000000112000000), (4294967296 bytes)
Klass Range:    [0x0000000012010000 - 0x0000000053000000), (1090453504 bytes)
Klass ID Range:  [65536 - 1090519033) (1090453497)
Protection zone: [0x0000000012000000 - 0x0000000012010000), (65536 bytes)


Internal statistics:

num_allocs_failed_limit: 0.
num_arena_births: 192.
num_arena_deaths: 0.
num_vsnodes_births: 2.
num_vsnodes_deaths: 0.
num_space_committed: 301.
num_space_uncommitted: 0.
num_chunks_returned_to_freelist: 0.
num_chunks_taken_from_freelist: 808.
num_chunk_merges: 0.
num_chunk_splits: 593.
num_chunks_enlarged: 497.
num_inconsistent_stats: 0.

CodeHeap 'non-profiled nmethods': size=120064Kb used=1752Kb max_used=1752Kb free=118311Kb
 bounds [0x000002b522e70000, 0x000002b5230e0000, 0x000002b52a3b0000]
CodeHeap 'profiled nmethods': size=120000Kb used=8643Kb max_used=8643Kb free=111356Kb
 bounds [0x000002b51b3b0000, 0x000002b51bc30000, 0x000002b5228e0000]
CodeHeap 'non-nmethods': size=5696Kb used=1974Kb max_used=2129Kb free=3721Kb
 bounds [0x000002b5228e0000, 0x000002b522b50000, 0x000002b522e70000]
CodeCache: size=245760Kb, used=12369Kb, max_used=12524Kb, free=233388Kb
 total_blobs=5724, nmethods=4846, adapters=781, full_count=0
Compilation: enabled, stopped_count=0, restarted_count=0

Compilation events (20 events):
Event: 50.203 Thread 0x000002b52ef26280 nmethod 4939 0x000002b51bc1e908 code [0x000002b51bc1ea20, 0x000002b51bc1ec68]
Event: 50.203 Thread 0x000002b52ef26280 4947       3       com.sun.javafx.tk.quantum.GlassScene::sceneChanged (25 bytes)
Event: 50.203 Thread 0x000002b52ef26280 nmethod 4947 0x000002b51bc1ec88 code [0x000002b51bc1ed80, 0x000002b51bc1f138]
Event: 50.203 Thread 0x000002b52ef26280 4953       3       javafx.scene.text.Text::getYRendering (186 bytes)
Event: 50.204 Thread 0x000002b52ef26280 nmethod 4953 0x000002b51bc1f188 code [0x000002b51bc1f2a0, 0x000002b51bc20928]
Event: 50.204 Thread 0x000002b52ef26280 4940       1       java.util.TreeMap::size (5 bytes)
Event: 50.204 Thread 0x000002b52ef26280 nmethod 4940 0x000002b523017308 code [0x000002b523017400, 0x000002b5230174c8]
Event: 50.420 Thread 0x000002b52ef15ac0 nmethod 4898 0x000002b523017608 code [0x000002b523017720, 0x000002b523023a50]
Event: 50.420 Thread 0x000002b52ef15ac0 4914       4       com.sun.javafx.css.CompoundSelector::applies (143 bytes)
Event: 50.424 Thread 0x000002b52ef15ac0 nmethod 4914 0x000002b523023b08 code [0x000002b523023c00, 0x000002b523024130]
Event: 50.424 Thread 0x000002b52ef15ac0 4942       4       javafx.scene.layout.Region::_getSnapScaleYimpl (22 bytes)
Event: 50.425 Thread 0x000002b52ef15ac0 nmethod 4942 0x000002b523024188 code [0x000002b5230242a0, 0x000002b523024450]
Event: 50.425 Thread 0x000002b52ef15ac0 4906       4       com.sun.javafx.scene.ParentHelper::getAllParentStylesheetsImpl (10 bytes)
Event: 50.427 Thread 0x000002b52ef15ac0 nmethod 4906 0x000002b523024488 code [0x000002b523024580, 0x000002b523024880]
Event: 51.903 Thread 0x000002b52ef26280 4954       3       javafx.beans.property.ReadOnlyDoublePropertyBase::<init> (5 bytes)
Event: 51.903 Thread 0x000002b52ef26280 nmethod 4954 0x000002b51bc20988 code [0x000002b51bc20a80, 0x000002b51bc20d00]
Event: 85.329 Thread 0x000002b52ef15ac0 4955       4       com.sun.javafx.tk.quantum.QuantumToolkit::postPulse (133 bytes)
Event: 85.340 Thread 0x000002b52ef15ac0 nmethod 4955 0x000002b523024908 code [0x000002b523024a00, 0x000002b523025de8]
Event: 87.018 Thread 0x000002b52ef15ac0 4956       4       com.sun.javafx.tk.quantum.QuantumToolkit$$Lambda/0x0000000013060648::run (8 bytes)
Event: 87.019 Thread 0x000002b52ef15ac0 nmethod 4956 0x000002b523025e08 code [0x000002b523025f00, 0x000002b523025fc8]

GC Heap Usage History (4 events):
Event: 1.127 {heap Before GC invocations=0 (full 0):
 garbage-first heap   total reserved 1982464K, committed 126976K, used 28819K [0x0000000087000000, 0x0000000100000000)
  region size 1024K, 28 young (28672K), 0 survivors (0K)
}
Event: 1.131 {heap After GC invocations=1 (full 0):
 garbage-first heap   total reserved 1982464K, committed 126976K, used 3987K [0x0000000087000000, 0x0000000100000000)
  region size 1024K, 3 young (3072K), 3 survivors (3072K)
}
Event: 2.570 {heap Before GC invocations=1 (full 0):
 garbage-first heap   total reserved 1982464K, committed 126976K, used 56211K [0x0000000087000000, 0x0000000100000000)
  region size 1024K, 55 young (56320K), 3 survivors (3072K)
}
Event: 2.583 {heap After GC invocations=2 (full 0):
 garbage-first heap   total reserved 1982464K, committed 126976K, used 8674K [0x0000000087000000, 0x0000000100000000)
  region size 1024K, 7 young (7168K), 7 survivors (7168K)
}

Metaspace Usage History (4 events):
Event: 1.127 {metaspace Before GC invocations=0 (full 0):
 Metaspace       used 5927K, committed 6144K, reserved 1114112K
  class space    used 546K, committed 640K, reserved 1048576K
}
Event: 1.131 {metaspace After GC invocations=1 (full 0):
 Metaspace       used 5927K, committed 6144K, reserved 1114112K
  class space    used 546K, committed 640K, reserved 1048576K
}
Event: 2.570 {metaspace Before GC invocations=1 (full 0):
 Metaspace       used 13621K, committed 13824K, reserved 1114112K
  class space    used 1824K, committed 1920K, reserved 1048576K
}
Event: 2.583 {metaspace After GC invocations=2 (full 0):
 Metaspace       used 13621K, committed 13824K, reserved 1114112K
  class space    used 1824K, committed 1920K, reserved 1048576K
}

Dll operation events (20 events):
Event: 0.580 Loaded shared library C:\javafx-sdk-25.0.1\bin\api-ms-win-crt-locale-l1-1-0.dll
Event: 0.583 Loaded shared library C:\javafx-sdk-25.0.1\bin\api-ms-win-crt-math-l1-1-0.dll
Event: 0.586 Loaded shared library C:\javafx-sdk-25.0.1\bin\api-ms-win-crt-multibyte-l1-1-0.dll
Event: 0.588 Loaded shared library C:\javafx-sdk-25.0.1\bin\api-ms-win-crt-private-l1-1-0.dll
Event: 0.592 Loaded shared library C:\javafx-sdk-25.0.1\bin\api-ms-win-crt-process-l1-1-0.dll
Event: 0.594 Loaded shared library C:\javafx-sdk-25.0.1\bin\api-ms-win-crt-runtime-l1-1-0.dll
Event: 0.596 Loaded shared library C:\javafx-sdk-25.0.1\bin\api-ms-win-crt-stdio-l1-1-0.dll
Event: 0.598 Loaded shared library C:\javafx-sdk-25.0.1\bin\api-ms-win-crt-string-l1-1-0.dll
Event: 0.600 Loaded shared library C:\javafx-sdk-25.0.1\bin\api-ms-win-crt-time-l1-1-0.dll
Event: 0.602 Loaded shared library C:\javafx-sdk-25.0.1\bin\api-ms-win-crt-utility-l1-1-0.dll
Event: 0.607 Loaded shared library C:\javafx-sdk-25.0.1\bin\ucrtbase.dll
Event: 0.611 Loaded shared library C:\javafx-sdk-25.0.1\bin\vcruntime140.dll
Event: 0.613 Loaded shared library C:\javafx-sdk-25.0.1\bin\vcruntime140_1.dll
Event: 0.619 Loaded shared library C:\javafx-sdk-25.0.1\bin\msvcp140.dll
Event: 0.623 Loaded shared library C:\javafx-sdk-25.0.1\bin\msvcp140_1.dll
Event: 0.628 Loaded shared library C:\javafx-sdk-25.0.1\bin\msvcp140_2.dll
Event: 0.695 Loaded shared library C:\javafx-sdk-25.0.1\bin\prism_d3d.dll
Event: 0.777 Loaded shared library C:\javafx-sdk-25.0.1\bin\glass.dll
Event: 1.066 Loaded shared library C:\Users\duytr\.jdks\openjdk-25.0.1\bin\jimage.dll
Event: 1.583 Loaded shared library C:\javafx-sdk-25.0.1\bin\javafx_font.dll

Deoptimization events (20 events):
Event: 49.323 Thread 0x000002b5339b2e60 DEOPT PACKING pc=0x000002b522ffede0 sp=0x000000f53a4fc200
Event: 49.323 Thread 0x000002b5339b2e60 DEOPT UNPACKING pc=0x000002b522a0d182 sp=0x000000f53a4fc188 mode 2
Event: 49.353 Thread 0x000002b5339b2e60 Uncommon trap: trap_request=0xffffffbe fr.pc=0x000002b522ffede0 relative=0x0000000000007940
Event: 49.353 Thread 0x000002b5339b2e60 Uncommon trap: reason=profile_predicate action=maybe_recompile pc=0x000002b522ffede0 method=javafx.scene.CssStyleHelper.transitionToState(Ljavafx/scene/Node;)V @ 291 c2
Event: 49.353 Thread 0x000002b5339b2e60 DEOPT PACKING pc=0x000002b522ffede0 sp=0x000000f53a4fc200
Event: 49.353 Thread 0x000002b5339b2e60 DEOPT UNPACKING pc=0x000002b522a0d182 sp=0x000000f53a4fc188 mode 2
Event: 49.706 Thread 0x000002b5339b2e60 Uncommon trap: trap_request=0xffffffbe fr.pc=0x000002b522ffede0 relative=0x0000000000007940
Event: 49.706 Thread 0x000002b5339b2e60 Uncommon trap: reason=profile_predicate action=maybe_recompile pc=0x000002b522ffede0 method=javafx.scene.CssStyleHelper.transitionToState(Ljavafx/scene/Node;)V @ 291 c2
Event: 49.706 Thread 0x000002b5339b2e60 DEOPT PACKING pc=0x000002b522ffede0 sp=0x000000f53a4fc200
Event: 49.706 Thread 0x000002b5339b2e60 DEOPT UNPACKING pc=0x000002b522a0d182 sp=0x000000f53a4fc188 mode 2
Event: 49.945 Thread 0x000002b5339b2e60 Uncommon trap: trap_request=0xffffffbe fr.pc=0x000002b522ffede0 relative=0x0000000000007940
Event: 49.945 Thread 0x000002b5339b2e60 Uncommon trap: reason=profile_predicate action=maybe_recompile pc=0x000002b522ffede0 method=javafx.scene.CssStyleHelper.transitionToState(Ljavafx/scene/Node;)V @ 291 c2
Event: 49.945 Thread 0x000002b5339b2e60 DEOPT PACKING pc=0x000002b522ffede0 sp=0x000000f53a4fc180
Event: 49.945 Thread 0x000002b5339b2e60 DEOPT UNPACKING pc=0x000002b522a0d182 sp=0x000000f53a4fc108 mode 2
Event: 49.949 Thread 0x000002b5334c7150 DEOPT PACKING pc=0x000002b51bbdb8b4 sp=0x000000f53a3fd190
Event: 49.949 Thread 0x000002b5334c7150 DEOPT UNPACKING pc=0x000002b5229312a2 sp=0x000000f53a3fca38 mode 0
Event: 198.192 Thread 0x000002b5332408f0 Uncommon trap: trap_request=0xffffff45 fr.pc=0x000002b522fedb90 relative=0x0000000000000090
Event: 198.192 Thread 0x000002b5332408f0 Uncommon trap: reason=unstable_if action=reinterpret pc=0x000002b522fedb90 method=java.util.concurrent.locks.ReentrantLock$Sync.tryRelease(I)Z @ 26 c2
Event: 198.192 Thread 0x000002b5332408f0 DEOPT PACKING pc=0x000002b522fedb90 sp=0x000000f538eff0d0
Event: 198.192 Thread 0x000002b5332408f0 DEOPT UNPACKING pc=0x000002b522a0d182 sp=0x000000f538eff050 mode 2

Classes loaded (20 events):
Event: 9.584 Loading class java/util/stream/IntPipeline done
Event: 9.584 Loading class java/util/stream/IntPipeline$Head done
Event: 9.585 Loading class java/util/stream/IntPipeline$1
Event: 9.585 Loading class java/util/stream/IntPipeline$1 done
Event: 9.585 Loading class java/util/stream/IntPipeline$1$1
Event: 9.585 Loading class java/util/stream/Sink$ChainedInt
Event: 9.586 Loading class java/util/stream/Sink$OfInt
Event: 9.586 Loading class java/util/stream/Sink$OfInt done
Event: 9.586 Loading class java/util/stream/Sink$ChainedInt done
Event: 9.586 Loading class java/util/stream/IntPipeline$1$1 done
Event: 9.654 Loading class java/lang/invoke/TypeConvertingMethodAdapter$1
Event: 9.654 Loading class java/lang/invoke/TypeConvertingMethodAdapter$1 done
Event: 9.655 Loading class java/lang/invoke/TypeConvertingMethodAdapter$BoxHolder
Event: 9.655 Loading class java/lang/invoke/TypeConvertingMethodAdapter$BoxHolder done
Event: 9.753 Loading class java/util/TreeSet
Event: 9.754 Loading class java/util/TreeSet done
Event: 9.792 Loading class java/lang/FdLibm$Acos
Event: 9.793 Loading class java/lang/FdLibm$Acos done
Event: 198.190 Loading class jdk/internal/misc/Signal$1
Event: 198.190 Loading class jdk/internal/misc/Signal$1 done

Classes unloaded (0 events):
No events

Classes redefined (0 events):
No events

Internal exceptions (20 events):
Event: 2.623 Thread 0x000002b5334c7150 Exception <a 'java/lang/NoSuchMethodError'{0x000000008e8411c8}: 'java.lang.Object java.lang.invoke.DirectMethodHandle$Holder.invokeInterface(java.lang.Object, java.lang.Object, long, long)'> (0x000000008e8411c8) 
thrown [s\open\src\hotspot\share\interpreter\linkResolver.cpp, line 804]
Event: 2.624 Thread 0x000002b5334c7150 Exception <a 'java/lang/NoSuchMethodError'{0x000000008e859ad0}: 'void java.lang.invoke.DirectMethodHandle$Holder.invokeStaticInit(java.lang.Object, java.lang.Object, long, java.lang.Object)'> (0x000000008e859ad0) 
thrown [s\open\src\hotspot\share\interpreter\linkResolver.cpp, line 804]
Event: 2.624 Thread 0x000002b5334c7150 Exception <a 'java/lang/NoSuchMethodError'{0x000000008e8625b0}: 'long java.lang.invoke.DirectMethodHandle$Holder.invokeStatic(java.lang.Object, long, long)'> (0x000000008e8625b0) 
thrown [s\open\src\hotspot\share\interpreter\linkResolver.cpp, line 804]
Event: 3.714 Thread 0x000002b5339b2e60 Exception <a 'java/lang/NoSuchMethodError'{0x000000008e6495a0}: 'void java.lang.invoke.DirectMethodHandle$Holder.invokeVirtual(java.lang.Object, java.lang.Object)'> (0x000000008e6495a0) 
thrown [s\open\src\hotspot\share\interpreter\linkResolver.cpp, line 804]
Event: 3.723 Thread 0x000002b5339b2e60 Exception <a 'java/lang/NoSuchMethodError'{0x000000008e67bd68}: 'long java.lang.invoke.DirectMethodHandle$Holder.invokeStaticInit(java.lang.Object, java.lang.Object, java.lang.Object)'> (0x000000008e67bd68) 
thrown [s\open\src\hotspot\share\interpreter\linkResolver.cpp, line 804]
Event: 4.658 Thread 0x000002b5339b2e60 Exception <a 'java/lang/NoSuchMethodError'{0x000000008e6e80c0}: 'java.lang.Object java.lang.invoke.DirectMethodHandle$Holder.newInvokeSpecial(java.lang.Object, java.lang.Object, java.lang.Object, int, java.lang.Object, java.lang.Object, java.lang.Object, int)'> (0x000000008e6e80c0) 
thrown [s\open\src\hotspot\share\interpreter\linkResolver.cpp, line 804]
Event: 9.574 Thread 0x000002b5339b2e60 Exception <a 'java/io/FileNotFoundException'{0x000000008e124d08}> (0x000000008e124d08) 
thrown [s\open\src\hotspot\share\prims\jni.cpp, line 516]
Event: 9.574 Thread 0x000002b5339b2e60 Exception <a 'java/io/FileNotFoundException'{0x000000008e125ad8}> (0x000000008e125ad8) 
thrown [s\open\src\hotspot\share\prims\jni.cpp, line 516]
Event: 9.574 Thread 0x000002b5339b2e60 Exception <a 'java/io/FileNotFoundException'{0x000000008e126990}> (0x000000008e126990) 
thrown [s\open\src\hotspot\share\prims\jni.cpp, line 516]
Event: 9.575 Thread 0x000002b5339b2e60 Exception <a 'java/io/FileNotFoundException'{0x000000008e133550}> (0x000000008e133550) 
thrown [s\open\src\hotspot\share\prims\jni.cpp, line 516]
Event: 9.575 Thread 0x000002b5339b2e60 Exception <a 'java/io/FileNotFoundException'{0x000000008e134320}> (0x000000008e134320) 
thrown [s\open\src\hotspot\share\prims\jni.cpp, line 516]
Event: 9.575 Thread 0x000002b5339b2e60 Exception <a 'java/io/FileNotFoundException'{0x000000008e1351d8}> (0x000000008e1351d8) 
thrown [s\open\src\hotspot\share\prims\jni.cpp, line 516]
Event: 9.576 Thread 0x000002b5339b2e60 Exception <a 'java/io/FileNotFoundException'{0x000000008e1399a8}> (0x000000008e1399a8) 
thrown [s\open\src\hotspot\share\prims\jni.cpp, line 516]
Event: 9.576 Thread 0x000002b5339b2e60 Exception <a 'java/io/FileNotFoundException'{0x000000008e13a778}> (0x000000008e13a778) 
thrown [s\open\src\hotspot\share\prims\jni.cpp, line 516]
Event: 9.576 Thread 0x000002b5339b2e60 Exception <a 'java/io/FileNotFoundException'{0x000000008e13b630}> (0x000000008e13b630) 
thrown [s\open\src\hotspot\share\prims\jni.cpp, line 516]
Event: 9.589 Thread 0x000002b5339b2e60 Exception <a 'java/io/FileNotFoundException'{0x000000008e074010}> (0x000000008e074010) 
thrown [s\open\src\hotspot\share\prims\jni.cpp, line 516]
Event: 9.590 Thread 0x000002b5339b2e60 Exception <a 'java/io/FileNotFoundException'{0x000000008e074b40}> (0x000000008e074b40) 
thrown [s\open\src\hotspot\share\prims\jni.cpp, line 516]
Event: 9.590 Thread 0x000002b5339b2e60 Exception <a 'java/io/FileNotFoundException'{0x000000008e0757a0}> (0x000000008e0757a0) 
thrown [s\open\src\hotspot\share\prims\jni.cpp, line 516]
Event: 9.655 Thread 0x000002b5339b2e60 Exception <a 'java/lang/NoSuchMethodError'{0x000000008d9e6458}: 'void java.lang.invoke.DirectMethodHandle$Holder.invokeSpecial(java.lang.Object, java.lang.Object, int)'> (0x000000008d9e6458) 
thrown [s\open\src\hotspot\share\interpreter\linkResolver.cpp, line 804]
Event: 31.719 Thread 0x000002b5339b2e60 Exception <a 'java/lang/NoSuchMethodError'{0x000000008c9a4bd8}: 'java.lang.Object java.lang.invoke.DirectMethodHandle$Holder.newInvokeSpecial(java.lang.Object, java.lang.Object, int, int, int, int, int, java.lang.Object)'> (0x000000008c9a4bd8) 
thrown [s\open\src\hotspot\share\interpreter\linkResolver.cpp, line 804]

VM Operations (20 events):
Event: 1.997 Executing non-safepoint VM operation: HandshakeAllThreads (Deoptimize) done
Event: 2.301 Executing non-safepoint VM operation: HandshakeAllThreads (Deoptimize)
Event: 2.301 Executing non-safepoint VM operation: HandshakeAllThreads (Deoptimize) done
Event: 2.570 Executing safepoint VM operation: G1CollectForAllocation (G1 Evacuation Pause)
Event: 2.583 Executing safepoint VM operation: G1CollectForAllocation (G1 Evacuation Pause) done
Event: 2.608 Executing non-safepoint VM operation: HandshakeAllThreads (Deoptimize)
Event: 2.608 Executing non-safepoint VM operation: HandshakeAllThreads (Deoptimize) done
Event: 9.641 Executing non-safepoint VM operation: HandshakeAllThreads (Deoptimize)
Event: 9.641 Executing non-safepoint VM operation: HandshakeAllThreads (Deoptimize) done
Event: 9.699 Executing non-safepoint VM operation: HandshakeAllThreads (Deoptimize)
Event: 9.700 Executing non-safepoint VM operation: HandshakeAllThreads (Deoptimize) done
Event: 41.709 Executing non-safepoint VM operation: HandshakeAllThreads (Deoptimize)
Event: 41.709 Executing non-safepoint VM operation: HandshakeAllThreads (Deoptimize) done
Event: 41.728 Executing non-safepoint VM operation: HandshakeAllThreads (Deoptimize)
Event: 41.728 Executing non-safepoint VM operation: HandshakeAllThreads (Deoptimize) done
Event: 60.220 Executing non-safepoint VM operation: HandshakeAllThreads (HandshakeForDeflation)
Event: 60.220 Executing non-safepoint VM operation: HandshakeAllThreads (HandshakeForDeflation) done
Event: 60.220 Executing non-safepoint VM operation: RendezvousGCThreads
Event: 60.220 Executing non-safepoint VM operation: RendezvousGCThreads done
Event: 198.192 Executing safepoint VM operation: Exit

Memory protections (0 events):
No events

Nmethod flushes (0 events):
No events

Events (20 events):
Event: 2.415 Thread 0x000002b533ee3310 Thread exited: 0x000002b533ee3310
Event: 2.560 Thread 0x000002b5334c7150 Thread added: 0x000002b533da2ae0
Event: 2.707 Thread 0x000002b52ef26280 Thread added: 0x000002b539bb0370
Event: 2.958 Thread 0x000002b539bb0370 Thread exited: 0x000002b539bb0370
Event: 9.670 Thread 0x000002b52ef26280 Thread added: 0x000002b539bacb00
Event: 10.666 Thread 0x000002b539bacb00 Thread exited: 0x000002b539bacb00
Event: 10.924 Thread 0x000002b52ef26280 Thread added: 0x000002b539bacb00
Event: 11.060 Thread 0x000002b539bacb00 Thread exited: 0x000002b539bacb00
Event: 15.248 Thread 0x000002b52ef26280 Thread added: 0x000002b539badb20
Event: 15.933 Thread 0x000002b539badb20 Thread exited: 0x000002b539badb20
Event: 43.679 Thread 0x000002b52ef15ac0 Thread added: 0x000002b539baf350
Event: 44.154 Thread 0x000002b539baf350 Thread exited: 0x000002b539baf350
Event: 198.190 Thread 0x000002b52ef0a410 Thread added: 0x000002b533da6960
Event: 198.191 Thread 0x000002b533da6960 Thread added: 0x000002b533240120
Event: 198.191 Thread 0x000002b533da6960 Thread added: 0x000002b5332408f0
Event: 198.191 Thread 0x000002b5332408f0 Thread exited: 0x000002b5332408f0
Event: 198.191 Thread 0x000002b533240120 Thread added: 0x000002b5332408f0
Event: 198.192 Thread 0x000002b533240120 Thread exited: 0x000002b533240120
Event: 198.192 Thread 0x000002b533da6960 Before exit entered
Event: 198.192 Thread 0x000002b52ef0a410 Thread exited: 0x000002b52ef0a410


Dynamic libraries:
0x00007ff782cc0000 - 0x00007ff782cce000 	C:\Users\duytr\.jdks\openjdk-25.0.1\bin\java.exe
0x00007ffa60fe0000 - 0x00007ffa61248000 	C:\WINDOWS\SYSTEM32\ntdll.dll
0x00007ffa60b20000 - 0x00007ffa60be9000 	C:\WINDOWS\System32\KERNEL32.DLL
0x00007ffa5e460000 - 0x00007ffa5e852000 	C:\WINDOWS\System32\KERNELBASE.dll
0x00007ffa5ec60000 - 0x00007ffa5edab000 	C:\WINDOWS\System32\ucrtbase.dll
0x00007ffa426c0000 - 0x00007ffa426de000 	C:\Users\duytr\.jdks\openjdk-25.0.1\bin\VCRUNTIME140.dll
0x00007ffa54980000 - 0x00007ffa54997000 	C:\Users\duytr\.jdks\openjdk-25.0.1\bin\jli.dll
0x00007ffa5fe20000 - 0x00007ffa5ffe5000 	C:\WINDOWS\System32\USER32.dll
0x00007ffa5ea60000 - 0x00007ffa5ea87000 	C:\WINDOWS\System32\win32u.dll
0x00007ffa474a0000 - 0x00007ffa47733000 	C:\WINDOWS\WinSxS\amd64_microsoft.windows.common-controls_6595b64144ccf1df_6.0.26100.6899_none_3e0efeeae32e88c1\COMCTL32.dll
0x00007ffa60a80000 - 0x00007ffa60aab000 	C:\WINDOWS\System32\GDI32.dll
0x00007ffa5ef90000 - 0x00007ffa5f039000 	C:\WINDOWS\System32\msvcrt.dll
0x00007ffa5ea90000 - 0x00007ffa5ebbd000 	C:\WINDOWS\System32\gdi32full.dll
0x00007ffa5e9b0000 - 0x00007ffa5ea53000 	C:\WINDOWS\System32\msvcp_win.dll
0x00007ffa5f9c0000 - 0x00007ffa5f9ef000 	C:\WINDOWS\System32\IMM32.DLL
0x00007ffa5b230000 - 0x00007ffa5b23c000 	C:\Users\duytr\.jdks\openjdk-25.0.1\bin\vcruntime140_1.dll
0x00007ffa2d430000 - 0x00007ffa2d4bd000 	C:\Users\duytr\.jdks\openjdk-25.0.1\bin\msvcp140.dll
0x00007ff9a3670000 - 0x00007ff9a44cf000 	C:\Users\duytr\.jdks\openjdk-25.0.1\bin\server\jvm.dll
0x00007ffa60bf0000 - 0x00007ffa60ca4000 	C:\WINDOWS\System32\ADVAPI32.dll
0x00007ffa5edb0000 - 0x00007ffa5ee56000 	C:\WINDOWS\System32\sechost.dll
0x00007ffa5ee70000 - 0x00007ffa5ef88000 	C:\WINDOWS\System32\RPCRT4.dll
0x00007ffa60580000 - 0x00007ffa605f4000 	C:\WINDOWS\System32\WS2_32.dll
0x00007ffa5dfd0000 - 0x00007ffa5e02e000 	C:\WINDOWS\SYSTEM32\POWRPROF.dll
0x00007ffa47c20000 - 0x00007ffa47c55000 	C:\WINDOWS\SYSTEM32\WINMM.dll
0x00007ffa4ac00000 - 0x00007ffa4ac0b000 	C:\WINDOWS\SYSTEM32\VERSION.dll
0x00007ffa5dfb0000 - 0x00007ffa5dfc4000 	C:\WINDOWS\SYSTEM32\UMPDC.dll
0x00007ffa5cf40000 - 0x00007ffa5cf5b000 	C:\WINDOWS\SYSTEM32\kernel.appcore.dll
0x00007ffa5b1b0000 - 0x00007ffa5b1ba000 	C:\Users\duytr\.jdks\openjdk-25.0.1\bin\jimage.dll
0x00007ffa58da0000 - 0x00007ffa58fe2000 	C:\WINDOWS\SYSTEM32\DBGHELP.DLL
0x00007ffa5faa0000 - 0x00007ffa5fe1b000 	C:\WINDOWS\System32\combase.dll
0x00007ffa607d0000 - 0x00007ffa608a7000 	C:\WINDOWS\System32\OLEAUT32.dll
0x00007ffa327c0000 - 0x00007ffa327fc000 	C:\WINDOWS\SYSTEM32\dbgcore.DLL
0x00007ffa5ebc0000 - 0x00007ffa5ec58000 	C:\WINDOWS\System32\bcryptPrimitives.dll
0x00007ffa55240000 - 0x00007ffa55250000 	C:\Users\duytr\.jdks\openjdk-25.0.1\bin\instrument.dll
0x00007ffa42350000 - 0x00007ffa4236f000 	C:\Users\duytr\.jdks\openjdk-25.0.1\bin\java.dll
0x00007ffa60630000 - 0x00007ffa607c8000 	C:\WINDOWS\System32\ole32.dll
0x00007ffa5f270000 - 0x00007ffa5f9bd000 	C:\WINDOWS\System32\SHELL32.dll
0x00007ffa5e2f0000 - 0x00007ffa5e45b000 	C:\WINDOWS\System32\wintypes.dll
0x00007ffa5bde0000 - 0x00007ffa5c63d000 	C:\WINDOWS\SYSTEM32\windows.storage.dll
0x00007ffa5fff0000 - 0x00007ffa600e2000 	C:\WINDOWS\System32\SHCORE.dll
0x00007ffa60ab0000 - 0x00007ffa60b12000 	C:\WINDOWS\System32\shlwapi.dll
0x00007ffa5e090000 - 0x00007ffa5e0b9000 	C:\WINDOWS\SYSTEM32\profapi.dll
0x00007ffa42080000 - 0x00007ffa42092000 	C:\Users\duytr\.jdks\openjdk-25.0.1\bin\net.dll
0x00007ffa5d4b0000 - 0x00007ffa5d51b000 	C:\WINDOWS\system32\mswsock.dll
0x00007ffa3f530000 - 0x00007ffa3f546000 	C:\Users\duytr\.jdks\openjdk-25.0.1\bin\nio.dll
0x00007ffa38b40000 - 0x00007ffa38b57000 	C:\Users\duytr\.jdks\openjdk-25.0.1\bin\zip.dll
0x00007ffa456e0000 - 0x00007ffa456e9000 	C:\Users\duytr\.jdks\openjdk-25.0.1\bin\extnet.dll
0x000002b5122b0000 - 0x000002b5122b4000 	C:\javafx-sdk-25.0.1\bin\api-ms-win-core-console-l1-1-0.dll
0x000002b5122c0000 - 0x000002b5122c4000 	C:\javafx-sdk-25.0.1\bin\api-ms-win-core-console-l1-2-0.dll
0x000002b5122d0000 - 0x000002b5122d4000 	C:\javafx-sdk-25.0.1\bin\api-ms-win-core-datetime-l1-1-0.dll
0x000002b512ac0000 - 0x000002b512ac4000 	C:\javafx-sdk-25.0.1\bin\api-ms-win-core-debug-l1-1-0.dll
0x000002b512ad0000 - 0x000002b512ad4000 	C:\javafx-sdk-25.0.1\bin\api-ms-win-core-errorhandling-l1-1-0.dll
0x000002b512ae0000 - 0x000002b512ae5000 	C:\javafx-sdk-25.0.1\bin\api-ms-win-core-file-l1-1-0.dll
0x000002b52efd0000 - 0x000002b52efd4000 	C:\javafx-sdk-25.0.1\bin\api-ms-win-core-file-l1-2-0.dll
0x000002b52efe0000 - 0x000002b52efe4000 	C:\javafx-sdk-25.0.1\bin\api-ms-win-core-file-l2-1-0.dll
0x000002b52eff0000 - 0x000002b52eff4000 	C:\javafx-sdk-25.0.1\bin\api-ms-win-core-handle-l1-1-0.dll
0x000002b534e20000 - 0x000002b534e24000 	C:\javafx-sdk-25.0.1\bin\api-ms-win-core-heap-l1-1-0.dll
0x000002b534e30000 - 0x000002b534e34000 	C:\javafx-sdk-25.0.1\bin\api-ms-win-core-interlocked-l1-1-0.dll
0x000002b534e40000 - 0x000002b534e44000 	C:\javafx-sdk-25.0.1\bin\api-ms-win-core-libraryloader-l1-1-0.dll
0x000002b534e50000 - 0x000002b534e54000 	C:\javafx-sdk-25.0.1\bin\api-ms-win-core-localization-l1-2-0.dll
0x000002b534e60000 - 0x000002b534e64000 	C:\javafx-sdk-25.0.1\bin\api-ms-win-core-memory-l1-1-0.dll
0x000002b534cf0000 - 0x000002b534cf4000 	C:\javafx-sdk-25.0.1\bin\api-ms-win-core-namedpipe-l1-1-0.dll
0x000002b534d00000 - 0x000002b534d04000 	C:\javafx-sdk-25.0.1\bin\api-ms-win-core-processenvironment-l1-1-0.dll
0x000002b534d10000 - 0x000002b534d14000 	C:\javafx-sdk-25.0.1\bin\api-ms-win-core-processthreads-l1-1-0.dll
0x000002b534d20000 - 0x000002b534d24000 	C:\javafx-sdk-25.0.1\bin\api-ms-win-core-processthreads-l1-1-1.dll
0x000002b534d30000 - 0x000002b534d34000 	C:\javafx-sdk-25.0.1\bin\api-ms-win-core-profile-l1-1-0.dll
0x000002b534d40000 - 0x000002b534d44000 	C:\javafx-sdk-25.0.1\bin\api-ms-win-core-rtlsupport-l1-1-0.dll
0x000002b534d50000 - 0x000002b534d54000 	C:\javafx-sdk-25.0.1\bin\api-ms-win-core-string-l1-1-0.dll
0x000002b534d60000 - 0x000002b534d64000 	C:\javafx-sdk-25.0.1\bin\api-ms-win-core-synch-l1-1-0.dll
0x000002b534d70000 - 0x000002b534d74000 	C:\javafx-sdk-25.0.1\bin\api-ms-win-core-synch-l1-2-0.dll
0x000002b534d80000 - 0x000002b534d84000 	C:\javafx-sdk-25.0.1\bin\api-ms-win-core-sysinfo-l1-1-0.dll
0x000002b534d90000 - 0x000002b534d94000 	C:\javafx-sdk-25.0.1\bin\api-ms-win-core-timezone-l1-1-0.dll
0x000002b534da0000 - 0x000002b534da4000 	C:\javafx-sdk-25.0.1\bin\api-ms-win-core-util-l1-1-0.dll
0x000002b534db0000 - 0x000002b534db4000 	C:\javafx-sdk-25.0.1\bin\api-ms-win-crt-conio-l1-1-0.dll
0x000002b534dc0000 - 0x000002b534dc5000 	C:\javafx-sdk-25.0.1\bin\api-ms-win-crt-convert-l1-1-0.dll
0x000002b534dd0000 - 0x000002b534dd4000 	C:\javafx-sdk-25.0.1\bin\api-ms-win-crt-environment-l1-1-0.dll
0x000002b534bd0000 - 0x000002b534bd4000 	C:\javafx-sdk-25.0.1\bin\api-ms-win-crt-filesystem-l1-1-0.dll
0x000002b534be0000 - 0x000002b534be4000 	C:\javafx-sdk-25.0.1\bin\api-ms-win-crt-heap-l1-1-0.dll
0x000002b534bf0000 - 0x000002b534bf4000 	C:\javafx-sdk-25.0.1\bin\api-ms-win-crt-locale-l1-1-0.dll
0x000002b534c00000 - 0x000002b534c06000 	C:\javafx-sdk-25.0.1\bin\api-ms-win-crt-math-l1-1-0.dll
0x000002b534c10000 - 0x000002b534c16000 	C:\javafx-sdk-25.0.1\bin\api-ms-win-crt-multibyte-l1-1-0.dll
0x000002b534c20000 - 0x000002b534c31000 	C:\javafx-sdk-25.0.1\bin\api-ms-win-crt-private-l1-1-0.dll
0x000002b534c40000 - 0x000002b534c44000 	C:\javafx-sdk-25.0.1\bin\api-ms-win-crt-process-l1-1-0.dll
0x000002b534c50000 - 0x000002b534c55000 	C:\javafx-sdk-25.0.1\bin\api-ms-win-crt-runtime-l1-1-0.dll
0x000002b534c60000 - 0x000002b534c65000 	C:\javafx-sdk-25.0.1\bin\api-ms-win-crt-stdio-l1-1-0.dll
0x000002b534c70000 - 0x000002b534c75000 	C:\javafx-sdk-25.0.1\bin\api-ms-win-crt-string-l1-1-0.dll
0x000002b534c80000 - 0x000002b534c84000 	C:\javafx-sdk-25.0.1\bin\api-ms-win-crt-time-l1-1-0.dll
0x000002b534c90000 - 0x000002b534c94000 	C:\javafx-sdk-25.0.1\bin\api-ms-win-crt-utility-l1-1-0.dll
0x00007ffa1dba0000 - 0x00007ffa1dcb1000 	C:\javafx-sdk-25.0.1\bin\ucrtbase.dll
0x00007ffa354c0000 - 0x00007ffa354de000 	C:\javafx-sdk-25.0.1\bin\vcruntime140.dll
0x00007ffa44040000 - 0x00007ffa4404c000 	C:\javafx-sdk-25.0.1\bin\vcruntime140_1.dll
0x00007ffa1da60000 - 0x00007ffa1daed000 	C:\javafx-sdk-25.0.1\bin\msvcp140.dll
0x00007ffa42730000 - 0x00007ffa42739000 	C:\javafx-sdk-25.0.1\bin\msvcp140_1.dll
0x00007ffa1db50000 - 0x00007ffa1db91000 	C:\javafx-sdk-25.0.1\bin\msvcp140_2.dll
0x00007ffa29cd0000 - 0x00007ffa29d00000 	C:\javafx-sdk-25.0.1\bin\prism_d3d.dll
0x00007ff9fd490000 - 0x00007ff9fd640000 	C:\WINDOWS\system32\d3d9.dll
0x00007ffa5b740000 - 0x00007ffa5b76d000 	C:\WINDOWS\SYSTEM32\dwmapi.dll
0x00007ffa5b6f0000 - 0x00007ffa5b734000 	C:\WINDOWS\SYSTEM32\dxcore.dll
0x00007ffa5b5d0000 - 0x00007ffa5b67a000 	C:\WINDOWS\system32\uxtheme.dll
0x00007ff9dd3f0000 - 0x00007ff9dd59c000 	C:\WINDOWS\System32\DriverStore\FileRepository\iigd_dch.inf_amd64_86def921271c86b5\igdumdim64.dll
0x00007ff9d9790000 - 0x00007ff9dd3ec000 	C:\WINDOWS\System32\DriverStore\FileRepository\iigd_dch.inf_amd64_86def921271c86b5\igd9dxva64.dll
0x00007ffa600f0000 - 0x00007ffa60578000 	C:\WINDOWS\System32\SETUPAPI.dll
0x00007ffa5dcf0000 - 0x00007ffa5dd47000 	C:\WINDOWS\SYSTEM32\cfgmgr32.dll
0x00007ffa52bc0000 - 0x00007ffa52fb0000 	C:\WINDOWS\System32\DriverStore\FileRepository\iigd_dch.inf_amd64_86def921271c86b5\igdgmm64.dll
0x00007ffa55110000 - 0x00007ffa55173000 	C:\WINDOWS\SYSTEM32\directxdatabasehelper.dll
0x00007ffa1da10000 - 0x00007ffa1da59000 	C:\javafx-sdk-25.0.1\bin\glass.dll
0x00007ffa60d60000 - 0x00007ffa60e53000 	C:\WINDOWS\System32\COMDLG32.dll
0x00007ffa60ee0000 - 0x00007ffa60f91000 	C:\WINDOWS\System32\clbcatq.dll
0x00007ffa3e2d0000 - 0x00007ffa3e420000 	C:\Windows\System32\Windows.UI.dll
0x00007ffa312f0000 - 0x00007ffa313ab000 	C:\Windows\System32\Windows.Networking.Connectivity.dll
0x00007ffa4bb80000 - 0x00007ffa4bdc5000 	C:\Windows\System32\twinapi.appcore.dll
0x00007ffa608b0000 - 0x00007ffa60a0b000 	C:\WINDOWS\System32\MSCTF.dll
0x00007ffa248b0000 - 0x00007ffa248d7000 	C:\WINDOWS\System32\DriverStore\FileRepository\iigd_dch.inf_amd64_86def921271c86b5\igdinfo64.dll
0x00007ffa5d760000 - 0x00007ffa5d77b000 	C:\WINDOWS\SYSTEM32\CRYPTSP.dll
0x00007ffa5cea0000 - 0x00007ffa5cedb000 	C:\WINDOWS\system32\rsaenh.dll
0x00007ffa5d780000 - 0x00007ffa5d78c000 	C:\WINDOWS\SYSTEM32\CRYPTBASE.dll
0x00007ffa5e060000 - 0x00007ffa5e086000 	C:\WINDOWS\SYSTEM32\bcrypt.dll
0x00007ffa4e570000 - 0x00007ffa52bb4000 	C:\WINDOWS\System32\DriverStore\FileRepository\iigd_dch.inf_amd64_86def921271c86b5\igc64.dll
0x00007ffa2ae00000 - 0x00007ffa2af4e000 	C:\Windows\System32\Windows.UI.Immersive.dll
0x00007ffa4a600000 - 0x00007ffa4a619000 	C:\WINDOWS\System32\npmproxy.dll
0x00007ffa4c790000 - 0x00007ffa4c81e000 	C:\WINDOWS\SYSTEM32\wlanapi.dll
0x00007ffa4cd30000 - 0x00007ffa4cd52000 	C:\WINDOWS\SYSTEM32\MobileNetworking.dll
0x00007ffa5ca10000 - 0x00007ffa5ca44000 	C:\Windows\System32\IPHLPAPI.DLL
0x00007ffa60a10000 - 0x00007ffa60a1a000 	C:\WINDOWS\System32\NSI.dll
0x00007ffa40560000 - 0x00007ffa40573000 	C:\Windows\System32\dusmapi.dll
0x00007ffa22f00000 - 0x00007ffa22f15000 	C:\javafx-sdk-25.0.1\bin\javafx_font.dll
0x00007ffa59aa0000 - 0x00007ffa59d07000 	C:\WINDOWS\SYSTEM32\dwrite.dll
0x00007ffa593d0000 - 0x00007ffa59600000 	C:\WINDOWS\SYSTEM32\WindowsCodecs.dll

JVMTI agents:
C:\Program Files\JetBrains\IntelliJ IDEA 2025.2.4\lib\idea_rt.jar path:C:\Users\duytr\.jdks\openjdk-25.0.1\bin\instrument.dll, loaded, initialized, instrumentlib options:55351

dbghelp: loaded successfully - version: 4.0.5 - missing functions: none
symbol engine: initialized successfully - sym options: 0x614 - pdb path: .;C:\Users\duytr\.jdks\openjdk-25.0.1\bin;C:\WINDOWS\SYSTEM32;C:\WINDOWS\WinSxS\amd64_microsoft.windows.common-controls_6595b64144ccf1df_6.0.26100.6899_none_3e0efeeae32e88c1;C:\Users\duytr\.jdks\openjdk-25.0.1\bin\server;C:\javafx-sdk-25.0.1\bin;C:\WINDOWS\System32\DriverStore\FileRepository\iigd_dch.inf_amd64_86def921271c86b5;C:\Program Files\Common Files\Microsoft Shared\Ink

VM Arguments:
jvm_args: --module-path=C:\javafx-sdk-25.0.1\lib --add-modules=javafx.controls,javafx.fxml -javaagent:C:\Program Files\JetBrains\IntelliJ IDEA 2025.2.4\lib\idea_rt.jar=55351 -Dfile.encoding=UTF-8 -Dsun.stdout.encoding=UTF-8 -Dsun.stderr.encoding=UTF-8 
java_command: Main
java_class_path (initial): C:\Users\duytr\IdeaProjects\untitled1\out\production\untitled1;C:\javafx-sdk-25.0.1\lib\javafx-swt.jar;C:\javafx-sdk-25.0.1\lib\javafx.web.jar;C:\javafx-sdk-25.0.1\lib\javafx.base.jar;C:\javafx-sdk-25.0.1\lib\javafx.fxml.jar;C:\javafx-sdk-25.0.1\lib\javafx.media.jar;C:\javafx-sdk-25.0.1\lib\javafx.swing.jar;C:\javafx-sdk-25.0.1\lib\jdk.jsobject.jar;C:\javafx-sdk-25.0.1\lib\javafx.controls.jar;C:\javafx-sdk-25.0.1\lib\javafx.graphics.jar;C:\javafx-sdk-25.0.1\lib\jfx.incubator.input.jar;C:\javafx-sdk-25.0.1\lib\jfx.incubator.richtext.jar
Launcher Type: SUN_STANDARD

[Global flags]
     intx CICompilerCount                          = 3                                         {product} {ergonomic}
     uint ConcGCThreads                            = 1                                         {product} {ergonomic}
     uint G1ConcRefinementThreads                  = 4                                         {product} {ergonomic}
   size_t G1HeapRegionSize                         = 1048576                                   {product} {ergonomic}
   size_t InitialHeapSize                          = 127926272                                 {product} {ergonomic}
   size_t MarkStackSize                            = 4194304                                   {product} {ergonomic}
   size_t MarkStackSizeMax                         = 536870912                                 {product} {ergonomic}
   size_t MaxHeapSize                              = 2030043136                                {product} {ergonomic}
   size_t MaxNewSize                               = 1217396736                                {product} {ergonomic}
   size_t MinHeapDeltaBytes                        = 1048576                                   {product} {ergonomic}
   size_t MinHeapSize                              = 8388608                                   {product} {ergonomic}
    uintx NonNMethodCodeHeapSize                   = 5832704                                {pd product} {ergonomic}
    uintx NonProfiledCodeHeapSize                  = 122945536                              {pd product} {ergonomic}
    uintx ProfiledCodeHeapSize                     = 122880000                              {pd product} {ergonomic}
    uintx ReservedCodeCacheSize                    = 251658240                              {pd product} {ergonomic}
     bool SegmentedCodeCache                       = true                                      {product} {ergonomic}
   size_t SoftMaxHeapSize                          = 2030043136                             {manageable} {ergonomic}
     bool UseCompressedOops                        = true                           {product lp64_product} {ergonomic}
     bool UseG1GC                                  = true                                      {product} {ergonomic}
     bool UseLargePagesIndividualAllocation        = false                                  {pd product} {ergonomic}

Logging:
Log output configuration:
 #0: stdout all=off uptime,level,tags foldmultilines=false
 #1: stderr all=off uptime,level,tags foldmultilines=false

Release file:
IMPLEMENTOR="Oracle Corporation" 
JAVA_RUNTIME_VERSION="25.0.1+8-27" 
JAVA_VERSION="25.0.1" 
JAVA_VERSION_DATE="2025-10-21" 
LIBC="default" 
MODULES="java.base java.compiler java.datatransfer java.xml java.prefs java.desktop java.instrument java.logging java.management java.security.sasl java.naming java.rmi java.management.rmi java.net.http java.scripting java.security.jgss java.transaction.xa java.sql java.sql.rowset java.xml.crypto java.se java.smartcardio jdk.accessibility jdk.internal.jvmstat jdk.attach jdk.charsets jdk.internal.opt jdk.zipfs jdk.compiler jdk.crypto.cryptoki jdk.crypto.ec jdk.crypto.mscapi jdk.dynalink jdk.internal.ed jdk.editpad jdk.internal.vm.ci jdk.graal.compiler jdk.graal.compiler.management jdk.hotspot.agent jdk.httpserver jdk.incubator.vector jdk.internal.le jdk.internal.md jdk.jartool jdk.javadoc jdk.jcmd jdk.management jdk.management.agent jdk.jconsole jdk.jdeps jdk.jdwp.agent jdk.jdi jdk.jfr jdk.jlink jdk.jpackage jdk.jshell jdk.jsobject jdk.jstatd jdk.localedata jdk.management.jfr jdk.naming.dns jdk.naming.rmi jdk.net jdk.nio.mapmode jdk.sctp jdk.security.auth jdk.security.jgss jdk.unsupported jdk.unsupported.desktop jdk.xml.dom" 
OS_ARCH="x86_64" 
OS_NAME="Windows" 
SOURCE=".:git:78770bfaefd2" 

Environment Variables:
PATH=C:\Program Files (x86)\Common Files\Oracle\Java\java8path;C:\Program Files (x86)\Common Files\Oracle\Java\javapath;C:\WINDOWS\system32;C:\WINDOWS;C:\WINDOWS\System32\Wbem;C:\WINDOWS\System32\WindowsPowerShell\v1.0\;C:\WINDOWS\System32\OpenSSH\;C:\Users\duytr\AppData\Local\Programs\Python\Launcher\;C:\Users\duytr\AppData\Local\Microsoft\WindowsApps;C:\Users\duytr\AppData\Local\Programs\Microsoft VS Code\bin;
USERNAME=Thanh Nguyen
OS=Windows_NT
PROCESSOR_IDENTIFIER=Intel64 Family 6 Model 140 Stepping 1, GenuineIntel
TMP=C:\Users\duytr\AppData\Local\Temp
TEMP=C:\Users\duytr\AppData\Local\Temp




Compilation memory statistics disabled.

Periodic native trim disabled

---------------  S Y S T E M  ---------------

OS:
 Windows 11 , 64 bit Build 26100 (10.0.26100.6725)
OS uptime: 6 days 2:24 hours

CPU: total 4 (initial active 4) (2 cores per cpu, 2 threads per core) family 6 model 140 stepping 1 microcode 0xa4, cx8, cmov, fxsr, ht, mmx, 3dnowpref, sse, sse2, sse3, ssse3, sse4.1, sse4.2, popcnt, lzcnt, tsc, tscinvbit, avx, avx2, aes, erms, clmul, bmi1, bmi2, adx, avx512f, avx512dq, avx512cd, avx512bw, avx512vl, sha, fma, vzeroupper, avx512_vpopcntdq, avx512_vpclmulqdq, avx512_vaes, avx512_vnni, clflush, clflushopt, clwb, avx512_vbmi2, avx512_vbmi, rdtscp, rdpid, fsrm, gfni, avx512_bitalg, f16c, pku, cet_ibt, cet_ss, avx512_ifma
Processor Information for processor 0
  Max Mhz: 2995, Current Mhz: 2995, Mhz Limit: 2995
Processor Information for processor 1
  Max Mhz: 2995, Current Mhz: 2995, Mhz Limit: 2995
Processor Information for processor 2
  Max Mhz: 2995, Current Mhz: 1198, Mhz Limit: 2995
Processor Information for processor 3
  Max Mhz: 2995, Current Mhz: 2995, Mhz Limit: 2995

Memory: 4k page, system-wide physical 7739M (1060M free)
TotalPageFile size 19505M (AvailPageFile size 2062M)
current process WorkingSet (physical memory assigned to process): 242M, peak: 269M
current process commit charge ("private bytes"): 316M, peak: 356M

vm_info: OpenJDK 64-Bit Server VM (25.0.1+8-27) for windows-amd64 JRE (25.0.1+8-27), built on 2025-09-25T16:41:16Z with unknown MS VC++:1943

END.
