#
# A fatal error has been detected by the Java Runtime Environment:
#
#  EXCEPTION_ACCESS_VIOLATION (0xc0000005) at pc=0x00007ffa1da3a5d7, pid=14008, tid=21464
#
# JRE version: OpenJDK Runtime Environment (25.0.1+8) (build 25.0.1+8-27)
# Java VM: OpenJDK 64-Bit Server VM (25.0.1+8-27, mixed mode, sharing, tiered, compressed oops, compressed class ptrs, g1 gc, windows-amd64)
# Problematic frame:
# C  [glass.dll+0x2a5d7]
#
# No core dump will be written. Minidumps are not enabled by default on client versions of Windows
#
# If you would like to submit a bug report, please visit:
#   https://bugreport.java.com/bugreport/crash.jsp
#

---------------  S U M M A R Y ------------

Command Line: --module-path=C:\javafx-sdk-25.0.1\lib --add-modules=javafx.controls,javafx.fxml -javaagent:C:\Program Files\JetBrains\IntelliJ IDEA 2025.2.4\lib\idea_rt.jar=57309 -Dfile.encoding=UTF-8 -Dsun.stdout.encoding=UTF-8 -Dsun.stderr.encoding=UTF-8 Main

Host: 11th Gen Intel(R) Core(TM) i3-1115G4 @ 3.00GHz, 4 cores, 7G,  Windows 11 , 64 bit Build 26100 (10.0.26100.6725)
Time: Wed Dec 24 19:34:37 2025 SE Asia Standard Time elapsed time: 532.272361 seconds (0d 0h 8m 52s)

---------------  T H R E A D  ---------------

Current thread (0x000001b1584c05e0):  VMThread "VM Thread"          [id=21464, stack(0x0000005cf0e00000,0x0000005cf0f00000) (1024K)]

Stack: [0x0000005cf0e00000,0x0000005cf0f00000],  sp=0x0000005cf0eff090,  free space=1020k
Native frames: (J=compiled Java code, j=interpreted, Vv=VM code, C=native code)
C  [glass.dll+0x2a5d7]  (no source info available)
C  [ucrtbase.dll+0x4bc75]  (no source info available)
C  [ucrtbase.dll+0x4b897]  (no source info available)
C  [ucrtbase.dll+0x4b84d]  (no source info available)
C  [glass.dll+0x27b65]  (no source info available)
C  [glass.dll+0x27c81]  (no source info available)
C  [ntdll.dll+0x15f89e]  (no source info available)
C  [ntdll.dll+0xbcae]  (no source info available)
C  [ntdll.dll+0x8d4af]  (no source info available)
C  [ntdll.dll+0x8c67e]  (no source info available)
C  [KERNEL32.DLL+0x418ab]  (no source info available)
C  [ucrtbase.dll+0xa0093]  (no source info available)
V  [jvm.dll+0x79eb3a]  (no source info available)
V  [jvm.dll+0x79f001]  (no source info available)
V  [jvm.dll+0x79eb20]  (no source info available)
V  [jvm.dll+0x47a184]  (no source info available)
V  [jvm.dll+0x96f091]  (no source info available)
V  [jvm.dll+0x9703ad]  (no source info available)
V  [jvm.dll+0x970929]  (no source info available)
V  [jvm.dll+0x970bd3]  (no source info available)
V  [jvm.dll+0x906a0d]  (no source info available)
V  [jvm.dll+0x7a5135]  (no source info available)
C  [ucrtbase.dll+0x37b0]  (no source info available)
C  [KERNEL32.DLL+0x2e8d7]  (no source info available)
C  [ntdll.dll+0x8c53c]  (no source info available)


siginfo: EXCEPTION_ACCESS_VIOLATION (0xc0000005), reading address 0x0000000000000000


Registers:
RAX=0x0000000000000000, RBX=0x000001b1584cee82, RCX=0x000001b1584c05e0, RDX=0x0000005cf0eff090
RSP=0x0000005cf0eff090, RBP=0x0000240e22600e32, RSI=0x000001b15e3804d0, RDI=0x000001b15e3804b0
R8 =0x0000000000010002, R9 =0x00007ff9a3b570f0, R10=0x000001b139c30000, R11=0x000001b15e03a770
R12=0x0000000000000001, R13=0x00007ffa1da37cc8, R14=0x0000005cf0eff198, R15=0x000001b15e3804b0
RIP=0x00007ffa1da3a5d7, EFLAGS=0x0000000000010206

XMM[0]=0x0000000000000000 0x0000000000000000
XMM[1]=0x0000000000000000 0x0000000000000000
XMM[2]=0x0000000000000000 0x0000000000000000
XMM[3]=0x0000000000000000 0x0000000000000000
XMM[4]=0x0000000000000000 0x0000000000000000
XMM[5]=0x0000000000000000 0x0000000000000000
XMM[6]=0x0000000000000000 0x0000000000000000
XMM[7]=0x0000000000000000 0x0000000000000000
XMM[8]=0x0000000000000000 0x404e000000000000
XMM[9]=0x0000000000000000 0x0000000000000000
XMM[10]=0x0000000000000000 0x0000000000000000
XMM[11]=0x0000000000000000 0x0000000000000000
XMM[12]=0x0000000000000000 0x0000000000000000
XMM[13]=0x0000000000000000 0x0000000000000000
XMM[14]=0x0000000000000000 0x0000000000000000
XMM[15]=0x0000000000000000 0x0000000000000000
  MXCSR=0x00001fa0


Register to memory mapping:

RAX=0x0 is null
RBX=0x000001b1584cee82 is a global jni handle
RCX=0x000001b1584c05e0 points into unknown readable memory: 0x00007ff9a41fe360 | 60 e3 1f a4 f9 7f 00 00
RDX=0x0000005cf0eff090 points into unknown readable memory: 0x0000000000000000 | 00 00 00 00 00 00 00 00
RSP=0x0000005cf0eff090 points into unknown readable memory: 0x0000000000000000 | 00 00 00 00 00 00 00 00
RBP=0x0000240e22600e32 is an unknown value
RSI=0x000001b15e3804d0 points into unknown readable memory: 0x0000240e22600e32 | 32 0e 60 22 0e 24 00 00
RDI=0x000001b15e3804b0 points into unknown readable memory: 0x0000240e22600e32 | 32 0e 60 22 0e 24 00 00
R8 =0x0000000000010002 is an unknown value
R9 =0x00007ff9a3b570f0 jvm.dll
R10=0x000001b139c30000 points into unknown readable memory: 0x0000000000000000 | 00 00 00 00 00 00 00 00
R11=0x000001b15e03a770 points into unknown readable memory: 0x000001b1656a2f40 | 40 2f 6a 65 b1 01 00 00
R12=0x0000000000000001 is an unknown value
R13=0x00007ffa1da37cc8 glass.dll
R14=0x0000005cf0eff198 points into unknown readable memory: 0x0000005cf0eff180 | 80 f1 ef f0 5c 00 00 00
R15=0x000001b15e3804b0 points into unknown readable memory: 0x0000240e22600e32 | 32 0e 60 22 0e 24 00 00

Top of Stack: (sp=0x0000005cf0eff090)
0x0000005cf0eff090:   0000000000000000 000001b100000000   ................
0x0000005cf0eff0a0:   000001b15e03a680 0000000000000001   ...^............
0x0000005cf0eff0b0:   000001b15e3804b0 00007ffa5ecabc75   ..8^....u..^....
0x0000005cf0eff0c0:   000001b15e3804b0 000001b100000000   ..8^............
0x0000005cf0eff0d0:   000001b15e3804c8 0000240e22600e32   ..8^....2.`".$..
0x0000005cf0eff0e0:   fffffffffffffffe 0000005cf0eff168   ........h...\...
0x0000005cf0eff0f0:   00007ffa1da10000 00007ffa1da10000   ................
0x0000005cf0eff100:   0000005cf0eff188 00007ffa5ecab897   ....\......^....
0x0000005cf0eff110:   0000005cf0eff100 0000005cf0eff198   ....\.......\...
0x0000005cf0eff120:   0000005cf0eff480 00007ffa5ed988c0   ....\......^....
0x0000005cf0eff130:   0000000000000001 00007ffa5ecab84d   ........M..^....
0x0000005cf0eff140:   0000000000000000 0000000000000001   ................
0x0000005cf0eff150:   00007ffa3139dfc0 0000005cf0eff188   ..91........\...
0x0000005cf0eff160:   fffffffffffffffe 0000005cf0eff150   ........P...\...
0x0000005cf0eff170:   0000000000000000 00007ffa1da37b65   ........e{......
0x0000005cf0eff180:   00007ffa1da50e90 0000000000000002   ................
0x0000005cf0eff190:   00007ffa00000002 0000005cf0eff180   ............\...
0x0000005cf0eff1a0:   0000000000000000 00007ffa5d765e37   ........7^v]....
0x0000005cf0eff1b0:   0000000000000000 00007ffa1da37c81   .........|......
0x0000005cf0eff1c0:   0000000000000001 000000007ffe0385   ................
0x0000005cf0eff1d0:   0000000000000001 00007ffa60fea6af   ...........`....
0x0000005cf0eff1e0:   00007ffa5d760000 0000005cf0eff480   ..v]........\...
0x0000005cf0eff1f0:   0000000000000001 0000000000000000   ................
0x0000005cf0eff200:   0000000000000000 000000007ffe0384   ................
0x0000005cf0eff210:   000001b15de2a4f0 00007ffa6113f89e   ...].......a....
0x0000005cf0eff220:   00007ffa1da10000 000001b100000000   ................
0x0000005cf0eff230:   0000000000000001 000000007ffe0385   ................
0x0000005cf0eff240:   00007ffa1da3b588 00007ffa60febcae   ...........`....
0x0000005cf0eff250:   0000000000000000 0000000000000000   ................
0x0000005cf0eff260:   0000000000000000 0000000000000000   ................
0x0000005cf0eff270:   0000000000000000 0000000000000000   ................
0x0000005cf0eff280:   0000000000000000 0000000000000000   ................

Instructions: (pc=0x00007ffa1da3a5d7)
  0x00007ffa1da3a4d7:   8b 4d 58 e8 cd ce ff ff 48 8b 4d 60 e8 c4 ce ff
  0x00007ffa1da3a4e7:   ff 48 8b 95 80 00 00 00 48 8b 8d 18 01 00 00 e8
  0x00007ffa1da3a4f7:   76 c4 ff ff 33 d2 33 c9 e8 7c e0 ff ff 90 48 89
  0x00007ffa1da3a507:   54 24 10 55 48 83 ec 20 48 8b ea 48 b8 00 00 00
  0x00007ffa1da3a517:   00 00 00 00 00 48 83 c4 20 5d c3 cc 40 55 48 8b
  0x00007ffa1da3a527:   ea 48 8b 01 33 c9 81 38 05 00 00 c0 0f 94 c1 8b
  0x00007ffa1da3a537:   c1 5d c3 cc 40 55 48 83 ec 20 48 8b ea 8a 4d 40
  0x00007ffa1da3a547:   48 83 c4 20 5d e9 a3 d2 ff ff cc 40 55 48 83 ec
  0x00007ffa1da3a557:   20 48 8b ea 8a 4d 20 e8 91 d2 ff ff 90 48 83 c4
  0x00007ffa1da3a567:   20 5d c3 cc 40 55 48 83 ec 20 48 8b ea 48 83 c4
  0x00007ffa1da3a577:   20 5d e9 02 d1 ff ff cc 40 55 48 83 ec 30 48 8b
  0x00007ffa1da3a587:   ea 48 8b 01 8b 10 48 89 4c 24 28 89 54 24 20 4c
  0x00007ffa1da3a597:   8d 0d 1b d4 ff ff 4c 8b 45 70 8b 55 68 48 8b 4d
  0x00007ffa1da3a5a7:   60 e8 43 d0 ff ff 90 48 83 c4 30 5d c3 cc cc cc
  0x00007ffa1da3a5b7:   cc cc cc cc cc cc cc cc cc 40 53 48 83 ec 20 48
  0x00007ffa1da3a5c7:   8b 1d 6b 63 01 00 48 85 db 74 19 e8 a9 89 ff ff
=>0x00007ffa1da3a5d7:   48 8b 08 4c 8b 81 b0 00 00 00 48 8b d3 48 8b c8
  0x00007ffa1da3a5e7:   41 ff d0 90 48 83 c4 20 5b c3 cc cc cc cc cc cc
  0x00007ffa1da3a5f7:   cc cc cc cc cc cc cc cc cc 40 53 48 83 ec 20 48
  0x00007ffa1da3a607:   8b 1d 9b 64 01 00 48 85 db 74 57 b8 ff ff ff ff
  0x00007ffa1da3a617:   f0 0f c1 43 10 83 f8 01 75 3d 48 85 db 74 38 48
  0x00007ffa1da3a627:   8b 0b 48 85 c9 74 0d ff 15 64 0c 00 00 48 c7 03
  0x00007ffa1da3a637:   00 00 00 00 48 8b 4b 08 48 85 c9 74 0d e8 63 cd
  0x00007ffa1da3a647:   ff ff 48 c7 43 08 00 00 00 00 ba 18 00 00 00 48
  0x00007ffa1da3a657:   8b cb e8 4e cd ff ff 48 c7 05 3f 64 01 00 00 00
  0x00007ffa1da3a667:   00 00 48 83 c4 20 5b c3 cc 40 53 48 83 ec 20 48
  0x00007ffa1da3a677:   8b 1d 0b 64 01 00 48 85 db 74 57 b8 ff ff ff ff
  0x00007ffa1da3a687:   f0 0f c1 43 10 83 f8 01 75 3d 48 85 db 74 38 48
  0x00007ffa1da3a697:   8b 0b 48 85 c9 74 0d ff 15 f4 0b 00 00 48 c7 03
  0x00007ffa1da3a6a7:   00 00 00 00 48 8b 4b 08 48 85 c9 74 0d e8 f3 cc
  0x00007ffa1da3a6b7:   ff ff 48 c7 43 08 00 00 00 00 ba 18 00 00 00 48
  0x00007ffa1da3a6c7:   8b cb e8 de cc ff ff 48 c7 05 af 63 01 00 00 00


Stack slot to memory mapping:

stack at sp + 0 slots: 0x0 is null
stack at sp + 1 slots: 0x000001b100000000 is an unknown value
stack at sp + 2 slots: 0x000001b15e03a680 points into unknown readable memory: 0x000001b15e03a7f0 | f0 a7 03 5e b1 01 00 00
stack at sp + 3 slots: 0x0000000000000001 is an unknown value
stack at sp + 4 slots: 0x000001b15e3804b0 points into unknown readable memory: 0x0000240e22600e32 | 32 0e 60 22 0e 24 00 00
stack at sp + 5 slots: 0x00007ffa5ecabc75 ucrtbase.dll
stack at sp + 6 slots: 0x000001b15e3804b0 points into unknown readable memory: 0x0000240e22600e32 | 32 0e 60 22 0e 24 00 00
stack at sp + 7 slots: 0x000001b100000000 is an unknown value

VM_Operation (0x0000005cf04feeb0): Exit, mode: safepoint, requested by thread 0x000001b15d3484a0


---------------  P R O C E S S  ---------------

Threads class SMR info:
_java_thread_list=0x000001b165560630, length=20, elements={
0x000001b13c0f03d0, 0x000001b1584d2ec0, 0x000001b1584d3d20, 0x000001b1584dade0,
0x000001b1584e3ee0, 0x000001b1584e6620, 0x000001b1584e8080, 0x000001b1584f9330,
0x000001b15860bec0, 0x000001b1588470f0, 0x000001b15d7eb7a0, 0x000001b15e3b8950,
0x000001b15d7f8a90, 0x000001b15d744620, 0x000001b15de93ae0, 0x000001b15d5f9c20,
0x000001b15d5fa3f0, 0x000001b15e28a530, 0x000001b15e28bca0, 0x000001b15d3484a0
}

Java Threads: ( => current thread )
  0x000001b13c0f03d0 JavaThread "main"                              [_thread_blocked, id=21744, stack(0x0000005cf0700000,0x0000005cf0800000) (1024K)]
  0x000001b1584d2ec0 JavaThread "Reference Handler"          daemon [_thread_blocked, id=27040, stack(0x0000005cf0f00000,0x0000005cf1000000) (1024K)]
  0x000001b1584d3d20 JavaThread "Finalizer"                  daemon [_thread_blocked, id=15384, stack(0x0000005cf1000000,0x0000005cf1100000) (1024K)]
  0x000001b1584dade0 JavaThread "Attach Listener"            daemon [_thread_blocked, id=8184, stack(0x0000005cf1200000,0x0000005cf1300000) (1024K)]
  0x000001b1584e3ee0 JavaThread "Service Thread"             daemon [_thread_blocked, id=25752, stack(0x0000005cf1300000,0x0000005cf1400000) (1024K)]
  0x000001b1584e6620 JavaThread "Monitor Deflation Thread"   daemon [_thread_blocked, id=25244, stack(0x0000005cf1400000,0x0000005cf1500000) (1024K)]
  0x000001b1584e8080 JavaThread "C2 CompilerThread0"         daemon [_thread_blocked, id=19560, stack(0x0000005cf1500000,0x0000005cf1600000) (1024K)]
  0x000001b1584f9330 JavaThread "C1 CompilerThread0"         daemon [_thread_blocked, id=7704, stack(0x0000005cf1600000,0x0000005cf1700000) (1024K)]
  0x000001b15860bec0 JavaThread "Common-Cleaner"             daemon [_thread_blocked, id=6440, stack(0x0000005cf1700000,0x0000005cf1800000) (1024K)]
  0x000001b1588470f0 JavaThread "Monitor Ctrl-Break"         daemon [_thread_in_native, id=13140, stack(0x0000005cf1900000,0x0000005cf1a00000) (1024K)]
  0x000001b15d7eb7a0 JavaThread "Notification Thread"        daemon [_thread_blocked, id=27152, stack(0x0000005cf1a00000,0x0000005cf1b00000) (1024K)]
  0x000001b15e3b8950 JavaThread "QuantumRenderer-0"          daemon [_thread_blocked, id=28216, stack(0x0000005cf1b00000,0x0000005cf1c00000) (1024K)]
  0x000001b15d7f8a90 JavaThread "InvokeLaterDispatcher"      daemon [_thread_blocked, id=25464, stack(0x0000005cf1c00000,0x0000005cf1d00000) (1024K)]
  0x000001b15d744620 JavaThread "JavaFX Application Thread"         [_thread_in_native, id=21212, stack(0x0000005cf1d00000,0x0000005cf1e00000) (1024K)]
  0x000001b15de93ae0 JavaThread "JavaFX-Launcher"                   [_thread_blocked, id=25444, stack(0x0000005cf2600000,0x0000005cf2700000) (1024K)]
  0x000001b15d5f9c20 JavaThread "Thread-2"                   daemon [_thread_in_native, id=19020, stack(0x0000005cf1800000,0x0000005cf1900000) (1024K)]
  0x000001b15d5fa3f0 JavaThread "Timer-0"                    daemon [_thread_blocked, id=8804, stack(0x0000005cf2700000,0x0000005cf2800000) (1024K)]
  0x000001b15e28a530 JavaThread "Prism Font Disposer"        daemon [_thread_blocked, id=26720, stack(0x0000005cf2c00000,0x0000005cf2d00000) (1024K)]
  0x000001b15e28bca0 JavaThread "Cleaner-0"                  daemon [_thread_blocked, id=6004, stack(0x0000005cf2d00000,0x0000005cf2e00000) (1024K)]
  0x000001b15d3484a0 JavaThread "SIGINT handler"             daemon [_thread_blocked, id=10932, stack(0x0000005cf0400000,0x0000005cf0500000) (1024K)]
Total: 20

Other Threads:
=>0x000001b1584c05e0 VMThread "VM Thread"                           [id=21464, stack(0x0000005cf0e00000,0x0000005cf0f00000) (1024K)]
  0x000001b13c145200 WorkerThread "GC Thread#0"                     [id=10428, stack(0x0000005cf0800000,0x0000005cf0900000) (1024K)]
  0x000001b15e1ecf60 WorkerThread "GC Thread#1"                     [id=27576, stack(0x0000005cf2800000,0x0000005cf2900000) (1024K)]
  0x000001b15e1ed390 WorkerThread "GC Thread#2"                     [id=1436, stack(0x0000005cf2900000,0x0000005cf2a00000) (1024K)]
  0x000001b15e1ed7c0 WorkerThread "GC Thread#3"                     [id=17728, stack(0x0000005cf2a00000,0x0000005cf2b00000) (1024K)]
  0x000001b139ebdc60 ConcurrentGCThread "G1 Main Marker"            terminated
  0x000001b139ebeb80 WorkerThread "G1 Conc#0"                       [id=27344, stack(0x0000005cf0a00000,0x0000005cf0b00000) (1024K)]
  0x000001b13c193780 ConcurrentGCThread "G1 Refine#0"               terminated
  0x000001b13c194190 ConcurrentGCThread "G1 Service"                terminated
Total: 9

Threads with active compile tasks:
Total: 0

VM state: at safepoint (shutting down)

VM Mutex/Monitor currently owned by a thread:  ([mutex/lock_event])
[0x00007ff9a43e94e8] Threads_lock - owner thread: 0x000001b1584c05e0
[0x00007ff9a43e9668] Heap_lock - owner thread: 0x000001b15d3484a0

Heap address: 0x0000000087000000, size: 1936 MB, Compressed Oops mode: 32-bit

CDS archive(s) mapped at: [0x0000000023000000-0x0000000023dd0000-0x0000000023dd0000), size 14483456, SharedBaseAddress: 0x0000000023000000, ArchiveRelocationMode: 1.
Compressed class space mapped at: 0x0000000024000000-0x0000000064000000, reserved size: 1073741824
UseCompressedClassPointers 1, UseCompactObjectHeaders 0
Narrow klass pointer bits 32, Max shift 3
Narrow klass base: 0x0000000023000000, Narrow klass shift: 0
Encoding Range: [0x0000000023000000 - 0x0000000123000000), (4294967296 bytes)
Klass Range:    [0x0000000023010000 - 0x0000000064000000), (1090453504 bytes)
Klass ID Range:  [65536 - 1090519033) (1090453497)
Protection zone: [0x0000000023000000 - 0x0000000023010000), (65536 bytes)

GC Precious Log:
 CardTable entry size: 512
 Card Set container configuration: InlinePtr #cards 5 size 8 Array Of Cards #cards 10 size 36 Howl #buckets 4 coarsen threshold 1843 Howl Bitmap #cards 512 size 80 coarsen threshold 460 Card regions per heap region 1 cards per card region 2048
 CPUs: 4 total, 4 available
 Memory: 7739M
 Large Page Support: Disabled
 NUMA Support: Disabled
 Compressed Oops: Enabled (32-bit)
 Heap Region Size: 1M
 Heap Min Capacity: 8M
 Heap Initial Capacity: 122M
 Heap Max Capacity: 1936M
 Pre-touch: Disabled
 Parallel Workers: 4
 Concurrent Workers: 1
 Concurrent Refinement Workers: 4
 Periodic GC: Disabled

Heap:
 garbage-first heap   total reserved 1982464K, committed 126976K, used 50409K [0x0000000087000000, 0x0000000100000000)
  region size 1024K, 45 young (46080K), 7 survivors (7168K)

Heap Regions: E=young(eden), S=young(survivor), O=old, HS=humongous(starts), HC=humongous(continues), CS=collection set, F=free, TAMS=top-at-mark-start, PB=parsable bottom
|   0|0x0000000087000000, 0x0000000087015610, 0x0000000087100000|  8%| O|  |TAMS 0x0000000087000000| PB 0x0000000087000000| Untracked |  0
|   1|0x0000000087100000, 0x0000000087200000, 0x0000000087200000|100%|HS|  |TAMS 0x0000000087100000| PB 0x0000000087100000| Complete |  0
|   2|0x0000000087200000, 0x0000000087300000, 0x0000000087300000|100%|HC|  |TAMS 0x0000000087200000| PB 0x0000000087200000| Complete |  0
|   3|0x0000000087300000, 0x0000000087400000, 0x0000000087400000|100%|HS|  |TAMS 0x0000000087300000| PB 0x0000000087300000| Complete |  0
|   4|0x0000000087400000, 0x0000000087500000, 0x0000000087500000|100%|HC|  |TAMS 0x0000000087400000| PB 0x0000000087400000| Complete |  0
|   5|0x0000000087500000, 0x0000000087500000, 0x0000000087600000|  0%| F|  |TAMS 0x0000000087500000| PB 0x0000000087500000| Untracked |  0
|   6|0x0000000087600000, 0x0000000087600000, 0x0000000087700000|  0%| F|  |TAMS 0x0000000087600000| PB 0x0000000087600000| Untracked |  0
|   7|0x0000000087700000, 0x0000000087700000, 0x0000000087800000|  0%| F|  |TAMS 0x0000000087700000| PB 0x0000000087700000| Untracked |  0
|   8|0x0000000087800000, 0x0000000087800000, 0x0000000087900000|  0%| F|  |TAMS 0x0000000087800000| PB 0x0000000087800000| Untracked |  0
|   9|0x0000000087900000, 0x0000000087900000, 0x0000000087a00000|  0%| F|  |TAMS 0x0000000087900000| PB 0x0000000087900000| Untracked |  0
|  10|0x0000000087a00000, 0x0000000087a00000, 0x0000000087b00000|  0%| F|  |TAMS 0x0000000087a00000| PB 0x0000000087a00000| Untracked |  0
|  11|0x0000000087b00000, 0x0000000087b00000, 0x0000000087c00000|  0%| F|  |TAMS 0x0000000087b00000| PB 0x0000000087b00000| Untracked |  0
|  12|0x0000000087c00000, 0x0000000087c00000, 0x0000000087d00000|  0%| F|  |TAMS 0x0000000087c00000| PB 0x0000000087c00000| Untracked |  0
|  13|0x0000000087d00000, 0x0000000087d00000, 0x0000000087e00000|  0%| F|  |TAMS 0x0000000087d00000| PB 0x0000000087d00000| Untracked |  0
|  14|0x0000000087e00000, 0x0000000087e00000, 0x0000000087f00000|  0%| F|  |TAMS 0x0000000087e00000| PB 0x0000000087e00000| Untracked |  0
|  15|0x0000000087f00000, 0x0000000087f00000, 0x0000000088000000|  0%| F|  |TAMS 0x0000000087f00000| PB 0x0000000087f00000| Untracked |  0
|  16|0x0000000088000000, 0x0000000088000000, 0x0000000088100000|  0%| F|  |TAMS 0x0000000088000000| PB 0x0000000088000000| Untracked |  0
|  17|0x0000000088100000, 0x0000000088100000, 0x0000000088200000|  0%| F|  |TAMS 0x0000000088100000| PB 0x0000000088100000| Untracked |  0
|  18|0x0000000088200000, 0x0000000088200000, 0x0000000088300000|  0%| F|  |TAMS 0x0000000088200000| PB 0x0000000088200000| Untracked |  0
|  19|0x0000000088300000, 0x0000000088300000, 0x0000000088400000|  0%| F|  |TAMS 0x0000000088300000| PB 0x0000000088300000| Untracked |  0
|  20|0x0000000088400000, 0x0000000088400000, 0x0000000088500000|  0%| F|  |TAMS 0x0000000088400000| PB 0x0000000088400000| Untracked |  0
|  21|0x0000000088500000, 0x0000000088500000, 0x0000000088600000|  0%| F|  |TAMS 0x0000000088500000| PB 0x0000000088500000| Untracked |  0
|  22|0x0000000088600000, 0x0000000088600000, 0x0000000088700000|  0%| F|  |TAMS 0x0000000088600000| PB 0x0000000088600000| Untracked |  0
|  23|0x0000000088700000, 0x0000000088700000, 0x0000000088800000|  0%| F|  |TAMS 0x0000000088700000| PB 0x0000000088700000| Untracked |  0
|  24|0x0000000088800000, 0x0000000088800000, 0x0000000088900000|  0%| F|  |TAMS 0x0000000088800000| PB 0x0000000088800000| Untracked |  0
|  25|0x0000000088900000, 0x0000000088900000, 0x0000000088a00000|  0%| F|  |TAMS 0x0000000088900000| PB 0x0000000088900000| Untracked |  0
|  26|0x0000000088a00000, 0x0000000088a00000, 0x0000000088b00000|  0%| F|  |TAMS 0x0000000088a00000| PB 0x0000000088a00000| Untracked |  0
|  27|0x0000000088b00000, 0x0000000088b00000, 0x0000000088c00000|  0%| F|  |TAMS 0x0000000088b00000| PB 0x0000000088b00000| Untracked |  0
|  28|0x0000000088c00000, 0x0000000088c00000, 0x0000000088d00000|  0%| F|  |TAMS 0x0000000088c00000| PB 0x0000000088c00000| Untracked |  0
|  29|0x0000000088d00000, 0x0000000088d00000, 0x0000000088e00000|  0%| F|  |TAMS 0x0000000088d00000| PB 0x0000000088d00000| Untracked |  0
|  30|0x0000000088e00000, 0x0000000088e00000, 0x0000000088f00000|  0%| F|  |TAMS 0x0000000088e00000| PB 0x0000000088e00000| Untracked |  0
|  31|0x0000000088f00000, 0x0000000088f00000, 0x0000000089000000|  0%| F|  |TAMS 0x0000000088f00000| PB 0x0000000088f00000| Untracked |  0
|  32|0x0000000089000000, 0x0000000089000000, 0x0000000089100000|  0%| F|  |TAMS 0x0000000089000000| PB 0x0000000089000000| Untracked |  0
|  33|0x0000000089100000, 0x0000000089100000, 0x0000000089200000|  0%| F|  |TAMS 0x0000000089100000| PB 0x0000000089100000| Untracked |  0
|  34|0x0000000089200000, 0x0000000089200000, 0x0000000089300000|  0%| F|  |TAMS 0x0000000089200000| PB 0x0000000089200000| Untracked |  0
|  35|0x0000000089300000, 0x0000000089300000, 0x0000000089400000|  0%| F|  |TAMS 0x0000000089300000| PB 0x0000000089300000| Untracked |  0
|  36|0x0000000089400000, 0x0000000089400000, 0x0000000089500000|  0%| F|  |TAMS 0x0000000089400000| PB 0x0000000089400000| Untracked |  0
|  37|0x0000000089500000, 0x0000000089500000, 0x0000000089600000|  0%| F|  |TAMS 0x0000000089500000| PB 0x0000000089500000| Untracked |  0
|  38|0x0000000089600000, 0x0000000089600000, 0x0000000089700000|  0%| F|  |TAMS 0x0000000089600000| PB 0x0000000089600000| Untracked |  0
|  39|0x0000000089700000, 0x0000000089700000, 0x0000000089800000|  0%| F|  |TAMS 0x0000000089700000| PB 0x0000000089700000| Untracked |  0
|  40|0x0000000089800000, 0x0000000089800000, 0x0000000089900000|  0%| F|  |TAMS 0x0000000089800000| PB 0x0000000089800000| Untracked |  0
|  41|0x0000000089900000, 0x0000000089900000, 0x0000000089a00000|  0%| F|  |TAMS 0x0000000089900000| PB 0x0000000089900000| Untracked |  0
|  42|0x0000000089a00000, 0x0000000089a00000, 0x0000000089b00000|  0%| F|  |TAMS 0x0000000089a00000| PB 0x0000000089a00000| Untracked |  0
|  43|0x0000000089b00000, 0x0000000089b00000, 0x0000000089c00000|  0%| F|  |TAMS 0x0000000089b00000| PB 0x0000000089b00000| Untracked |  0
|  44|0x0000000089c00000, 0x0000000089c00000, 0x0000000089d00000|  0%| F|  |TAMS 0x0000000089c00000| PB 0x0000000089c00000| Untracked |  0
|  45|0x0000000089d00000, 0x0000000089d00000, 0x0000000089e00000|  0%| F|  |TAMS 0x0000000089d00000| PB 0x0000000089d00000| Untracked |  0
|  46|0x0000000089e00000, 0x0000000089e00000, 0x0000000089f00000|  0%| F|  |TAMS 0x0000000089e00000| PB 0x0000000089e00000| Untracked |  0
|  47|0x0000000089f00000, 0x0000000089f00000, 0x000000008a000000|  0%| F|  |TAMS 0x0000000089f00000| PB 0x0000000089f00000| Untracked |  0
|  48|0x000000008a000000, 0x000000008a000000, 0x000000008a100000|  0%| F|  |TAMS 0x000000008a000000| PB 0x000000008a000000| Untracked |  0
|  49|0x000000008a100000, 0x000000008a100000, 0x000000008a200000|  0%| F|  |TAMS 0x000000008a100000| PB 0x000000008a100000| Untracked |  0
|  50|0x000000008a200000, 0x000000008a200000, 0x000000008a300000|  0%| F|  |TAMS 0x000000008a200000| PB 0x000000008a200000| Untracked |  0
|  51|0x000000008a300000, 0x000000008a300000, 0x000000008a400000|  0%| F|  |TAMS 0x000000008a300000| PB 0x000000008a300000| Untracked |  0
|  52|0x000000008a400000, 0x000000008a400000, 0x000000008a500000|  0%| F|  |TAMS 0x000000008a400000| PB 0x000000008a400000| Untracked |  0
|  53|0x000000008a500000, 0x000000008a500000, 0x000000008a600000|  0%| F|  |TAMS 0x000000008a500000| PB 0x000000008a500000| Untracked |  0
|  54|0x000000008a600000, 0x000000008a600000, 0x000000008a700000|  0%| F|  |TAMS 0x000000008a600000| PB 0x000000008a600000| Untracked |  0
|  55|0x000000008a700000, 0x000000008a700000, 0x000000008a800000|  0%| F|  |TAMS 0x000000008a700000| PB 0x000000008a700000| Untracked |  0
|  56|0x000000008a800000, 0x000000008a800000, 0x000000008a900000|  0%| F|  |TAMS 0x000000008a800000| PB 0x000000008a800000| Untracked |  0
|  57|0x000000008a900000, 0x000000008a900000, 0x000000008aa00000|  0%| F|  |TAMS 0x000000008a900000| PB 0x000000008a900000| Untracked |  0
|  58|0x000000008aa00000, 0x000000008aa00000, 0x000000008ab00000|  0%| F|  |TAMS 0x000000008aa00000| PB 0x000000008aa00000| Untracked |  0
|  59|0x000000008ab00000, 0x000000008ab00000, 0x000000008ac00000|  0%| F|  |TAMS 0x000000008ab00000| PB 0x000000008ab00000| Untracked |  0
|  60|0x000000008ac00000, 0x000000008ad00000, 0x000000008ad00000|100%| S|CS|TAMS 0x000000008ac00000| PB 0x000000008ac00000| Complete |  0
|  61|0x000000008ad00000, 0x000000008ae00000, 0x000000008ae00000|100%| S|CS|TAMS 0x000000008ad00000| PB 0x000000008ad00000| Complete |  0
|  62|0x000000008ae00000, 0x000000008af00000, 0x000000008af00000|100%| S|CS|TAMS 0x000000008ae00000| PB 0x000000008ae00000| Complete |  0
|  63|0x000000008af00000, 0x000000008b000000, 0x000000008b000000|100%| S|CS|TAMS 0x000000008af00000| PB 0x000000008af00000| Complete |  0
|  64|0x000000008b000000, 0x000000008b100000, 0x000000008b100000|100%| S|CS|TAMS 0x000000008b000000| PB 0x000000008b000000| Complete |  0
|  65|0x000000008b100000, 0x000000008b200000, 0x000000008b200000|100%| S|CS|TAMS 0x000000008b100000| PB 0x000000008b100000| Complete |  0
|  66|0x000000008b200000, 0x000000008b300000, 0x000000008b300000|100%| S|CS|TAMS 0x000000008b200000| PB 0x000000008b200000| Complete |  0
|  67|0x000000008b300000, 0x000000008b300000, 0x000000008b400000|  0%| F|  |TAMS 0x000000008b300000| PB 0x000000008b300000| Untracked |  0
|  68|0x000000008b400000, 0x000000008b400000, 0x000000008b500000|  0%| F|  |TAMS 0x000000008b400000| PB 0x000000008b400000| Untracked |  0
|  69|0x000000008b500000, 0x000000008b500000, 0x000000008b600000|  0%| F|  |TAMS 0x000000008b500000| PB 0x000000008b500000| Untracked |  0
|  70|0x000000008b600000, 0x000000008b600000, 0x000000008b700000|  0%| F|  |TAMS 0x000000008b600000| PB 0x000000008b600000| Untracked |  0
|  71|0x000000008b700000, 0x000000008b700000, 0x000000008b800000|  0%| F|  |TAMS 0x000000008b700000| PB 0x000000008b700000| Untracked |  0
|  72|0x000000008b800000, 0x000000008b800000, 0x000000008b900000|  0%| F|  |TAMS 0x000000008b800000| PB 0x000000008b800000| Untracked |  0
|  73|0x000000008b900000, 0x000000008b900000, 0x000000008ba00000|  0%| F|  |TAMS 0x000000008b900000| PB 0x000000008b900000| Untracked |  0
|  74|0x000000008ba00000, 0x000000008ba00000, 0x000000008bb00000|  0%| F|  |TAMS 0x000000008ba00000| PB 0x000000008ba00000| Untracked |  0
|  75|0x000000008bb00000, 0x000000008bb00000, 0x000000008bc00000|  0%| F|  |TAMS 0x000000008bb00000| PB 0x000000008bb00000| Untracked |  0
|  76|0x000000008bc00000, 0x000000008bc00000, 0x000000008bd00000|  0%| F|  |TAMS 0x000000008bc00000| PB 0x000000008bc00000| Untracked |  0
|  77|0x000000008bd00000, 0x000000008bd00000, 0x000000008be00000|  0%| F|  |TAMS 0x000000008bd00000| PB 0x000000008bd00000| Untracked |  0
|  78|0x000000008be00000, 0x000000008be00000, 0x000000008bf00000|  0%| F|  |TAMS 0x000000008be00000| PB 0x000000008be00000| Untracked |  0
|  79|0x000000008bf00000, 0x000000008bf00000, 0x000000008c000000|  0%| F|  |TAMS 0x000000008bf00000| PB 0x000000008bf00000| Untracked |  0
|  80|0x000000008c000000, 0x000000008c000000, 0x000000008c100000|  0%| F|  |TAMS 0x000000008c000000| PB 0x000000008c000000| Untracked |  0
|  81|0x000000008c100000, 0x000000008c100000, 0x000000008c200000|  0%| F|  |TAMS 0x000000008c100000| PB 0x000000008c100000| Untracked |  0
|  82|0x000000008c200000, 0x000000008c200000, 0x000000008c300000|  0%| F|  |TAMS 0x000000008c200000| PB 0x000000008c200000| Untracked |  0
|  83|0x000000008c300000, 0x000000008c300000, 0x000000008c400000|  0%| F|  |TAMS 0x000000008c300000| PB 0x000000008c300000| Untracked |  0
|  84|0x000000008c400000, 0x000000008c4a14d8, 0x000000008c500000| 63%| E|  |TAMS 0x000000008c400000| PB 0x000000008c400000| Complete |  0
|  85|0x000000008c500000, 0x000000008c600000, 0x000000008c600000|100%| E|CS|TAMS 0x000000008c500000| PB 0x000000008c500000| Complete |  0
|  86|0x000000008c600000, 0x000000008c700000, 0x000000008c700000|100%| E|CS|TAMS 0x000000008c600000| PB 0x000000008c600000| Complete |  0
|  87|0x000000008c700000, 0x000000008c800000, 0x000000008c800000|100%| E|CS|TAMS 0x000000008c700000| PB 0x000000008c700000| Complete |  0
|  88|0x000000008c800000, 0x000000008c900000, 0x000000008c900000|100%| E|CS|TAMS 0x000000008c800000| PB 0x000000008c800000| Complete |  0
|  89|0x000000008c900000, 0x000000008ca00000, 0x000000008ca00000|100%| E|CS|TAMS 0x000000008c900000| PB 0x000000008c900000| Complete |  0
|  90|0x000000008ca00000, 0x000000008cb00000, 0x000000008cb00000|100%| E|CS|TAMS 0x000000008ca00000| PB 0x000000008ca00000| Complete |  0
|  91|0x000000008cb00000, 0x000000008cc00000, 0x000000008cc00000|100%| E|CS|TAMS 0x000000008cb00000| PB 0x000000008cb00000| Complete |  0
|  92|0x000000008cc00000, 0x000000008cd00000, 0x000000008cd00000|100%| E|CS|TAMS 0x000000008cc00000| PB 0x000000008cc00000| Complete |  0
|  93|0x000000008cd00000, 0x000000008ce00000, 0x000000008ce00000|100%| E|CS|TAMS 0x000000008cd00000| PB 0x000000008cd00000| Complete |  0
|  94|0x000000008ce00000, 0x000000008cf00000, 0x000000008cf00000|100%| E|CS|TAMS 0x000000008ce00000| PB 0x000000008ce00000| Complete |  0
|  95|0x000000008cf00000, 0x000000008d000000, 0x000000008d000000|100%| E|CS|TAMS 0x000000008cf00000| PB 0x000000008cf00000| Complete |  0
|  96|0x000000008d000000, 0x000000008d100000, 0x000000008d100000|100%| E|CS|TAMS 0x000000008d000000| PB 0x000000008d000000| Complete |  0
|  97|0x000000008d100000, 0x000000008d200000, 0x000000008d200000|100%| E|CS|TAMS 0x000000008d100000| PB 0x000000008d100000| Complete |  0
|  98|0x000000008d200000, 0x000000008d300000, 0x000000008d300000|100%| E|CS|TAMS 0x000000008d200000| PB 0x000000008d200000| Complete |  0
|  99|0x000000008d300000, 0x000000008d400000, 0x000000008d400000|100%| E|CS|TAMS 0x000000008d300000| PB 0x000000008d300000| Complete |  0
| 100|0x000000008d400000, 0x000000008d500000, 0x000000008d500000|100%| E|CS|TAMS 0x000000008d400000| PB 0x000000008d400000| Complete |  0
| 101|0x000000008d500000, 0x000000008d600000, 0x000000008d600000|100%| E|CS|TAMS 0x000000008d500000| PB 0x000000008d500000| Complete |  0
| 102|0x000000008d600000, 0x000000008d700000, 0x000000008d700000|100%| E|CS|TAMS 0x000000008d600000| PB 0x000000008d600000| Complete |  0
| 103|0x000000008d700000, 0x000000008d800000, 0x000000008d800000|100%| E|CS|TAMS 0x000000008d700000| PB 0x000000008d700000| Complete |  0
| 104|0x000000008d800000, 0x000000008d900000, 0x000000008d900000|100%| E|CS|TAMS 0x000000008d800000| PB 0x000000008d800000| Complete |  0
| 105|0x000000008d900000, 0x000000008da00000, 0x000000008da00000|100%| E|CS|TAMS 0x000000008d900000| PB 0x000000008d900000| Complete |  0
| 106|0x000000008da00000, 0x000000008db00000, 0x000000008db00000|100%| E|CS|TAMS 0x000000008da00000| PB 0x000000008da00000| Complete |  0
| 107|0x000000008db00000, 0x000000008dc00000, 0x000000008dc00000|100%| E|CS|TAMS 0x000000008db00000| PB 0x000000008db00000| Complete |  0
| 108|0x000000008dc00000, 0x000000008dd00000, 0x000000008dd00000|100%| E|CS|TAMS 0x000000008dc00000| PB 0x000000008dc00000| Complete |  0
| 109|0x000000008dd00000, 0x000000008de00000, 0x000000008de00000|100%| E|CS|TAMS 0x000000008dd00000| PB 0x000000008dd00000| Complete |  0
| 110|0x000000008de00000, 0x000000008df00000, 0x000000008df00000|100%| E|CS|TAMS 0x000000008de00000| PB 0x000000008de00000| Complete |  0
| 111|0x000000008df00000, 0x000000008e000000, 0x000000008e000000|100%| E|CS|TAMS 0x000000008df00000| PB 0x000000008df00000| Complete |  0
| 112|0x000000008e000000, 0x000000008e100000, 0x000000008e100000|100%| E|CS|TAMS 0x000000008e000000| PB 0x000000008e000000| Complete |  0
| 113|0x000000008e100000, 0x000000008e200000, 0x000000008e200000|100%| E|CS|TAMS 0x000000008e100000| PB 0x000000008e100000| Complete |  0
| 114|0x000000008e200000, 0x000000008e300000, 0x000000008e300000|100%| E|CS|TAMS 0x000000008e200000| PB 0x000000008e200000| Complete |  0
| 115|0x000000008e300000, 0x000000008e400000, 0x000000008e400000|100%| E|CS|TAMS 0x000000008e300000| PB 0x000000008e300000| Complete |  0
| 116|0x000000008e400000, 0x000000008e500000, 0x000000008e500000|100%| E|CS|TAMS 0x000000008e400000| PB 0x000000008e400000| Complete |  0
| 117|0x000000008e500000, 0x000000008e600000, 0x000000008e600000|100%| E|CS|TAMS 0x000000008e500000| PB 0x000000008e500000| Complete |  0
| 118|0x000000008e600000, 0x000000008e700000, 0x000000008e700000|100%| E|CS|TAMS 0x000000008e600000| PB 0x000000008e600000| Complete |  0
| 119|0x000000008e700000, 0x000000008e800000, 0x000000008e800000|100%| E|CS|TAMS 0x000000008e700000| PB 0x000000008e700000| Complete |  0
| 120|0x000000008e800000, 0x000000008e900000, 0x000000008e900000|100%| E|CS|TAMS 0x000000008e800000| PB 0x000000008e800000| Complete |  0
| 121|0x000000008e900000, 0x000000008ea00000, 0x000000008ea00000|100%| E|CS|TAMS 0x000000008e900000| PB 0x000000008e900000| Complete |  0
|1934|0x00000000ffe00000, 0x00000000fff00000, 0x00000000fff00000|100%| O|  |TAMS 0x00000000ffe00000| PB 0x00000000ffe00000| Untracked |  0
|1935|0x00000000fff00000, 0x00000000fff24ea8, 0x0000000100000000| 14%| O|  |TAMS 0x00000000fff00000| PB 0x00000000fff00000| Untracked |  0

Card table byte_map: [0x000001b153d40000,0x000001b154110000] _byte_map_base: 0x000001b153908000

Marking Bits: (CMBitMap*) 0x000001b13c145990
 Bits: [0x000001b154110000, 0x000001b155f50000)

Polling page: 0x000001b139ee0000

Metaspace:
Metaspace        used 18878K, committed 19136K, reserved 1114112K
 class space     used 2619K, committed 2752K, reserved 1048576K

Usage:
  Non-class:     15.88 MB used.
      Class:      2.56 MB used.
       Both:     18.44 MB used.

Virtual space:
  Non-class space:       64.00 MB reserved,      16.00 MB ( 25%) committed,  1 nodes.
      Class space:        1.00 GB reserved,       2.69 MB ( <1%) committed,  1 nodes.
             Both:        1.06 GB reserved,      18.69 MB (  2%) committed. 

Chunk freelists:
   Non-Class:  32.00 KB
       Class:  13.29 MB
        Both:  13.32 MB

MaxMetaspaceSize: unlimited
CompressedClassSpaceSize: 1.00 GB
Initial GC threshold: 21.00 MB
Current GC threshold: 21.00 MB
CDS: on
 - commit_granule_bytes: 65536.
 - commit_granule_words: 8192.
 - virtual_space_node_default_size: 8388608.
 - enlarge_chunks_in_place: 1.
UseCompressedClassPointers 1, UseCompactObjectHeaders 0
Narrow klass pointer bits 32, Max shift 3
Narrow klass base: 0x0000000023000000, Narrow klass shift: 0
Encoding Range: [0x0000000023000000 - 0x0000000123000000), (4294967296 bytes)
Klass Range:    [0x0000000023010000 - 0x0000000064000000), (1090453504 bytes)
Klass ID Range:  [65536 - 1090519033) (1090453497)
Protection zone: [0x0000000023000000 - 0x0000000023010000), (65536 bytes)


Internal statistics:

num_allocs_failed_limit: 0.
num_arena_births: 194.
num_arena_deaths: 0.
num_vsnodes_births: 2.
num_vsnodes_deaths: 0.
num_space_committed: 299.
num_space_uncommitted: 0.
num_chunks_returned_to_freelist: 0.
num_chunks_taken_from_freelist: 805.
num_chunk_merges: 0.
num_chunk_splits: 584.
num_chunks_enlarged: 492.
num_inconsistent_stats: 0.

CodeHeap 'non-profiled nmethods': size=120064Kb used=1545Kb max_used=1545Kb free=118518Kb
 bounds [0x000001b14c430000, 0x000001b14c6a0000, 0x000001b153970000]
CodeHeap 'profiled nmethods': size=120000Kb used=7805Kb max_used=7805Kb free=112195Kb
 bounds [0x000001b144970000, 0x000001b145110000, 0x000001b14bea0000]
CodeHeap 'non-nmethods': size=5696Kb used=1974Kb max_used=2062Kb free=3722Kb
 bounds [0x000001b14bea0000, 0x000001b14c110000, 0x000001b14c430000]
CodeCache: size=245760Kb, used=11324Kb, max_used=11412Kb, free=234435Kb
 total_blobs=5435, nmethods=4557, adapters=781, full_count=0
Compilation: enabled, stopped_count=0, restarted_count=0

Compilation events (20 events):
Event: 29.571 Thread 0x000001b1584e8080 4694       4       javafx.beans.binding.ObjectExpression::getValue (5 bytes)
Event: 29.572 Thread 0x000001b1584e8080 nmethod 4694 0x000001b14c5b0488 code [0x000001b14c5b0580, 0x000001b14c5b0620]
Event: 29.628 Thread 0x000001b1584e8080 4695       4       com.sun.glass.ui.Application::checkEventThread (35 bytes)
Event: 29.628 Thread 0x000001b1584f9330 4696       3       javafx.util.Duration::equals (33 bytes)
Event: 29.628 Thread 0x000001b1584f9330 nmethod 4696 0x000001b14510ef88 code [0x000001b14510f080, 0x000001b14510f3f8]
Event: 29.629 Thread 0x000001b1584e8080 nmethod 4695 0x000001b14c5b0788 code [0x000001b14c5b0880, 0x000001b14c5b0920]
Event: 33.253 Thread 0x000001b1584e8080 4697       4       javafx.beans.property.BooleanPropertyBase::get (29 bytes)
Event: 33.254 Thread 0x000001b1584e8080 nmethod 4697 0x000001b14c5b0a88 code [0x000001b14c5b0b80, 0x000001b14c5b0c30]
Event: 33.344 Thread 0x000001b1584e8080 4698       4       javafx.scene.Node::getLocalBounds (162 bytes)
Event: 33.349 Thread 0x000001b1584e8080 nmethod 4698 0x000001b14c5b0d88 code [0x000001b14c5b0ea0, 0x000001b14c5b1750]
Event: 33.760 Thread 0x000001b1584f9330 4699       1       javafx.scene.Scene::getPeer (5 bytes)
Event: 33.760 Thread 0x000001b1584f9330 nmethod 4699 0x000001b14c5b1788 code [0x000001b14c5b1880, 0x000001b14c5b1948]
Event: 34.004 Thread 0x000001b1584f9330 4700       1       javafx.animation.KeyFrame::getValues (5 bytes)
Event: 34.004 Thread 0x000001b1584f9330 nmethod 4700 0x000001b14c5b1a88 code [0x000001b14c5b1b80, 0x000001b14c5b1c48]
Event: 38.047 Thread 0x000001b1584e8080 4701       4       com.sun.javafx.css.BitSet::contains (77 bytes)
Event: 38.049 Thread 0x000001b1584e8080 nmethod 4701 0x000001b14c5b1d88 code [0x000001b14c5b1e80, 0x000001b14c5b1fe8]
Event: 85.927 Thread 0x000001b1584e8080 4702       4       com.sun.javafx.tk.quantum.QuantumToolkit::postPulse (133 bytes)
Event: 85.932 Thread 0x000001b1584e8080 nmethod 4702 0x000001b14c5b2088 code [0x000001b14c5b2180, 0x000001b14c5b2390]
Event: 86.568 Thread 0x000001b1584e8080 4703       4       com.sun.javafx.tk.quantum.QuantumToolkit$$Lambda/0x0000000024060648::run (8 bytes)
Event: 86.572 Thread 0x000001b1584e8080 nmethod 4703 0x000001b14c5b2408 code [0x000001b14c5b2500, 0x000001b14c5b2750]

GC Heap Usage History (4 events):
Event: 0.614 {heap Before GC invocations=0 (full 0):
 garbage-first heap   total reserved 1982464K, committed 126976K, used 28819K [0x0000000087000000, 0x0000000100000000)
  region size 1024K, 28 young (28672K), 0 survivors (0K)
}
Event: 0.616 {heap After GC invocations=1 (full 0):
 garbage-first heap   total reserved 1982464K, committed 126976K, used 4115K [0x0000000087000000, 0x0000000100000000)
  region size 1024K, 3 young (3072K), 3 survivors (3072K)
}
Event: 1.510 {heap Before GC invocations=1 (full 0):
 garbage-first heap   total reserved 1982464K, committed 126976K, used 56339K [0x0000000087000000, 0x0000000100000000)
  region size 1024K, 55 young (56320K), 3 survivors (3072K)
}
Event: 1.518 {heap After GC invocations=2 (full 0):
 garbage-first heap   total reserved 1982464K, committed 126976K, used 8425K [0x0000000087000000, 0x0000000100000000)
  region size 1024K, 7 young (7168K), 7 survivors (7168K)
}

Metaspace Usage History (4 events):
Event: 0.614 {metaspace Before GC invocations=0 (full 0):
 Metaspace       used 5923K, committed 6144K, reserved 1114112K
  class space    used 549K, committed 640K, reserved 1048576K
}
Event: 0.616 {metaspace After GC invocations=1 (full 0):
 Metaspace       used 5923K, committed 6144K, reserved 1114112K
  class space    used 549K, committed 640K, reserved 1048576K
}
Event: 1.510 {metaspace Before GC invocations=1 (full 0):
 Metaspace       used 13558K, committed 13760K, reserved 1114112K
  class space    used 1822K, committed 1920K, reserved 1048576K
}
Event: 1.518 {metaspace After GC invocations=2 (full 0):
 Metaspace       used 13558K, committed 13760K, reserved 1114112K
  class space    used 1822K, committed 1920K, reserved 1048576K
}

Dll operation events (20 events):
Event: 0.309 Loaded shared library C:\javafx-sdk-25.0.1\bin\api-ms-win-crt-locale-l1-1-0.dll
Event: 0.310 Loaded shared library C:\javafx-sdk-25.0.1\bin\api-ms-win-crt-math-l1-1-0.dll
Event: 0.311 Loaded shared library C:\javafx-sdk-25.0.1\bin\api-ms-win-crt-multibyte-l1-1-0.dll
Event: 0.312 Loaded shared library C:\javafx-sdk-25.0.1\bin\api-ms-win-crt-private-l1-1-0.dll
Event: 0.314 Loaded shared library C:\javafx-sdk-25.0.1\bin\api-ms-win-crt-process-l1-1-0.dll
Event: 0.315 Loaded shared library C:\javafx-sdk-25.0.1\bin\api-ms-win-crt-runtime-l1-1-0.dll
Event: 0.317 Loaded shared library C:\javafx-sdk-25.0.1\bin\api-ms-win-crt-stdio-l1-1-0.dll
Event: 0.318 Loaded shared library C:\javafx-sdk-25.0.1\bin\api-ms-win-crt-string-l1-1-0.dll
Event: 0.319 Loaded shared library C:\javafx-sdk-25.0.1\bin\api-ms-win-crt-time-l1-1-0.dll
Event: 0.321 Loaded shared library C:\javafx-sdk-25.0.1\bin\api-ms-win-crt-utility-l1-1-0.dll
Event: 0.322 Loaded shared library C:\javafx-sdk-25.0.1\bin\ucrtbase.dll
Event: 0.323 Loaded shared library C:\javafx-sdk-25.0.1\bin\vcruntime140.dll
Event: 0.325 Loaded shared library C:\javafx-sdk-25.0.1\bin\vcruntime140_1.dll
Event: 0.326 Loaded shared library C:\javafx-sdk-25.0.1\bin\msvcp140.dll
Event: 0.328 Loaded shared library C:\javafx-sdk-25.0.1\bin\msvcp140_1.dll
Event: 0.333 Loaded shared library C:\javafx-sdk-25.0.1\bin\msvcp140_2.dll
Event: 0.368 Loaded shared library C:\javafx-sdk-25.0.1\bin\prism_d3d.dll
Event: 0.403 Loaded shared library C:\javafx-sdk-25.0.1\bin\glass.dll
Event: 0.586 Loaded shared library C:\Users\duytr\.jdks\openjdk-25.0.1\bin\jimage.dll
Event: 0.896 Loaded shared library C:\javafx-sdk-25.0.1\bin\javafx_font.dll

Deoptimization events (20 events):
Event: 9.755 Thread 0x000001b15d744620 Uncommon trap: trap_request=0xffffffbe fr.pc=0x000001b14c597ba8 relative=0x00000000000003a8
Event: 9.755 Thread 0x000001b15d744620 Uncommon trap: reason=profile_predicate action=maybe_recompile pc=0x000001b14c597ba8 method=com.sun.javafx.css.CompoundSelector.applies(Ljavafx/css/Styleable;[Ljava/util/Set;I)Z @ 89 c2
Event: 9.755 Thread 0x000001b15d744620 DEOPT PACKING pc=0x000001b14c597ba8 sp=0x0000005cf1dfcdc0
Event: 9.755 Thread 0x000001b15d744620 DEOPT UNPACKING pc=0x000001b14bfcf482 sp=0x0000005cf1dfcd30 mode 2
Event: 14.021 Thread 0x000001b15d744620 Uncommon trap: trap_request=0xffffffd6 fr.pc=0x000001b14c599bd0 relative=0x00000000000002d0
Event: 14.021 Thread 0x000001b15d744620 Uncommon trap: reason=array_check action=maybe_recompile pc=0x000001b14c599bd0 method=com.sun.javafx.css.CompoundSelector.applies(Ljavafx/css/Styleable;[Ljava/util/Set;I)Z @ 133 c2
Event: 14.021 Thread 0x000001b15d744620 DEOPT PACKING pc=0x000001b14c599bd0 sp=0x0000005cf1dfab90
Event: 14.021 Thread 0x000001b15d744620 DEOPT UNPACKING pc=0x000001b14bfcf482 sp=0x0000005cf1dfaaf8 mode 2
Event: 14.022 Thread 0x000001b15d744620 Uncommon trap: trap_request=0xffffffd6 fr.pc=0x000001b14c599bd0 relative=0x00000000000002d0
Event: 14.022 Thread 0x000001b15d744620 Uncommon trap: reason=array_check action=maybe_recompile pc=0x000001b14c599bd0 method=com.sun.javafx.css.CompoundSelector.applies(Ljavafx/css/Styleable;[Ljava/util/Set;I)Z @ 133 c2
Event: 14.022 Thread 0x000001b15d744620 DEOPT PACKING pc=0x000001b14c599bd0 sp=0x0000005cf1dfaa10
Event: 14.022 Thread 0x000001b15d744620 DEOPT UNPACKING pc=0x000001b14bfcf482 sp=0x0000005cf1dfa978 mode 2
Event: 14.027 Thread 0x000001b15d744620 Uncommon trap: trap_request=0xffffffd6 fr.pc=0x000001b14c599bd0 relative=0x00000000000002d0
Event: 14.027 Thread 0x000001b15d744620 Uncommon trap: reason=array_check action=maybe_recompile pc=0x000001b14c599bd0 method=com.sun.javafx.css.CompoundSelector.applies(Ljavafx/css/Styleable;[Ljava/util/Set;I)Z @ 133 c2
Event: 14.027 Thread 0x000001b15d744620 DEOPT PACKING pc=0x000001b14c599bd0 sp=0x0000005cf1dfae70
Event: 14.027 Thread 0x000001b15d744620 DEOPT UNPACKING pc=0x000001b14bfcf482 sp=0x0000005cf1dfadd8 mode 2
Event: 14.027 Thread 0x000001b15d744620 Uncommon trap: trap_request=0xffffffd6 fr.pc=0x000001b14c599bd0 relative=0x00000000000002d0
Event: 14.027 Thread 0x000001b15d744620 Uncommon trap: reason=array_check action=maybe_recompile pc=0x000001b14c599bd0 method=com.sun.javafx.css.CompoundSelector.applies(Ljavafx/css/Styleable;[Ljava/util/Set;I)Z @ 133 c2
Event: 14.027 Thread 0x000001b15d744620 DEOPT PACKING pc=0x000001b14c599bd0 sp=0x0000005cf1dfadf0
Event: 14.027 Thread 0x000001b15d744620 DEOPT UNPACKING pc=0x000001b14bfcf482 sp=0x0000005cf1dfad58 mode 2

Classes loaded (20 events):
Event: 8.485 Loading class java/util/TreeSet
Event: 8.485 Loading class java/util/TreeSet done
Event: 8.487 Loading class java/text/BreakIterator
Event: 8.487 Loading class java/text/BreakIterator done
Event: 8.488 Loading class sun/util/locale/provider/BreakIteratorProviderImpl$GraphemeBreakIterator
Event: 8.488 Loading class sun/util/locale/provider/BreakIteratorProviderImpl$GraphemeBreakIterator done
Event: 8.488 Loading class java/text/StringCharacterIterator
Event: 8.488 Loading class java/text/StringCharacterIterator done
Event: 8.488 Loading class sun/util/locale/provider/BreakIteratorProviderImpl$CharacterIteratorCharSequence
Event: 8.488 Loading class sun/util/locale/provider/BreakIteratorProviderImpl$CharacterIteratorCharSequence done
Event: 8.489 Loading class java/text/BreakIterator$BreakIteratorCache
Event: 8.489 Loading class java/text/BreakIterator$BreakIteratorCache done
Event: 8.489 Loading class jdk/internal/util/regex/Grapheme
Event: 8.490 Loading class jdk/internal/util/regex/Grapheme done
Event: 8.490 Loading class jdk/internal/util/regex/IndicConjunctBreak
Event: 8.491 Loading class jdk/internal/util/regex/IndicConjunctBreak done
Event: 8.531 Loading class java/lang/FdLibm$Acos
Event: 8.531 Loading class java/lang/FdLibm$Acos done
Event: 531.880 Loading class jdk/internal/misc/Signal$1
Event: 531.885 Loading class jdk/internal/misc/Signal$1 done

Classes unloaded (0 events):
No events

Classes redefined (0 events):
No events

Internal exceptions (20 events):
Event: 2.964 Thread 0x000001b15d744620 Exception <a 'java/lang/NoSuchMethodError'{0x000000008e6fa490}: 'long java.lang.invoke.DirectMethodHandle$Holder.invokeStaticInit(java.lang.Object, java.lang.Object, java.lang.Object)'> (0x000000008e6fa490) 
thrown [s\open\src\hotspot\share\interpreter\linkResolver.cpp, line 804]
Event: 3.628 Thread 0x000001b15d744620 Exception <a 'java/lang/NoSuchMethodError'{0x000000008e5630f0}: 'java.lang.Object java.lang.invoke.DirectMethodHandle$Holder.newInvokeSpecial(java.lang.Object, java.lang.Object, java.lang.Object, int, java.lang.Object, java.lang.Object, java.lang.Object, int)'> (0x000000008e5630f0) 
thrown [s\open\src\hotspot\share\interpreter\linkResolver.cpp, line 804]
Event: 8.283 Thread 0x000001b15d744620 Exception <a 'java/io/FileNotFoundException'{0x000000008e1a9b20}> (0x000000008e1a9b20) 
thrown [s\open\src\hotspot\share\prims\jni.cpp, line 516]
Event: 8.283 Thread 0x000001b15d744620 Exception <a 'java/io/FileNotFoundException'{0x000000008e1aa8f0}> (0x000000008e1aa8f0) 
thrown [s\open\src\hotspot\share\prims\jni.cpp, line 516]
Event: 8.284 Thread 0x000001b15d744620 Exception <a 'java/io/FileNotFoundException'{0x000000008e1ab7a8}> (0x000000008e1ab7a8) 
thrown [s\open\src\hotspot\share\prims\jni.cpp, line 516]
Event: 8.285 Thread 0x000001b15d744620 Exception <a 'java/io/FileNotFoundException'{0x000000008e1b94b0}> (0x000000008e1b94b0) 
thrown [s\open\src\hotspot\share\prims\jni.cpp, line 516]
Event: 8.285 Thread 0x000001b15d744620 Exception <a 'java/io/FileNotFoundException'{0x000000008e1ba280}> (0x000000008e1ba280) 
thrown [s\open\src\hotspot\share\prims\jni.cpp, line 516]
Event: 8.285 Thread 0x000001b15d744620 Exception <a 'java/io/FileNotFoundException'{0x000000008e1bb138}> (0x000000008e1bb138) 
thrown [s\open\src\hotspot\share\prims\jni.cpp, line 516]
Event: 8.286 Thread 0x000001b15d744620 Exception <a 'java/io/FileNotFoundException'{0x000000008e1c0520}> (0x000000008e1c0520) 
thrown [s\open\src\hotspot\share\prims\jni.cpp, line 516]
Event: 8.286 Thread 0x000001b15d744620 Exception <a 'java/io/FileNotFoundException'{0x000000008e1c12f0}> (0x000000008e1c12f0) 
thrown [s\open\src\hotspot\share\prims\jni.cpp, line 516]
Event: 8.286 Thread 0x000001b15d744620 Exception <a 'java/io/FileNotFoundException'{0x000000008e1c21a8}> (0x000000008e1c21a8) 
thrown [s\open\src\hotspot\share\prims\jni.cpp, line 516]
Event: 8.300 Thread 0x000001b15d744620 Exception <a 'java/io/FileNotFoundException'{0x000000008e0f6550}> (0x000000008e0f6550) 
thrown [s\open\src\hotspot\share\prims\jni.cpp, line 516]
Event: 8.300 Thread 0x000001b15d744620 Exception <a 'java/io/FileNotFoundException'{0x000000008e0f7080}> (0x000000008e0f7080) 
thrown [s\open\src\hotspot\share\prims\jni.cpp, line 516]
Event: 8.300 Thread 0x000001b15d744620 Exception <a 'java/io/FileNotFoundException'{0x000000008e0f7ce0}> (0x000000008e0f7ce0) 
thrown [s\open\src\hotspot\share\prims\jni.cpp, line 516]
Event: 8.381 Thread 0x000001b15d744620 Exception <a 'java/lang/NoSuchMethodError'{0x000000008d674530}: 'void java.lang.invoke.DirectMethodHandle$Holder.invokeSpecial(java.lang.Object, java.lang.Object, int)'> (0x000000008d674530) 
thrown [s\open\src\hotspot\share\interpreter\linkResolver.cpp, line 804]
Event: 9.746 Thread 0x000001b15d744620 Exception <a 'java/io/FileNotFoundException'{0x000000008c991080}> (0x000000008c991080) 
thrown [s\open\src\hotspot\share\prims\jni.cpp, line 516]
Event: 9.747 Thread 0x000001b15d744620 Exception <a 'java/io/FileNotFoundException'{0x000000008c991ba0}> (0x000000008c991ba0) 
thrown [s\open\src\hotspot\share\prims\jni.cpp, line 516]
Event: 9.747 Thread 0x000001b15d744620 Exception <a 'java/io/FileNotFoundException'{0x000000008c9927a8}> (0x000000008c9927a8) 
thrown [s\open\src\hotspot\share\prims\jni.cpp, line 516]
Event: 14.024 Thread 0x000001b15d744620 Exception <a 'java/lang/NoSuchMethodError'{0x000000008c762468}: 'void java.lang.invoke.DirectMethodHandle$Holder.invokeStatic(java.lang.Object, java.lang.Object, java.lang.Object, java.lang.Object, java.lang.Object, java.lang.Object, java.lang.Object)'> (0x000000008c762468) 
thrown [s\open\src\hotspot\share\interpreter\linkResolver.cpp, line 804]
Event: 16.481 Thread 0x000001b15d744620 Exception <a 'java/lang/NoSuchMethodError'{0x000000008c632288}: 'java.lang.Object java.lang.invoke.DirectMethodHandle$Holder.newInvokeSpecial(java.lang.Object, java.lang.Object, int, int, int, int, int, java.lang.Object)'> (0x000000008c632288) 
thrown [s\open\src\hotspot\share\interpreter\linkResolver.cpp, line 804]

VM Operations (20 events):
Event: 0.903 Executing non-safepoint VM operation: HandshakeAllThreads (Deoptimize) done
Event: 1.123 Executing non-safepoint VM operation: HandshakeAllThreads (Deoptimize)
Event: 1.123 Executing non-safepoint VM operation: HandshakeAllThreads (Deoptimize) done
Event: 1.143 Executing non-safepoint VM operation: HandshakeAllThreads (Deoptimize)
Event: 1.143 Executing non-safepoint VM operation: HandshakeAllThreads (Deoptimize) done
Event: 1.345 Executing non-safepoint VM operation: HandshakeAllThreads (Deoptimize)
Event: 1.345 Executing non-safepoint VM operation: HandshakeAllThreads (Deoptimize) done
Event: 1.510 Executing safepoint VM operation: G1CollectForAllocation (G1 Evacuation Pause)
Event: 1.518 Executing safepoint VM operation: G1CollectForAllocation (G1 Evacuation Pause) done
Event: 1.541 Executing non-safepoint VM operation: HandshakeAllThreads (Deoptimize)
Event: 1.541 Executing non-safepoint VM operation: HandshakeAllThreads (Deoptimize) done
Event: 8.369 Executing non-safepoint VM operation: HandshakeAllThreads (Deoptimize)
Event: 8.369 Executing non-safepoint VM operation: HandshakeAllThreads (Deoptimize) done
Event: 8.438 Executing non-safepoint VM operation: HandshakeAllThreads (Deoptimize)
Event: 8.438 Executing non-safepoint VM operation: HandshakeAllThreads (Deoptimize) done
Event: 60.164 Executing non-safepoint VM operation: HandshakeAllThreads (HandshakeForDeflation)
Event: 60.164 Executing non-safepoint VM operation: HandshakeAllThreads (HandshakeForDeflation) done
Event: 60.164 Executing non-safepoint VM operation: RendezvousGCThreads
Event: 60.164 Executing non-safepoint VM operation: RendezvousGCThreads done
Event: 531.938 Executing safepoint VM operation: Exit

Memory protections (0 events):
No events

Nmethod flushes (0 events):
No events

Events (20 events):
Event: 0.574 Thread 0x000001b15d744620 Thread added: 0x000001b15d5fa3f0
Event: 0.643 Thread 0x000001b1584f9330 Thread added: 0x000001b1585aea70
Event: 1.165 Thread 0x000001b15d744620 Thread added: 0x000001b15e28a530
Event: 1.509 Thread 0x000001b15e3b8950 Thread added: 0x000001b15e28bca0
Event: 2.302 Thread 0x000001b1585aea70 Thread exited: 0x000001b1585aea70
Event: 7.577 Thread 0x000001b1584f9330 Thread added: 0x000001b15e25bda0
Event: 7.842 Thread 0x000001b15e25bda0 Thread exited: 0x000001b15e25bda0
Event: 8.395 Thread 0x000001b1584f9330 Thread added: 0x000001b15e25ad80
Event: 8.971 Thread 0x000001b15e25ad80 Thread exited: 0x000001b15e25ad80
Event: 9.527 Thread 0x000001b1584f9330 Thread added: 0x000001b15e258d40
Event: 9.741 Thread 0x000001b15e258d40 Thread exited: 0x000001b15e258d40
Event: 531.888 Thread 0x000001b1584d9200 Thread added: 0x000001b15d3484a0
Event: 531.909 Thread 0x000001b15d3484a0 Thread added: 0x000001b15d3455c0
Event: 531.909 Thread 0x000001b15d3484a0 Thread added: 0x000001b15d349440
Event: 531.912 Thread 0x000001b15d349440 Thread exited: 0x000001b15d349440
Event: 531.932 Thread 0x000001b15d3455c0 Thread added: 0x000001b15d34b380
Event: 531.937 Thread 0x000001b15d34b380 Thread exited: 0x000001b15d34b380
Event: 531.937 Thread 0x000001b15d3455c0 Thread exited: 0x000001b15d3455c0
Event: 531.937 Thread 0x000001b15d3484a0 Before exit entered
Event: 531.938 Thread 0x000001b1584d9200 Thread exited: 0x000001b1584d9200


Dynamic libraries:
0x00007ff782cc0000 - 0x00007ff782cce000 	C:\Users\duytr\.jdks\openjdk-25.0.1\bin\java.exe
0x00007ffa60fe0000 - 0x00007ffa61248000 	C:\WINDOWS\SYSTEM32\ntdll.dll
0x00007ffa60b20000 - 0x00007ffa60be9000 	C:\WINDOWS\System32\KERNEL32.DLL
0x00007ffa5e460000 - 0x00007ffa5e852000 	C:\WINDOWS\System32\KERNELBASE.dll
0x00007ffa5ec60000 - 0x00007ffa5edab000 	C:\WINDOWS\System32\ucrtbase.dll
0x00007ffa54980000 - 0x00007ffa5499e000 	C:\Users\duytr\.jdks\openjdk-25.0.1\bin\VCRUNTIME140.dll
0x00007ffa426c0000 - 0x00007ffa426d7000 	C:\Users\duytr\.jdks\openjdk-25.0.1\bin\jli.dll
0x00007ffa5fe20000 - 0x00007ffa5ffe5000 	C:\WINDOWS\System32\USER32.dll
0x00007ffa5ea60000 - 0x00007ffa5ea87000 	C:\WINDOWS\System32\win32u.dll
0x00007ffa474a0000 - 0x00007ffa47733000 	C:\WINDOWS\WinSxS\amd64_microsoft.windows.common-controls_6595b64144ccf1df_6.0.26100.6899_none_3e0efeeae32e88c1\COMCTL32.dll
0x00007ffa60a80000 - 0x00007ffa60aab000 	C:\WINDOWS\System32\GDI32.dll
0x00007ffa5ef90000 - 0x00007ffa5f039000 	C:\WINDOWS\System32\msvcrt.dll
0x00007ffa5ea90000 - 0x00007ffa5ebbd000 	C:\WINDOWS\System32\gdi32full.dll
0x00007ffa5e9b0000 - 0x00007ffa5ea53000 	C:\WINDOWS\System32\msvcp_win.dll
0x00007ffa5f9c0000 - 0x00007ffa5f9ef000 	C:\WINDOWS\System32\IMM32.DLL
0x00007ffa5b230000 - 0x00007ffa5b23c000 	C:\Users\duytr\.jdks\openjdk-25.0.1\bin\vcruntime140_1.dll
0x00007ffa2d430000 - 0x00007ffa2d4bd000 	C:\Users\duytr\.jdks\openjdk-25.0.1\bin\msvcp140.dll
0x00007ff9a3670000 - 0x00007ff9a44cf000 	C:\Users\duytr\.jdks\openjdk-25.0.1\bin\server\jvm.dll
0x00007ffa60bf0000 - 0x00007ffa60ca4000 	C:\WINDOWS\System32\ADVAPI32.dll
0x00007ffa5edb0000 - 0x00007ffa5ee56000 	C:\WINDOWS\System32\sechost.dll
0x00007ffa5ee70000 - 0x00007ffa5ef88000 	C:\WINDOWS\System32\RPCRT4.dll
0x00007ffa60580000 - 0x00007ffa605f4000 	C:\WINDOWS\System32\WS2_32.dll
0x00007ffa5dfd0000 - 0x00007ffa5e02e000 	C:\WINDOWS\SYSTEM32\POWRPROF.dll
0x00007ffa47c20000 - 0x00007ffa47c55000 	C:\WINDOWS\SYSTEM32\WINMM.dll
0x00007ffa4ac00000 - 0x00007ffa4ac0b000 	C:\WINDOWS\SYSTEM32\VERSION.dll
0x00007ffa5dfb0000 - 0x00007ffa5dfc4000 	C:\WINDOWS\SYSTEM32\UMPDC.dll
0x00007ffa5cf40000 - 0x00007ffa5cf5b000 	C:\WINDOWS\SYSTEM32\kernel.appcore.dll
0x00007ffa5b1b0000 - 0x00007ffa5b1ba000 	C:\Users\duytr\.jdks\openjdk-25.0.1\bin\jimage.dll
0x00007ffa58da0000 - 0x00007ffa58fe2000 	C:\WINDOWS\SYSTEM32\DBGHELP.DLL
0x00007ffa5faa0000 - 0x00007ffa5fe1b000 	C:\WINDOWS\System32\combase.dll
0x00007ffa607d0000 - 0x00007ffa608a7000 	C:\WINDOWS\System32\OLEAUT32.dll
0x00007ffa327c0000 - 0x00007ffa327fc000 	C:\WINDOWS\SYSTEM32\dbgcore.DLL
0x00007ffa5ebc0000 - 0x00007ffa5ec58000 	C:\WINDOWS\System32\bcryptPrimitives.dll
0x00007ffa55240000 - 0x00007ffa55250000 	C:\Users\duytr\.jdks\openjdk-25.0.1\bin\instrument.dll
0x00007ffa42350000 - 0x00007ffa4236f000 	C:\Users\duytr\.jdks\openjdk-25.0.1\bin\java.dll
0x00007ffa60630000 - 0x00007ffa607c8000 	C:\WINDOWS\System32\ole32.dll
0x00007ffa5f270000 - 0x00007ffa5f9bd000 	C:\WINDOWS\System32\SHELL32.dll
0x00007ffa5e2f0000 - 0x00007ffa5e45b000 	C:\WINDOWS\System32\wintypes.dll
0x00007ffa5bde0000 - 0x00007ffa5c63d000 	C:\WINDOWS\SYSTEM32\windows.storage.dll
0x00007ffa5fff0000 - 0x00007ffa600e2000 	C:\WINDOWS\System32\SHCORE.dll
0x00007ffa60ab0000 - 0x00007ffa60b12000 	C:\WINDOWS\System32\shlwapi.dll
0x00007ffa5e090000 - 0x00007ffa5e0b9000 	C:\WINDOWS\SYSTEM32\profapi.dll
0x00007ffa42080000 - 0x00007ffa42092000 	C:\Users\duytr\.jdks\openjdk-25.0.1\bin\net.dll
0x00007ffa5d4b0000 - 0x00007ffa5d51b000 	C:\WINDOWS\system32\mswsock.dll
0x00007ffa3f530000 - 0x00007ffa3f546000 	C:\Users\duytr\.jdks\openjdk-25.0.1\bin\nio.dll
0x00007ffa38b40000 - 0x00007ffa38b57000 	C:\Users\duytr\.jdks\openjdk-25.0.1\bin\zip.dll
0x00007ffa456e0000 - 0x00007ffa456e9000 	C:\Users\duytr\.jdks\openjdk-25.0.1\bin\extnet.dll
0x000001b139f20000 - 0x000001b139f24000 	C:\javafx-sdk-25.0.1\bin\api-ms-win-core-console-l1-1-0.dll
0x000001b139f30000 - 0x000001b139f34000 	C:\javafx-sdk-25.0.1\bin\api-ms-win-core-console-l1-2-0.dll
0x000001b139fa0000 - 0x000001b139fa4000 	C:\javafx-sdk-25.0.1\bin\api-ms-win-core-datetime-l1-1-0.dll
0x000001b139fb0000 - 0x000001b139fb4000 	C:\javafx-sdk-25.0.1\bin\api-ms-win-core-debug-l1-1-0.dll
0x000001b139fc0000 - 0x000001b139fc4000 	C:\javafx-sdk-25.0.1\bin\api-ms-win-core-errorhandling-l1-1-0.dll
0x000001b139fd0000 - 0x000001b139fd5000 	C:\javafx-sdk-25.0.1\bin\api-ms-win-core-file-l1-1-0.dll
0x000001b139fe0000 - 0x000001b139fe4000 	C:\javafx-sdk-25.0.1\bin\api-ms-win-core-file-l1-2-0.dll
0x000001b13c040000 - 0x000001b13c044000 	C:\javafx-sdk-25.0.1\bin\api-ms-win-core-file-l2-1-0.dll
0x000001b13c050000 - 0x000001b13c054000 	C:\javafx-sdk-25.0.1\bin\api-ms-win-core-handle-l1-1-0.dll
0x000001b13c060000 - 0x000001b13c064000 	C:\javafx-sdk-25.0.1\bin\api-ms-win-core-heap-l1-1-0.dll
0x000001b13c070000 - 0x000001b13c074000 	C:\javafx-sdk-25.0.1\bin\api-ms-win-core-interlocked-l1-1-0.dll
0x000001b13c080000 - 0x000001b13c084000 	C:\javafx-sdk-25.0.1\bin\api-ms-win-core-libraryloader-l1-1-0.dll
0x000001b13c090000 - 0x000001b13c094000 	C:\javafx-sdk-25.0.1\bin\api-ms-win-core-localization-l1-2-0.dll
0x000001b13c0a0000 - 0x000001b13c0a4000 	C:\javafx-sdk-25.0.1\bin\api-ms-win-core-memory-l1-1-0.dll
0x000001b1589a0000 - 0x000001b1589a4000 	C:\javafx-sdk-25.0.1\bin\api-ms-win-core-namedpipe-l1-1-0.dll
0x000001b1589b0000 - 0x000001b1589b4000 	C:\javafx-sdk-25.0.1\bin\api-ms-win-core-processenvironment-l1-1-0.dll
0x000001b1589c0000 - 0x000001b1589c4000 	C:\javafx-sdk-25.0.1\bin\api-ms-win-core-processthreads-l1-1-0.dll
0x000001b1589d0000 - 0x000001b1589d4000 	C:\javafx-sdk-25.0.1\bin\api-ms-win-core-processthreads-l1-1-1.dll
0x000001b1589e0000 - 0x000001b1589e4000 	C:\javafx-sdk-25.0.1\bin\api-ms-win-core-profile-l1-1-0.dll
0x000001b1589f0000 - 0x000001b1589f4000 	C:\javafx-sdk-25.0.1\bin\api-ms-win-core-rtlsupport-l1-1-0.dll
0x000001b158a00000 - 0x000001b158a04000 	C:\javafx-sdk-25.0.1\bin\api-ms-win-core-string-l1-1-0.dll
0x000001b158a10000 - 0x000001b158a14000 	C:\javafx-sdk-25.0.1\bin\api-ms-win-core-synch-l1-1-0.dll
0x000001b158a20000 - 0x000001b158a24000 	C:\javafx-sdk-25.0.1\bin\api-ms-win-core-synch-l1-2-0.dll
0x000001b158a30000 - 0x000001b158a34000 	C:\javafx-sdk-25.0.1\bin\api-ms-win-core-sysinfo-l1-1-0.dll
0x000001b158a40000 - 0x000001b158a44000 	C:\javafx-sdk-25.0.1\bin\api-ms-win-core-timezone-l1-1-0.dll
0x000001b158a50000 - 0x000001b158a54000 	C:\javafx-sdk-25.0.1\bin\api-ms-win-core-util-l1-1-0.dll
0x000001b158a60000 - 0x000001b158a64000 	C:\javafx-sdk-25.0.1\bin\api-ms-win-crt-conio-l1-1-0.dll
0x000001b158a70000 - 0x000001b158a75000 	C:\javafx-sdk-25.0.1\bin\api-ms-win-crt-convert-l1-1-0.dll
0x000001b158a80000 - 0x000001b158a84000 	C:\javafx-sdk-25.0.1\bin\api-ms-win-crt-environment-l1-1-0.dll
0x000001b158a90000 - 0x000001b158a94000 	C:\javafx-sdk-25.0.1\bin\api-ms-win-crt-filesystem-l1-1-0.dll
0x000001b158aa0000 - 0x000001b158aa4000 	C:\javafx-sdk-25.0.1\bin\api-ms-win-crt-heap-l1-1-0.dll
0x000001b158ab0000 - 0x000001b158ab4000 	C:\javafx-sdk-25.0.1\bin\api-ms-win-crt-locale-l1-1-0.dll
0x000001b158ac0000 - 0x000001b158ac6000 	C:\javafx-sdk-25.0.1\bin\api-ms-win-crt-math-l1-1-0.dll
0x000001b158ad0000 - 0x000001b158ad6000 	C:\javafx-sdk-25.0.1\bin\api-ms-win-crt-multibyte-l1-1-0.dll
0x000001b158ae0000 - 0x000001b158af1000 	C:\javafx-sdk-25.0.1\bin\api-ms-win-crt-private-l1-1-0.dll
0x000001b158b00000 - 0x000001b158b04000 	C:\javafx-sdk-25.0.1\bin\api-ms-win-crt-process-l1-1-0.dll
0x000001b158d50000 - 0x000001b158d55000 	C:\javafx-sdk-25.0.1\bin\api-ms-win-crt-runtime-l1-1-0.dll
0x000001b158d60000 - 0x000001b158d65000 	C:\javafx-sdk-25.0.1\bin\api-ms-win-crt-stdio-l1-1-0.dll
0x000001b158d70000 - 0x000001b158d75000 	C:\javafx-sdk-25.0.1\bin\api-ms-win-crt-string-l1-1-0.dll
0x000001b158d80000 - 0x000001b158d84000 	C:\javafx-sdk-25.0.1\bin\api-ms-win-crt-time-l1-1-0.dll
0x000001b158d90000 - 0x000001b158d94000 	C:\javafx-sdk-25.0.1\bin\api-ms-win-crt-utility-l1-1-0.dll
0x00007ffa1dba0000 - 0x00007ffa1dcb1000 	C:\javafx-sdk-25.0.1\bin\ucrtbase.dll
0x00007ffa354c0000 - 0x00007ffa354de000 	C:\javafx-sdk-25.0.1\bin\vcruntime140.dll
0x00007ffa44040000 - 0x00007ffa4404c000 	C:\javafx-sdk-25.0.1\bin\vcruntime140_1.dll
0x00007ffa1da60000 - 0x00007ffa1daed000 	C:\javafx-sdk-25.0.1\bin\msvcp140.dll
0x00007ffa42730000 - 0x00007ffa42739000 	C:\javafx-sdk-25.0.1\bin\msvcp140_1.dll
0x00007ffa1db50000 - 0x00007ffa1db91000 	C:\javafx-sdk-25.0.1\bin\msvcp140_2.dll
0x00007ffa29cd0000 - 0x00007ffa29d00000 	C:\javafx-sdk-25.0.1\bin\prism_d3d.dll
0x00007ff9fd490000 - 0x00007ff9fd640000 	C:\WINDOWS\system32\d3d9.dll
0x00007ffa5b740000 - 0x00007ffa5b76d000 	C:\WINDOWS\SYSTEM32\dwmapi.dll
0x00007ffa5b6f0000 - 0x00007ffa5b734000 	C:\WINDOWS\SYSTEM32\dxcore.dll
0x00007ffa5b5d0000 - 0x00007ffa5b67a000 	C:\WINDOWS\system32\uxtheme.dll
0x00007ff9dd3f0000 - 0x00007ff9dd59c000 	C:\WINDOWS\System32\DriverStore\FileRepository\iigd_dch.inf_amd64_86def921271c86b5\igdumdim64.dll
0x00007ff9d9790000 - 0x00007ff9dd3ec000 	C:\WINDOWS\System32\DriverStore\FileRepository\iigd_dch.inf_amd64_86def921271c86b5\igd9dxva64.dll
0x00007ffa600f0000 - 0x00007ffa60578000 	C:\WINDOWS\System32\SETUPAPI.dll
0x00007ffa5dcf0000 - 0x00007ffa5dd47000 	C:\WINDOWS\SYSTEM32\cfgmgr32.dll
0x00007ffa52bc0000 - 0x00007ffa52fb0000 	C:\WINDOWS\System32\DriverStore\FileRepository\iigd_dch.inf_amd64_86def921271c86b5\igdgmm64.dll
0x00007ffa55110000 - 0x00007ffa55173000 	C:\WINDOWS\SYSTEM32\directxdatabasehelper.dll
0x00007ffa1da10000 - 0x00007ffa1da59000 	C:\javafx-sdk-25.0.1\bin\glass.dll
0x00007ffa60d60000 - 0x00007ffa60e53000 	C:\WINDOWS\System32\COMDLG32.dll
0x00007ffa60ee0000 - 0x00007ffa60f91000 	C:\WINDOWS\System32\clbcatq.dll
0x00007ffa3e2d0000 - 0x00007ffa3e420000 	C:\Windows\System32\Windows.UI.dll
0x00007ffa312f0000 - 0x00007ffa313ab000 	C:\Windows\System32\Windows.Networking.Connectivity.dll
0x00007ffa4bb80000 - 0x00007ffa4bdc5000 	C:\Windows\System32\twinapi.appcore.dll
0x00007ffa608b0000 - 0x00007ffa60a0b000 	C:\WINDOWS\System32\MSCTF.dll
0x00007ffa248b0000 - 0x00007ffa248d7000 	C:\WINDOWS\System32\DriverStore\FileRepository\iigd_dch.inf_amd64_86def921271c86b5\igdinfo64.dll
0x00007ffa5d760000 - 0x00007ffa5d77b000 	C:\WINDOWS\SYSTEM32\CRYPTSP.dll
0x00007ffa5cea0000 - 0x00007ffa5cedb000 	C:\WINDOWS\system32\rsaenh.dll
0x00007ffa5d780000 - 0x00007ffa5d78c000 	C:\WINDOWS\SYSTEM32\CRYPTBASE.dll
0x00007ffa5e060000 - 0x00007ffa5e086000 	C:\WINDOWS\SYSTEM32\bcrypt.dll
0x00007ffa4e570000 - 0x00007ffa52bb4000 	C:\WINDOWS\System32\DriverStore\FileRepository\iigd_dch.inf_amd64_86def921271c86b5\igc64.dll
0x00007ffa2ae00000 - 0x00007ffa2af4e000 	C:\Windows\System32\Windows.UI.Immersive.dll
0x00007ffa4a600000 - 0x00007ffa4a619000 	C:\WINDOWS\System32\npmproxy.dll
0x00007ffa4c790000 - 0x00007ffa4c81e000 	C:\WINDOWS\SYSTEM32\wlanapi.dll
0x00007ffa4cd30000 - 0x00007ffa4cd52000 	C:\WINDOWS\SYSTEM32\MobileNetworking.dll
0x00007ffa5ca10000 - 0x00007ffa5ca44000 	C:\Windows\System32\IPHLPAPI.DLL
0x00007ffa60a10000 - 0x00007ffa60a1a000 	C:\WINDOWS\System32\NSI.dll
0x00007ffa40560000 - 0x00007ffa40573000 	C:\Windows\System32\dusmapi.dll
0x00007ffa22f00000 - 0x00007ffa22f15000 	C:\javafx-sdk-25.0.1\bin\javafx_font.dll
0x00007ffa59aa0000 - 0x00007ffa59d07000 	C:\WINDOWS\SYSTEM32\dwrite.dll
0x00007ffa593d0000 - 0x00007ffa59600000 	C:\WINDOWS\SYSTEM32\WindowsCodecs.dll

JVMTI agents:
C:\Program Files\JetBrains\IntelliJ IDEA 2025.2.4\lib\idea_rt.jar path:C:\Users\duytr\.jdks\openjdk-25.0.1\bin\instrument.dll, loaded, initialized, instrumentlib options:57309

dbghelp: loaded successfully - version: 4.0.5 - missing functions: none
symbol engine: initialized successfully - sym options: 0x614 - pdb path: .;C:\Users\duytr\.jdks\openjdk-25.0.1\bin;C:\WINDOWS\SYSTEM32;C:\WINDOWS\WinSxS\amd64_microsoft.windows.common-controls_6595b64144ccf1df_6.0.26100.6899_none_3e0efeeae32e88c1;C:\Users\duytr\.jdks\openjdk-25.0.1\bin\server;C:\javafx-sdk-25.0.1\bin;C:\WINDOWS\System32\DriverStore\FileRepository\iigd_dch.inf_amd64_86def921271c86b5;C:\Program Files\Common Files\Microsoft Shared\Ink

VM Arguments:
jvm_args: --module-path=C:\javafx-sdk-25.0.1\lib --add-modules=javafx.controls,javafx.fxml -javaagent:C:\Program Files\JetBrains\IntelliJ IDEA 2025.2.4\lib\idea_rt.jar=57309 -Dfile.encoding=UTF-8 -Dsun.stdout.encoding=UTF-8 -Dsun.stderr.encoding=UTF-8 
java_command: Main
java_class_path (initial): C:\Users\duytr\IdeaProjects\untitled1\out\production\untitled1;C:\javafx-sdk-25.0.1\lib\javafx-swt.jar;C:\javafx-sdk-25.0.1\lib\javafx.web.jar;C:\javafx-sdk-25.0.1\lib\javafx.base.jar;C:\javafx-sdk-25.0.1\lib\javafx.fxml.jar;C:\javafx-sdk-25.0.1\lib\javafx.media.jar;C:\javafx-sdk-25.0.1\lib\javafx.swing.jar;C:\javafx-sdk-25.0.1\lib\jdk.jsobject.jar;C:\javafx-sdk-25.0.1\lib\javafx.controls.jar;C:\javafx-sdk-25.0.1\lib\javafx.graphics.jar;C:\javafx-sdk-25.0.1\lib\jfx.incubator.input.jar;C:\javafx-sdk-25.0.1\lib\jfx.incubator.richtext.jar
Launcher Type: SUN_STANDARD

[Global flags]
     intx CICompilerCount                          = 3                                         {product} {ergonomic}
     uint ConcGCThreads                            = 1                                         {product} {ergonomic}
     uint G1ConcRefinementThreads                  = 4                                         {product} {ergonomic}
   size_t G1HeapRegionSize                         = 1048576                                   {product} {ergonomic}
   size_t InitialHeapSize                          = 127926272                                 {product} {ergonomic}
   size_t MarkStackSize                            = 4194304                                   {product} {ergonomic}
   size_t MarkStackSizeMax                         = 536870912                                 {product} {ergonomic}
   size_t MaxHeapSize                              = 2030043136                                {product} {ergonomic}
   size_t MaxNewSize                               = 1217396736                                {product} {ergonomic}
   size_t MinHeapDeltaBytes                        = 1048576                                   {product} {ergonomic}
   size_t MinHeapSize                              = 8388608                                   {product} {ergonomic}
    uintx NonNMethodCodeHeapSize                   = 5832704                                {pd product} {ergonomic}
    uintx NonProfiledCodeHeapSize                  = 122945536                              {pd product} {ergonomic}
    uintx ProfiledCodeHeapSize                     = 122880000                              {pd product} {ergonomic}
    uintx ReservedCodeCacheSize                    = 251658240                              {pd product} {ergonomic}
     bool SegmentedCodeCache                       = true                                      {product} {ergonomic}
   size_t SoftMaxHeapSize                          = 2030043136                             {manageable} {ergonomic}
     bool UseCompressedOops                        = true                           {product lp64_product} {ergonomic}
     bool UseG1GC                                  = true                                      {product} {ergonomic}
     bool UseLargePagesIndividualAllocation        = false                                  {pd product} {ergonomic}

Logging:
Log output configuration:
 #0: stdout all=off uptime,level,tags foldmultilines=false
 #1: stderr all=off uptime,level,tags foldmultilines=false

Release file:
IMPLEMENTOR="Oracle Corporation" 
JAVA_RUNTIME_VERSION="25.0.1+8-27" 
JAVA_VERSION="25.0.1" 
JAVA_VERSION_DATE="2025-10-21" 
LIBC="default" 
MODULES="java.base java.compiler java.datatransfer java.xml java.prefs java.desktop java.instrument java.logging java.management java.security.sasl java.naming java.rmi java.management.rmi java.net.http java.scripting java.security.jgss java.transaction.xa java.sql java.sql.rowset java.xml.crypto java.se java.smartcardio jdk.accessibility jdk.internal.jvmstat jdk.attach jdk.charsets jdk.internal.opt jdk.zipfs jdk.compiler jdk.crypto.cryptoki jdk.crypto.ec jdk.crypto.mscapi jdk.dynalink jdk.internal.ed jdk.editpad jdk.internal.vm.ci jdk.graal.compiler jdk.graal.compiler.management jdk.hotspot.agent jdk.httpserver jdk.incubator.vector jdk.internal.le jdk.internal.md jdk.jartool jdk.javadoc jdk.jcmd jdk.management jdk.management.agent jdk.jconsole jdk.jdeps jdk.jdwp.agent jdk.jdi jdk.jfr jdk.jlink jdk.jpackage jdk.jshell jdk.jsobject jdk.jstatd jdk.localedata jdk.management.jfr jdk.naming.dns jdk.naming.rmi jdk.net jdk.nio.mapmode jdk.sctp jdk.security.auth jdk.security.jgss jdk.unsupported jdk.unsupported.desktop jdk.xml.dom" 
OS_ARCH="x86_64" 
OS_NAME="Windows" 
SOURCE=".:git:78770bfaefd2" 

Environment Variables:
PATH=C:\Program Files (x86)\Common Files\Oracle\Java\java8path;C:\Program Files (x86)\Common Files\Oracle\Java\javapath;C:\WINDOWS\system32;C:\WINDOWS;C:\WINDOWS\System32\Wbem;C:\WINDOWS\System32\WindowsPowerShell\v1.0\;C:\WINDOWS\System32\OpenSSH\;C:\Users\duytr\AppData\Local\Programs\Python\Launcher\;C:\Users\duytr\AppData\Local\Microsoft\WindowsApps;C:\Users\duytr\AppData\Local\Programs\Microsoft VS Code\bin;
USERNAME=Thanh Nguyen
OS=Windows_NT
PROCESSOR_IDENTIFIER=Intel64 Family 6 Model 140 Stepping 1, GenuineIntel
TMP=C:\Users\duytr\AppData\Local\Temp
TEMP=C:\Users\duytr\AppData\Local\Temp




Compilation memory statistics disabled.

Periodic native trim disabled

---------------  S Y S T E M  ---------------

OS:
 Windows 11 , 64 bit Build 26100 (10.0.26100.6725)
OS uptime: 6 days 2:44 hours

CPU: total 4 (initial active 4) (2 cores per cpu, 2 threads per core) family 6 model 140 stepping 1 microcode 0xa4, cx8, cmov, fxsr, ht, mmx, 3dnowpref, sse, sse2, sse3, ssse3, sse4.1, sse4.2, popcnt, lzcnt, tsc, tscinvbit, avx, avx2, aes, erms, clmul, bmi1, bmi2, adx, avx512f, avx512dq, avx512cd, avx512bw, avx512vl, sha, fma, vzeroupper, avx512_vpopcntdq, avx512_vpclmulqdq, avx512_vaes, avx512_vnni, clflush, clflushopt, clwb, avx512_vbmi2, avx512_vbmi, rdtscp, rdpid, fsrm, gfni, avx512_bitalg, f16c, pku, cet_ibt, cet_ss, avx512_ifma
Processor Information for the first 4 processors :
  Max Mhz: 2995, Current Mhz: 2995, Mhz Limit: 2995

Memory: 4k page, system-wide physical 7739M (1203M free)
TotalPageFile size 19505M (AvailPageFile size 1973M)
current process WorkingSet (physical memory assigned to process): 37M, peak: 265M
current process commit charge ("private bytes"): 319M, peak: 351M

vm_info: OpenJDK 64-Bit Server VM (25.0.1+8-27) for windows-amd64 JRE (25.0.1+8-27), built on 2025-09-25T16:41:16Z with unknown MS VC++:1943

END.
